Archive member included because of file (symbol)

C:\marmalade\7.1\s3e\edk\lib\android\libedk.a(IwDebug.o)
                              debug\GAIDWrapper_platform.os (IwDebugTraceSetTraceChannel)
C:\marmalade\7.1\s3e\edk\lib\android\libedk.a(edk_helpers.o)
                              debug\GAIDWrapper_platform.os (s3eEdkThreadRunOnOS)
c:/Users/John/tools/android-ndk-r8c/toolchains/arm-linux-androideabi-4.4.3/prebuilt/windows/bin/../lib/gcc/arm-linux-androideabi/4.4.3\libgcc.a(_aeabi_ldivmod.o)
                              C:\marmalade\7.1\s3e\edk\lib\android\libedk.a(IwDebug.o) (__aeabi_ldivmod)
c:/Users/John/tools/android-ndk-r8c/toolchains/arm-linux-androideabi-4.4.3/prebuilt/windows/bin/../lib/gcc/arm-linux-androideabi/4.4.3\libgcc.a(bpabi.o)
                              c:/Users/John/tools/android-ndk-r8c/toolchains/arm-linux-androideabi-4.4.3/prebuilt/windows/bin/../lib/gcc/arm-linux-androideabi/4.4.3\libgcc.a(_aeabi_ldivmod.o) (__gnu_ldivmod_helper)
c:/Users/John/tools/android-ndk-r8c/toolchains/arm-linux-androideabi-4.4.3/prebuilt/windows/bin/../lib/gcc/arm-linux-androideabi/4.4.3\libgcc.a(unwind-arm.o)
                              c:/Users/John/tools/android-ndk-r8c/toolchains/arm-linux-androideabi-4.4.3/prebuilt/windows/bin/../lib/gcc/arm-linux-androideabi/4.4.3\libgcc.a(bpabi.o) (__aeabi_unwind_cpp_pr0)
c:/Users/John/tools/android-ndk-r8c/toolchains/arm-linux-androideabi-4.4.3/prebuilt/windows/bin/../lib/gcc/arm-linux-androideabi/4.4.3\libgcc.a(libunwind.o)
                              c:/Users/John/tools/android-ndk-r8c/toolchains/arm-linux-androideabi-4.4.3/prebuilt/windows/bin/../lib/gcc/arm-linux-androideabi/4.4.3\libgcc.a(unwind-arm.o) (restore_core_regs)
c:/Users/John/tools/android-ndk-r8c/toolchains/arm-linux-androideabi-4.4.3/prebuilt/windows/bin/../lib/gcc/arm-linux-androideabi/4.4.3\libgcc.a(pr-support.o)
                              c:/Users/John/tools/android-ndk-r8c/toolchains/arm-linux-androideabi-4.4.3/prebuilt/windows/bin/../lib/gcc/arm-linux-androideabi/4.4.3\libgcc.a(unwind-arm.o) (__gnu_unwind_execute)
c:/Users/John/tools/android-ndk-r8c/toolchains/arm-linux-androideabi-4.4.3/prebuilt/windows/bin/../lib/gcc/arm-linux-androideabi/4.4.3\libgcc.a(_divdi3.o)
                              c:/Users/John/tools/android-ndk-r8c/toolchains/arm-linux-androideabi-4.4.3/prebuilt/windows/bin/../lib/gcc/arm-linux-androideabi/4.4.3\libgcc.a(bpabi.o) (__divdi3)
c:/Users/John/tools/android-ndk-r8c/toolchains/arm-linux-androideabi-4.4.3/prebuilt/windows/bin/../lib/gcc/arm-linux-androideabi/4.4.3\libgcc.a(_udivdi3.o)
                              c:/Users/John/tools/android-ndk-r8c/toolchains/arm-linux-androideabi-4.4.3/prebuilt/windows/bin/../lib/gcc/arm-linux-androideabi/4.4.3\libgcc.a(bpabi.o) (__udivdi3)
c:/Users/John/tools/android-ndk-r8c/toolchains/arm-linux-androideabi-4.4.3/prebuilt/windows/bin/../lib/gcc/arm-linux-androideabi/4.4.3\libgcc.a(_udivsi3.o)
                              c:/Users/John/tools/android-ndk-r8c/toolchains/arm-linux-androideabi-4.4.3/prebuilt/windows/bin/../lib/gcc/arm-linux-androideabi/4.4.3\libgcc.a(_divdi3.o) (__aeabi_uidiv)
c:/Users/John/tools/android-ndk-r8c/toolchains/arm-linux-androideabi-4.4.3/prebuilt/windows/bin/../lib/gcc/arm-linux-androideabi/4.4.3\libgcc.a(_dvmd_lnx.o)
                              c:/Users/John/tools/android-ndk-r8c/toolchains/arm-linux-androideabi-4.4.3/prebuilt/windows/bin/../lib/gcc/arm-linux-androideabi/4.4.3\libgcc.a(_udivsi3.o) (__div0)

Discarded input sections

 .text          0x00000000        0x0 C:/Users/John/tools/android-ndk-r8c/platforms/android-9/arch-arm/usr/lib/crtbegin_so.o
 .bss           0x00000000        0x0 C:/Users/John/tools/android-ndk-r8c/platforms/android-9/arch-arm/usr/lib/crtbegin_so.o
 .note.GNU-stack
                0x00000000        0x0 C:/Users/John/tools/android-ndk-r8c/platforms/android-9/arch-arm/usr/lib/crtbegin_so.o
 _ZN7_JNIEnv9FindClassEPKc
                0x00000000        0x0 debug\GAIDWrapper_platform.os
 _ZN7_JNIEnv17ExceptionOccurredEv
                0x00000000        0x0 debug\GAIDWrapper_platform.os
 _ZN7_JNIEnv17ExceptionDescribeEv
                0x00000000        0x0 debug\GAIDWrapper_platform.os
 _ZN7_JNIEnv14ExceptionClearEv
                0x00000000        0x0 debug\GAIDWrapper_platform.os
 _ZN7_JNIEnv12NewGlobalRefEP8_jobject
                0x00000000        0x0 debug\GAIDWrapper_platform.os
 _ZN7_JNIEnv15DeleteGlobalRefEP8_jobject
                0x00000000        0x0 debug\GAIDWrapper_platform.os
 _ZN7_JNIEnv14DeleteLocalRefEP8_jobject
                0x00000000        0x0 debug\GAIDWrapper_platform.os
 _ZN7_JNIEnv9NewObjectEP7_jclassP10_jmethodIDz
                0x00000000        0x0 debug\GAIDWrapper_platform.os
 _ZN7_JNIEnv11GetMethodIDEP7_jclassPKcS3_
                0x00000000        0x0 debug\GAIDWrapper_platform.os
 _ZN7_JNIEnv14CallVoidMethodEP8_jobjectP10_jmethodIDz
                0x00000000        0x0 debug\GAIDWrapper_platform.os
 _ZN7_JNIEnv17GetStringUTFCharsEP8_jstringPh
                0x00000000        0x0 debug\GAIDWrapper_platform.os
 _ZN7_JNIEnv15RegisterNativesEP7_jclassPK15JNINativeMethodi
                0x00000000        0x0 debug\GAIDWrapper_platform.os
 _ZN7_JavaVM6GetEnvEPPvi
                0x00000000        0x0 debug\GAIDWrapper_platform.os
 .text          0x00000000        0x0 debug\GAIDWrapper_platform.os
 .data          0x00000000        0x0 debug\GAIDWrapper_platform.os
 .note.GNU-stack
                0x00000000        0x0 debug\GAIDWrapper_platform.os
 .text          0x00000000        0x0 debug\GAIDWrapper.os
 .data          0x00000000        0x0 debug\GAIDWrapper.os
 .bss           0x00000000        0x0 debug\GAIDWrapper.os
 .note.GNU-stack
                0x00000000        0x0 debug\GAIDWrapper.os
 .text          0x00000000        0x0 debug\GAIDWrapper_register.os
 .data          0x00000000        0x0 debug\GAIDWrapper_register.os
 .bss           0x00000000        0x0 debug\GAIDWrapper_register.os
 .note.GNU-stack
                0x00000000        0x0 debug\GAIDWrapper_register.os
 .text          0x00000000        0x0 C:\marmalade\7.1\s3e\edk\lib\android\libedk.a(IwDebug.o)
 .data          0x00000000        0x0 C:\marmalade\7.1\s3e\edk\lib\android\libedk.a(IwDebug.o)
 .text.IwAssertRegisterTextCallback
                0x00000000        0x0 C:\marmalade\7.1\s3e\edk\lib\android\libedk.a(IwDebug.o)
 .text.IwAssertRegisterCallback
                0x00000000        0x0 C:\marmalade\7.1\s3e\edk\lib\android\libedk.a(IwDebug.o)
 .text.IwDebugErrorRegisterCallback
                0x00000000        0x0 C:\marmalade\7.1\s3e\edk\lib\android\libedk.a(IwDebug.o)
 .text.IwDebugAssertSetUID
                0x00000000        0x0 C:\marmalade\7.1\s3e\edk\lib\android\libedk.a(IwDebug.o)
 .text.IwDebugClearConfigCache
                0x00000000        0x0 C:\marmalade\7.1\s3e\edk\lib\android\libedk.a(IwDebug.o)
 .text.IwDebugErrorShow
                0x00000000        0x0 C:\marmalade\7.1\s3e\edk\lib\android\libedk.a(IwDebug.o)
 .text.IwDebugTraceLineVPrintf
                0x00000000        0x0 C:\marmalade\7.1\s3e\edk\lib\android\libedk.a(IwDebug.o)
 .text.IwDebugAssertIsChannelOn
                0x00000000        0x0 C:\marmalade\7.1\s3e\edk\lib\android\libedk.a(IwDebug.o)
 .text.IwDebugTraceDisable
                0x00000000        0x0 C:\marmalade\7.1\s3e\edk\lib\android\libedk.a(IwDebug.o)
 .text.IwDebugAssertSetMessage
                0x00000000        0x0 C:\marmalade\7.1\s3e\edk\lib\android\libedk.a(IwDebug.o)
 .text.IwDebugAssertSetSolution
                0x00000000        0x0 C:\marmalade\7.1\s3e\edk\lib\android\libedk.a(IwDebug.o)
 .text.IwDebugAssertShow
                0x00000000        0x0 C:\marmalade\7.1\s3e\edk\lib\android\libedk.a(IwDebug.o)
 .text.IwDebugTraceChannelSwitch
                0x00000000        0x0 C:\marmalade\7.1\s3e\edk\lib\android\libedk.a(IwDebug.o)
 .note.GNU-stack
                0x00000000        0x0 C:\marmalade\7.1\s3e\edk\lib\android\libedk.a(IwDebug.o)
 .text          0x00000000        0x0 C:\marmalade\7.1\s3e\edk\lib\android\libedk.a(edk_helpers.o)
 .data          0x00000000        0x0 C:\marmalade\7.1\s3e\edk\lib\android\libedk.a(edk_helpers.o)
 .bss           0x00000000        0x0 C:\marmalade\7.1\s3e\edk\lib\android\libedk.a(edk_helpers.o)
 .text.s3eEdkThreadRunOnOSAsync
                0x00000000        0x0 C:\marmalade\7.1\s3e\edk\lib\android\libedk.a(edk_helpers.o)
 .text.s3eEdkErrorSetString
                0x00000000        0x0 C:\marmalade\7.1\s3e\edk\lib\android\libedk.a(edk_helpers.o)
 .note.GNU-stack
                0x00000000        0x0 C:\marmalade\7.1\s3e\edk\lib\android\libedk.a(edk_helpers.o)
 .data          0x00000000        0x0 c:/Users/John/tools/android-ndk-r8c/toolchains/arm-linux-androideabi-4.4.3/prebuilt/windows/bin/../lib/gcc/arm-linux-androideabi/4.4.3\libgcc.a(_aeabi_ldivmod.o)
 .bss           0x00000000        0x0 c:/Users/John/tools/android-ndk-r8c/toolchains/arm-linux-androideabi-4.4.3/prebuilt/windows/bin/../lib/gcc/arm-linux-androideabi/4.4.3\libgcc.a(_aeabi_ldivmod.o)
 .note.GNU-stack
                0x00000000        0x0 c:/Users/John/tools/android-ndk-r8c/toolchains/arm-linux-androideabi-4.4.3/prebuilt/windows/bin/../lib/gcc/arm-linux-androideabi/4.4.3\libgcc.a(_aeabi_ldivmod.o)
 .data          0x00000000        0x0 c:/Users/John/tools/android-ndk-r8c/toolchains/arm-linux-androideabi-4.4.3/prebuilt/windows/bin/../lib/gcc/arm-linux-androideabi/4.4.3\libgcc.a(bpabi.o)
 .bss           0x00000000        0x0 c:/Users/John/tools/android-ndk-r8c/toolchains/arm-linux-androideabi-4.4.3/prebuilt/windows/bin/../lib/gcc/arm-linux-androideabi/4.4.3\libgcc.a(bpabi.o)
 .ARM.extab     0x00000000        0x0 c:/Users/John/tools/android-ndk-r8c/toolchains/arm-linux-androideabi-4.4.3/prebuilt/windows/bin/../lib/gcc/arm-linux-androideabi/4.4.3\libgcc.a(bpabi.o)
 .note.GNU-stack
                0x00000000        0x0 c:/Users/John/tools/android-ndk-r8c/toolchains/arm-linux-androideabi-4.4.3/prebuilt/windows/bin/../lib/gcc/arm-linux-androideabi/4.4.3\libgcc.a(bpabi.o)
 .data          0x00000000        0x0 c:/Users/John/tools/android-ndk-r8c/toolchains/arm-linux-androideabi-4.4.3/prebuilt/windows/bin/../lib/gcc/arm-linux-androideabi/4.4.3\libgcc.a(unwind-arm.o)
 .bss           0x00000000        0x0 c:/Users/John/tools/android-ndk-r8c/toolchains/arm-linux-androideabi-4.4.3/prebuilt/windows/bin/../lib/gcc/arm-linux-androideabi/4.4.3\libgcc.a(unwind-arm.o)
 .note.GNU-stack
                0x00000000        0x0 c:/Users/John/tools/android-ndk-r8c/toolchains/arm-linux-androideabi-4.4.3/prebuilt/windows/bin/../lib/gcc/arm-linux-androideabi/4.4.3\libgcc.a(unwind-arm.o)
 .data          0x00000000        0x0 c:/Users/John/tools/android-ndk-r8c/toolchains/arm-linux-androideabi-4.4.3/prebuilt/windows/bin/../lib/gcc/arm-linux-androideabi/4.4.3\libgcc.a(libunwind.o)
 .bss           0x00000000        0x0 c:/Users/John/tools/android-ndk-r8c/toolchains/arm-linux-androideabi-4.4.3/prebuilt/windows/bin/../lib/gcc/arm-linux-androideabi/4.4.3\libgcc.a(libunwind.o)
 .note.GNU-stack
                0x00000000        0x0 c:/Users/John/tools/android-ndk-r8c/toolchains/arm-linux-androideabi-4.4.3/prebuilt/windows/bin/../lib/gcc/arm-linux-androideabi/4.4.3\libgcc.a(libunwind.o)
 .data          0x00000000        0x0 c:/Users/John/tools/android-ndk-r8c/toolchains/arm-linux-androideabi-4.4.3/prebuilt/windows/bin/../lib/gcc/arm-linux-androideabi/4.4.3\libgcc.a(pr-support.o)
 .bss           0x00000000        0x0 c:/Users/John/tools/android-ndk-r8c/toolchains/arm-linux-androideabi-4.4.3/prebuilt/windows/bin/../lib/gcc/arm-linux-androideabi/4.4.3\libgcc.a(pr-support.o)
 .ARM.extab     0x00000000        0x0 c:/Users/John/tools/android-ndk-r8c/toolchains/arm-linux-androideabi-4.4.3/prebuilt/windows/bin/../lib/gcc/arm-linux-androideabi/4.4.3\libgcc.a(pr-support.o)
 .note.GNU-stack
                0x00000000        0x0 c:/Users/John/tools/android-ndk-r8c/toolchains/arm-linux-androideabi-4.4.3/prebuilt/windows/bin/../lib/gcc/arm-linux-androideabi/4.4.3\libgcc.a(pr-support.o)
 .data          0x00000000        0x0 c:/Users/John/tools/android-ndk-r8c/toolchains/arm-linux-androideabi-4.4.3/prebuilt/windows/bin/../lib/gcc/arm-linux-androideabi/4.4.3\libgcc.a(_divdi3.o)
 .bss           0x00000000        0x0 c:/Users/John/tools/android-ndk-r8c/toolchains/arm-linux-androideabi-4.4.3/prebuilt/windows/bin/../lib/gcc/arm-linux-androideabi/4.4.3\libgcc.a(_divdi3.o)
 .ARM.extab     0x00000000        0x0 c:/Users/John/tools/android-ndk-r8c/toolchains/arm-linux-androideabi-4.4.3/prebuilt/windows/bin/../lib/gcc/arm-linux-androideabi/4.4.3\libgcc.a(_divdi3.o)
 .note.GNU-stack
                0x00000000        0x0 c:/Users/John/tools/android-ndk-r8c/toolchains/arm-linux-androideabi-4.4.3/prebuilt/windows/bin/../lib/gcc/arm-linux-androideabi/4.4.3\libgcc.a(_divdi3.o)
 .data          0x00000000        0x0 c:/Users/John/tools/android-ndk-r8c/toolchains/arm-linux-androideabi-4.4.3/prebuilt/windows/bin/../lib/gcc/arm-linux-androideabi/4.4.3\libgcc.a(_udivdi3.o)
 .bss           0x00000000        0x0 c:/Users/John/tools/android-ndk-r8c/toolchains/arm-linux-androideabi-4.4.3/prebuilt/windows/bin/../lib/gcc/arm-linux-androideabi/4.4.3\libgcc.a(_udivdi3.o)
 .ARM.extab     0x00000000        0x0 c:/Users/John/tools/android-ndk-r8c/toolchains/arm-linux-androideabi-4.4.3/prebuilt/windows/bin/../lib/gcc/arm-linux-androideabi/4.4.3\libgcc.a(_udivdi3.o)
 .note.GNU-stack
                0x00000000        0x0 c:/Users/John/tools/android-ndk-r8c/toolchains/arm-linux-androideabi-4.4.3/prebuilt/windows/bin/../lib/gcc/arm-linux-androideabi/4.4.3\libgcc.a(_udivdi3.o)
 .data          0x00000000        0x0 c:/Users/John/tools/android-ndk-r8c/toolchains/arm-linux-androideabi-4.4.3/prebuilt/windows/bin/../lib/gcc/arm-linux-androideabi/4.4.3\libgcc.a(_udivsi3.o)
 .bss           0x00000000        0x0 c:/Users/John/tools/android-ndk-r8c/toolchains/arm-linux-androideabi-4.4.3/prebuilt/windows/bin/../lib/gcc/arm-linux-androideabi/4.4.3\libgcc.a(_udivsi3.o)
 .note.GNU-stack
                0x00000000        0x0 c:/Users/John/tools/android-ndk-r8c/toolchains/arm-linux-androideabi-4.4.3/prebuilt/windows/bin/../lib/gcc/arm-linux-androideabi/4.4.3\libgcc.a(_udivsi3.o)
 .data          0x00000000        0x0 c:/Users/John/tools/android-ndk-r8c/toolchains/arm-linux-androideabi-4.4.3/prebuilt/windows/bin/../lib/gcc/arm-linux-androideabi/4.4.3\libgcc.a(_dvmd_lnx.o)
 .bss           0x00000000        0x0 c:/Users/John/tools/android-ndk-r8c/toolchains/arm-linux-androideabi-4.4.3/prebuilt/windows/bin/../lib/gcc/arm-linux-androideabi/4.4.3\libgcc.a(_dvmd_lnx.o)
 .note.GNU-stack
                0x00000000        0x0 c:/Users/John/tools/android-ndk-r8c/toolchains/arm-linux-androideabi-4.4.3/prebuilt/windows/bin/../lib/gcc/arm-linux-androideabi/4.4.3\libgcc.a(_dvmd_lnx.o)
 .text          0x00000000        0x0 C:/Users/John/tools/android-ndk-r8c/platforms/android-9/arch-arm/usr/lib/crtend_so.o
 .data          0x00000000        0x0 C:/Users/John/tools/android-ndk-r8c/platforms/android-9/arch-arm/usr/lib/crtend_so.o
 .bss           0x00000000        0x0 C:/Users/John/tools/android-ndk-r8c/platforms/android-9/arch-arm/usr/lib/crtend_so.o
 .note.GNU-stack
                0x00000000        0x0 C:/Users/John/tools/android-ndk-r8c/platforms/android-9/arch-arm/usr/lib/crtend_so.o

Memory Configuration

Name             Origin             Length             Attributes
*default*        0x00000000         0xffffffff

Linker script and memory map

LOAD C:/Users/John/tools/android-ndk-r8c/platforms/android-9/arch-arm/usr/lib/crtbegin_so.o
LOAD debug\GAIDWrapper_platform.os
LOAD debug\GAIDWrapper.os
LOAD debug\GAIDWrapper_register.os
LOAD C:\marmalade\7.1\s3e\edk\lib\android\libedk.a
LOAD C:\marmalade\7.1\s3e\edk\lib\android/libplaceholderplaceholderplaceholderplaceholderplaceholder.so
LOAD C:\Users\John\tools\android-ndk-r8c\platforms\android-9\arch-arm\usr\lib/liblog.so
LOAD C:\Users\John\tools\android-ndk-r8c\sources\cxx-stl\gnu-libstdc++\4.4.3\libs\armeabi\libgnustl_static.a
LOAD c:/Users/John/tools/android-ndk-r8c/toolchains/arm-linux-androideabi-4.4.3/prebuilt/windows/bin/../lib/gcc/arm-linux-androideabi/4.4.3\libgcc.a
LOAD C:\Users\John\tools\android-ndk-r8c\platforms\android-9\arch-arm\usr\lib/libstdc++.so
LOAD C:\Users\John\tools\android-ndk-r8c\platforms\android-9\arch-arm\usr\lib/libm.so
LOAD C:\Users\John\tools\android-ndk-r8c\platforms\android-9\arch-arm\usr\lib/libc.so
LOAD c:/Users/John/tools/android-ndk-r8c/toolchains/arm-linux-androideabi-4.4.3/prebuilt/windows/bin/../lib/gcc/arm-linux-androideabi/4.4.3\libgcc.a
LOAD C:\Users\John\tools\android-ndk-r8c\platforms\android-9\arch-arm\usr\lib/libc.so
LOAD C:\Users\John\tools\android-ndk-r8c\platforms\android-9\arch-arm\usr\lib/libdl.so
LOAD c:/Users/John/tools/android-ndk-r8c/toolchains/arm-linux-androideabi-4.4.3/prebuilt/windows/bin/../lib/gcc/arm-linux-androideabi/4.4.3\libgcc.a
LOAD C:/Users/John/tools/android-ndk-r8c/platforms/android-9/arch-arm/usr/lib/crtend_so.o
                0x000000f4                . = (0x0 + SIZEOF_HEADERS)

.note.gnu.build-id
 *(.note.gnu.build-id)

.hash           0x000000f4      0x29c
 *(.hash)
 .hash          0x000000f4      0x29c C:/Users/John/tools/android-ndk-r8c/platforms/android-9/arch-arm/usr/lib/crtbegin_so.o

.gnu.hash
 *(.gnu.hash)

.dynsym         0x00000390      0x620
 *(.dynsym)
 .dynsym        0x00000390      0x620 C:/Users/John/tools/android-ndk-r8c/platforms/android-9/arch-arm/usr/lib/crtbegin_so.o

.dynstr         0x000009b0      0x64f
 *(.dynstr)
 .dynstr        0x000009b0      0x64f C:/Users/John/tools/android-ndk-r8c/platforms/android-9/arch-arm/usr/lib/crtbegin_so.o

.gnu.version    0x00001000        0x0 load address 0x00000fff
 *(.gnu.version)
 .gnu.version   0x00000000        0x0 C:/Users/John/tools/android-ndk-r8c/platforms/android-9/arch-arm/usr/lib/crtbegin_so.o

.gnu.version_d  0x00001000        0x0 load address 0x00000fff
 *(.gnu.version_d)
 .gnu.version_d
                0x00000000        0x0 C:/Users/John/tools/android-ndk-r8c/platforms/android-9/arch-arm/usr/lib/crtbegin_so.o

.gnu.version_r  0x00001000        0x0 load address 0x00000fff
 *(.gnu.version_r)
 .gnu.version_r
                0x00000000        0x0 C:/Users/John/tools/android-ndk-r8c/platforms/android-9/arch-arm/usr/lib/crtbegin_so.o

.rel.dyn        0x00001000       0x78
 *(.rel.init)
 *(.rel.text .rel.text.* .rel.gnu.linkonce.t.*)
 *(.rel.fini)
 *(.rel.rodata .rel.rodata.* .rel.gnu.linkonce.r.*)
 *(.rel.data.rel.ro* .rel.gnu.linkonce.d.rel.ro.*)
 .rel.data.rel.ro
                0x00001000       0x18 C:/Users/John/tools/android-ndk-r8c/platforms/android-9/arch-arm/usr/lib/crtbegin_so.o
 *(.rel.data .rel.data.* .rel.gnu.linkonce.d.*)
 *(.rel.tdata .rel.tdata.* .rel.gnu.linkonce.td.*)
 *(.rel.tbss .rel.tbss.* .rel.gnu.linkonce.tb.*)
 *(.rel.ctors)
 *(.rel.dtors)
 *(.rel.got)
 .rel.got       0x00001018       0x50 C:/Users/John/tools/android-ndk-r8c/platforms/android-9/arch-arm/usr/lib/crtbegin_so.o
 *(.rel.bss .rel.bss.* .rel.gnu.linkonce.b.*)
 .rel.fini_array
                0x00001068        0x8 C:/Users/John/tools/android-ndk-r8c/platforms/android-9/arch-arm/usr/lib/crtbegin_so.o
 .rel.init_array
                0x00001070        0x8 C:/Users/John/tools/android-ndk-r8c/platforms/android-9/arch-arm/usr/lib/crtbegin_so.o

.rela.dyn
 *(.rela.init)
 *(.rela.text .rela.text.* .rela.gnu.linkonce.t.*)
 *(.rela.fini)
 *(.rela.rodata .rela.rodata.* .rela.gnu.linkonce.r.*)
 *(.rela.data .rela.data.* .rela.gnu.linkonce.d.*)
 *(.rela.tdata .rela.tdata.* .rela.gnu.linkonce.td.*)
 *(.rela.tbss .rela.tbss.* .rela.gnu.linkonce.tb.*)
 *(.rela.ctors)
 *(.rela.dtors)
 *(.rela.got)
 *(.rela.bss .rela.bss.* .rela.gnu.linkonce.b.*)

.rel.plt        0x00001078       0xb0
 *(.rel.plt)
 .rel.plt       0x00001078       0xb0 C:/Users/John/tools/android-ndk-r8c/platforms/android-9/arch-arm/usr/lib/crtbegin_so.o

.rela.plt
 *(.rela.plt)

.init
 *(.init)

.plt            0x00001128      0x11c
 *(.plt)
 .plt           0x00001128      0x11c C:/Users/John/tools/android-ndk-r8c/platforms/android-9/arch-arm/usr/lib/crtbegin_so.o

.text           0x00001244     0x2ce8
 *(.text .stub .text.* .gnu.linkonce.t.*)
 .text.exit     0x00001244       0x10 C:/Users/John/tools/android-ndk-r8c/platforms/android-9/arch-arm/usr/lib/crtbegin_so.o
                0x00001244                __on_dlclose
 .text._ZN7_JNIEnv9FindClassEPKc
                0x00001254       0x38 debug\GAIDWrapper_platform.os
                0x00001254                _JNIEnv::FindClass(char const*)
 .text._ZN7_JNIEnv17ExceptionOccurredEv
                0x0000128c       0x30 debug\GAIDWrapper_platform.os
                0x0000128c                _JNIEnv::ExceptionOccurred()
 .text._ZN7_JNIEnv17ExceptionDescribeEv
                0x000012bc       0x28 debug\GAIDWrapper_platform.os
                0x000012bc                _JNIEnv::ExceptionDescribe()
 .text._ZN7_JNIEnv14ExceptionClearEv
                0x000012e4       0x28 debug\GAIDWrapper_platform.os
                0x000012e4                _JNIEnv::ExceptionClear()
 .text._ZN7_JNIEnv12NewGlobalRefEP8_jobject
                0x0000130c       0x38 debug\GAIDWrapper_platform.os
                0x0000130c                _JNIEnv::NewGlobalRef(_jobject*)
 .text._ZN7_JNIEnv15DeleteGlobalRefEP8_jobject
                0x00001344       0x30 debug\GAIDWrapper_platform.os
                0x00001344                _JNIEnv::DeleteGlobalRef(_jobject*)
 .text._ZN7_JNIEnv14DeleteLocalRefEP8_jobject
                0x00001374       0x30 debug\GAIDWrapper_platform.os
                0x00001374                _JNIEnv::DeleteLocalRef(_jobject*)
 .text._ZN7_JNIEnv9NewObjectEP7_jclassP10_jmethodIDz
                0x000013a4       0x5c debug\GAIDWrapper_platform.os
                0x000013a4                _JNIEnv::NewObject(_jclass*, _jmethodID*, ...)
 .text._ZN7_JNIEnv11GetMethodIDEP7_jclassPKcS3_
                0x00001400       0x48 debug\GAIDWrapper_platform.os
                0x00001400                _JNIEnv::GetMethodID(_jclass*, char const*, char const*)
 .text._ZN7_JNIEnv14CallVoidMethodEP8_jobjectP10_jmethodIDz
                0x00001448       0x4c debug\GAIDWrapper_platform.os
                0x00001448                _JNIEnv::CallVoidMethod(_jobject*, _jmethodID*, ...)
 .text._ZN7_JNIEnv17GetStringUTFCharsEP8_jstringPh
                0x00001494       0x40 debug\GAIDWrapper_platform.os
                0x00001494                _JNIEnv::GetStringUTFChars(_jstring*, unsigned char*)
 .text._ZN7_JNIEnv15RegisterNativesEP7_jclassPK15JNINativeMethodi
                0x000014d4       0x48 debug\GAIDWrapper_platform.os
                0x000014d4                _JNIEnv::RegisterNatives(_jclass*, JNINativeMethod const*, int)
 .text._ZN7_JavaVM6GetEnvEPPvi
                0x0000151c       0x40 debug\GAIDWrapper_platform.os
                0x0000151c                _JavaVM::GetEnv(void**, int)
 .text._ZL15s3eEdkJNIGetEnvv
                0x0000155c       0x44 debug\GAIDWrapper_platform.os
 .text._ZL27s3eEdkAndroidFindClass_realPKc
                0x000015a0       0xa4 debug\GAIDWrapper_platform.os
 .text._ZL22s3eEdkAndroidFindClassPKc
                0x00001644       0x38 debug\GAIDWrapper_platform.os
 .text._Z24GAIDWrapperInit_platformv
                0x0000167c      0x298 debug\GAIDWrapper_platform.os
                0x0000167c                GAIDWrapperInit_platform()
 .text._Z29GAIDWrapperTerminate_platformv
                0x00001914        0x4 debug\GAIDWrapper_platform.os
                0x00001914                GAIDWrapperTerminate_platform()
 .text._Z35GAIDGetGoogleAdvertisingId_platformPFiPvS_E
                0x00001918       0x78 debug\GAIDWrapper_platform.os
                0x00001918                GAIDGetGoogleAdvertisingId_platform(int (*)(void*, void*))
 .text._Z21native_onGAIDCallbackP7_JNIEnvP8_jobjectP8_jstringh
                0x00001990       0x94 debug\GAIDWrapper_platform.os
                0x00001990                native_onGAIDCallback(_JNIEnv*, _jobject*, _jstring*, unsigned char)
 .text._Z15GAIDWrapperInitv
                0x00001a24       0x14 debug\GAIDWrapper.os
                0x00001a24                GAIDWrapperInit()
 .text._Z20GAIDWrapperTerminatev
                0x00001a38        0xc debug\GAIDWrapper.os
                0x00001a38                GAIDWrapperTerminate()
 .text.GAIDGetGoogleAdvertisingId
                0x00001a44       0x1c debug\GAIDWrapper.os
                0x00001a44                GAIDGetGoogleAdvertisingId
 .text._ZL31GAIDGetGoogleAdvertisingId_wrapPFiPvS_E
                0x00001a60       0x98 debug\GAIDWrapper_register.os
 .text._Z22GAIDWrapperRegisterExtv
                0x00001af8       0x84 debug\GAIDWrapper_register.os
                0x00001af8                GAIDWrapperRegisterExt()
 .text.RegisterExt
                0x00001b7c        0xc debug\GAIDWrapper_register.os
                0x00001b7c                RegisterExt
 .text.IwDebugTraceSetTraceChannel
                0x00001b88       0x1c C:\marmalade\7.1\s3e\edk\lib\android\libedk.a(IwDebug.o)
                0x00001b88                IwDebugTraceSetTraceChannel
 .text._GLOBAL__I_Z__sdk_modules_iwcore_source_IwDebug.cpp
                0x00001ba4       0xa4 C:\marmalade\7.1\s3e\edk\lib\android\libedk.a(IwDebug.o)
 .text.IwDebugTraceIsChannelOn
                0x00001c48      0x2b8 C:\marmalade\7.1\s3e\edk\lib\android\libedk.a(IwDebug.o)
                0x00001c48                IwDebugTraceIsChannelOn
 .text.IwDebugTraceLinePrintf
                0x00001f00      0x10c C:\marmalade\7.1\s3e\edk\lib\android\libedk.a(IwDebug.o)
                0x00001f00                IwDebugTraceLinePrintf
 .text.s3eEdkThreadRunOnOS
                0x0000200c       0x30 C:\marmalade\7.1\s3e\edk\lib\android\libedk.a(edk_helpers.o)
                0x0000200c                s3eEdkThreadRunOnOS
 .text          0x0000203c       0x1c c:/Users/John/tools/android-ndk-r8c/toolchains/arm-linux-androideabi-4.4.3/prebuilt/windows/bin/../lib/gcc/arm-linux-androideabi/4.4.3\libgcc.a(_aeabi_ldivmod.o)
                0x0000203c                __aeabi_ldivmod
 .text          0x00002058       0x88 c:/Users/John/tools/android-ndk-r8c/toolchains/arm-linux-androideabi-4.4.3/prebuilt/windows/bin/../lib/gcc/arm-linux-androideabi/4.4.3\libgcc.a(bpabi.o)
                0x00002058                __gnu_uldivmod_helper
                0x0000209c                __gnu_ldivmod_helper
 .text          0x000020e0      0xec4 c:/Users/John/tools/android-ndk-r8c/toolchains/arm-linux-androideabi-4.4.3/prebuilt/windows/bin/../lib/gcc/arm-linux-androideabi/4.4.3\libgcc.a(unwind-arm.o)
                0x00002b08                __gnu_Unwind_RaiseException
                0x00002660                __aeabi_unwind_cpp_pr0
                0x00002190                _Unwind_GetCFA
                0x0000212c                _Unwind_VRS_Set
                0x000028a4                __gnu_Unwind_Backtrace
                0x00002c38                _Unwind_VRS_Pop
                0x00002650                __aeabi_unwind_cpp_pr2
                0x0000219c                _Unwind_DeleteException
                0x00002198                _Unwind_Complete
                0x00002bcc                __gnu_Unwind_Resume
                0x00002a94                __gnu_Unwind_ForcedUnwind
                0x00002bac                __gnu_Unwind_Resume_or_Rethrow
                0x000020e0                _Unwind_VRS_Get
                0x00002658                __aeabi_unwind_cpp_pr1
 .text          0x00002fa4      0x1a8 c:/Users/John/tools/android-ndk-r8c/toolchains/arm-linux-androideabi-4.4.3/prebuilt/windows/bin/../lib/gcc/arm-linux-androideabi/4.4.3\libgcc.a(libunwind.o)
                0x00003104                ___Unwind_ForcedUnwind
                0x00002fc0                __gnu_Unwind_Save_VFP
                0x000030e0                _Unwind_Resume_or_Rethrow
                0x000030e0                ___Unwind_Resume_or_Rethrow
                0x00003128                _Unwind_Backtrace
                0x00002fa4                __restore_core_regs
                0x00002fe0                __gnu_Unwind_Save_VFP_D_16_to_31
                0x00002fd0                __gnu_Unwind_Save_VFP_D
                0x00003128                ___Unwind_Backtrace
                0x00003098                ___Unwind_RaiseException
                0x000030bc                ___Unwind_Resume
                0x00002fe8                __gnu_Unwind_Restore_WMMXD
                0x00002fb8                __gnu_Unwind_Restore_VFP
                0x000030bc                _Unwind_Resume
                0x00002fc8                __gnu_Unwind_Restore_VFP_D
                0x00002fd8                __gnu_Unwind_Restore_VFP_D_16_to_31
                0x00003098                _Unwind_RaiseException
                0x00002fa4                restore_core_regs
                0x00003084                __gnu_Unwind_Save_WMMXC
                0x00003070                __gnu_Unwind_Restore_WMMXC
                0x00003104                _Unwind_ForcedUnwind
                0x0000302c                __gnu_Unwind_Save_WMMXD
 .text          0x0000314c      0x484 c:/Users/John/tools/android-ndk-r8c/toolchains/arm-linux-androideabi-4.4.3/prebuilt/windows/bin/../lib/gcc/arm-linux-androideabi/4.4.3\libgcc.a(pr-support.o)
                0x000031ec                _Unwind_GetRegionStart
                0x00003218                __gnu_unwind_execute
                0x000031a4                _Unwind_GetTextRelBase
                0x000031b4                _Unwind_GetLanguageSpecificData
                0x00003590                __gnu_unwind_frame
                0x000031ac                _Unwind_GetDataRelBase
 .text          0x000035d0      0x47c c:/Users/John/tools/android-ndk-r8c/toolchains/arm-linux-androideabi-4.4.3/prebuilt/windows/bin/../lib/gcc/arm-linux-androideabi/4.4.3\libgcc.a(_divdi3.o)
                0x000035d0                __divdi3
 .text          0x00003a4c      0x40c c:/Users/John/tools/android-ndk-r8c/toolchains/arm-linux-androideabi-4.4.3/prebuilt/windows/bin/../lib/gcc/arm-linux-androideabi/4.4.3\libgcc.a(_udivdi3.o)
                0x00003a4c                __udivdi3
 .text          0x00003e58       0xc4 c:/Users/John/tools/android-ndk-r8c/toolchains/arm-linux-androideabi-4.4.3/prebuilt/windows/bin/../lib/gcc/arm-linux-androideabi/4.4.3\libgcc.a(_udivsi3.o)
                0x00003e58                __udivsi3
                0x00003e58                __aeabi_uidiv
                0x00003f04                __aeabi_uidivmod
 .text          0x00003f1c       0x10 c:/Users/John/tools/android-ndk-r8c/toolchains/arm-linux-androideabi-4.4.3/prebuilt/windows/bin/../lib/gcc/arm-linux-androideabi/4.4.3\libgcc.a(_dvmd_lnx.o)
                0x00003f1c                __div0
 *(.gnu.warning)
 *(.glue_7t)
 .glue_7t       0x00000000        0x0 linker stubs
 *(.glue_7)
 .glue_7        0x00000000        0x0 linker stubs
 *(.vfp11_veneer)
 .vfp11_veneer  0x00000000        0x0 linker stubs
 *(.v4_bx)
 .v4_bx         0x00000000        0x0 linker stubs

.fini
 *(.fini)
                0x00003f2c                PROVIDE (__etext, .)
                0x00003f2c                PROVIDE (_etext, .)
                0x00003f2c                PROVIDE (etext, .)

.rodata         0x00003f2c      0x238
 *(.rodata .rodata.* .gnu.linkonce.r.*)
 .rodata        0x00003f2c       0xb8 debug\GAIDWrapper_platform.os
 .rodata        0x00003fe4       0x64 debug\GAIDWrapper_register.os
 .rodata.str1.4
                0x00004048      0x11c C:\marmalade\7.1\s3e\edk\lib\android\libedk.a(IwDebug.o)
                                0x120 (size before relaxing)

.rodata1
 *(.rodata1)

.ARM.extab      0x00004164       0x24
 *(.ARM.extab* .gnu.linkonce.armextab.*)
 .ARM.extab     0x00004164       0x24 c:/Users/John/tools/android-ndk-r8c/toolchains/arm-linux-androideabi-4.4.3/prebuilt/windows/bin/../lib/gcc/arm-linux-androideabi/4.4.3\libgcc.a(unwind-arm.o)
                0x00004188                __exidx_start = .

.ARM.exidx      0x00004188       0xf8
 *(.ARM.exidx* .gnu.linkonce.armexidx.*)
 .ARM.exidx     0x00004188       0x10 c:/Users/John/tools/android-ndk-r8c/toolchains/arm-linux-androideabi-4.4.3/prebuilt/windows/bin/../lib/gcc/arm-linux-androideabi/4.4.3\libgcc.a(bpabi.o)
 .ARM.exidx     0x00004198       0xa0 c:/Users/John/tools/android-ndk-r8c/toolchains/arm-linux-androideabi-4.4.3/prebuilt/windows/bin/../lib/gcc/arm-linux-androideabi/4.4.3\libgcc.a(unwind-arm.o)
 .ARM.exidx     0x00004238       0x38 c:/Users/John/tools/android-ndk-r8c/toolchains/arm-linux-androideabi-4.4.3/prebuilt/windows/bin/../lib/gcc/arm-linux-androideabi/4.4.3\libgcc.a(pr-support.o)
 .ARM.exidx     0x00004270        0x8 c:/Users/John/tools/android-ndk-r8c/toolchains/arm-linux-androideabi-4.4.3/prebuilt/windows/bin/../lib/gcc/arm-linux-androideabi/4.4.3\libgcc.a(_divdi3.o)
 .ARM.exidx     0x00004278        0x8 c:/Users/John/tools/android-ndk-r8c/toolchains/arm-linux-androideabi-4.4.3/prebuilt/windows/bin/../lib/gcc/arm-linux-androideabi/4.4.3\libgcc.a(_udivdi3.o)
                0x00004280                __exidx_end = .

.eh_frame_hdr
 *(.eh_frame_hdr)

.eh_frame
 *(.eh_frame)

.gcc_except_table
 *(.gcc_except_table .gcc_except_table.*)
                0x00004280                . = (ALIGN (0x1000) - ((0x1000 - .) & 0xfff))
                0x00005e80                . = (0x1000 DATA_SEGMENT_ALIGN 0x1000)

.eh_frame
 *(.eh_frame)

.gcc_except_table
 *(.gcc_except_table .gcc_except_table.*)

.tdata
 *(.tdata .tdata.* .gnu.linkonce.td.*)

.tbss
 *(.tbss .tbss.* .gnu.linkonce.tb.*)
 *(.tcommon)

.preinit_array
 *(.preinit_array)

.init_array     0x00005e80        0x8
 *(SORT(.init_array.*))
 *(.init_array)
 .init_array    0x00005e80        0x4 C:\marmalade\7.1\s3e\edk\lib\android\libedk.a(IwDebug.o)
 .init_array    0x00005e84        0x4 C:/Users/John/tools/android-ndk-r8c/platforms/android-9/arch-arm/usr/lib/crtend_so.o

.fini_array     0x00005e88        0x8
 *(.fini_array)
 .fini_array    0x00005e88        0x4 C:/Users/John/tools/android-ndk-r8c/platforms/android-9/arch-arm/usr/lib/crtbegin_so.o
 .fini_array    0x00005e8c        0x4 C:/Users/John/tools/android-ndk-r8c/platforms/android-9/arch-arm/usr/lib/crtend_so.o
 *(SORT(.fini_array.*))

.ctors
 *crtbegin.o(.ctors)
 *crtbegin?.o(.ctors)
 *(EXCLUDE_FILE(*crtend?.o *crtend.o) .ctors)
 *(SORT(.ctors.*))
 *(.ctors)

.dtors
 *crtbegin.o(.dtors)
 *crtbegin?.o(.dtors)
 *(EXCLUDE_FILE(*crtend?.o *crtend.o) .dtors)
 *(SORT(.dtors.*))
 *(.dtors)

.jcr
 *(.jcr)

.data.rel.ro    0x00005e90        0xc
 *(.data.rel.ro.local* .gnu.linkonce.d.rel.ro.local.*)
 *(.data.rel.ro* .gnu.linkonce.d.rel.ro.*)
 .data.rel.ro   0x00005e90        0xc debug\GAIDWrapper_platform.os

.dynamic        0x00005e9c       0xd8
 *(.dynamic)
 .dynamic       0x00005e9c       0xd8 C:/Users/John/tools/android-ndk-r8c/platforms/android-9/arch-arm/usr/lib/crtbegin_so.o
                0x00005e9c                _DYNAMIC

.got            0x00005f74       0x8c
 *(.got.plt)
 .got.plt       0x00005f74       0x64 C:/Users/John/tools/android-ndk-r8c/platforms/android-9/arch-arm/usr/lib/crtbegin_so.o
                0x00005f74                _GLOBAL_OFFSET_TABLE_
 *(.got)
 .got           0x00005fd8       0x28 C:/Users/John/tools/android-ndk-r8c/platforms/android-9/arch-arm/usr/lib/crtbegin_so.o
                0x00006000                . = (. DATA_SEGMENT_RELRO_END 0x0)

.data           0x00006000        0x4
                0x00006000                __data_start = .
 *(.data .data.* .gnu.linkonce.d.*)
 .data          0x00006000        0x4 C:/Users/John/tools/android-ndk-r8c/platforms/android-9/arch-arm/usr/lib/crtbegin_so.o
                0x00006000                __dso_handle

.data1
 *(.data1)
                0x00006004                _edata = .
                0x00006004                PROVIDE (edata, .)
                0x00006004                __bss_start = .
                0x00006004                __bss_start__ = .

.bss            0x00006004     0x1a30
 *(.dynbss)
 .dynbss        0x00000000        0x0 C:/Users/John/tools/android-ndk-r8c/platforms/android-9/arch-arm/usr/lib/crtbegin_so.o
 *(.bss .bss.* .gnu.linkonce.b.*)
 .bss           0x00006004        0x8 debug\GAIDWrapper_platform.os
 .bss           0x0000600c     0x1a28 C:\marmalade\7.1\s3e\edk\lib\android\libedk.a(IwDebug.o)
                0x0000600c                g_DebugGlobals
 *(COMMON)
                0x00007a34                . = ALIGN ((. != 0x0)?0x4:0x1)
                0x00007a34                _bss_end__ = .
                0x00007a34                __bss_end__ = .
                0x00007a34                . = ALIGN (0x4)
                0x00007a34                . = ALIGN (0x4)
                0x00007a34                __end__ = .
                0x00007a34                _end = .
                0x00007a34                PROVIDE (end, .)
                0x00007a34                . = DATA_SEGMENT_END (.)

.stab
 *(.stab)

.stabstr
 *(.stabstr)

.stab.excl
 *(.stab.excl)

.stab.exclstr
 *(.stab.exclstr)

.stab.index
 *(.stab.index)

.stab.indexstr
 *(.stab.indexstr)

.comment        0x00000000       0xd9
 *(.comment)
 .comment       0x00000000       0x25 C:/Users/John/tools/android-ndk-r8c/platforms/android-9/arch-arm/usr/lib/crtbegin_so.o
                                 0x26 (size before relaxing)
 .comment       0x00000025       0x12 debug\GAIDWrapper_platform.os
 .comment       0x00000037       0x12 debug\GAIDWrapper.os
 .comment       0x00000049       0x12 debug\GAIDWrapper_register.os
 .comment       0x0000005b       0x12 C:\marmalade\7.1\s3e\edk\lib\android\libedk.a(IwDebug.o)
 .comment       0x0000006d       0x12 C:\marmalade\7.1\s3e\edk\lib\android\libedk.a(edk_helpers.o)
 .comment       0x0000007f       0x12 c:/Users/John/tools/android-ndk-r8c/toolchains/arm-linux-androideabi-4.4.3/prebuilt/windows/bin/../lib/gcc/arm-linux-androideabi/4.4.3\libgcc.a(bpabi.o)
 .comment       0x00000091       0x12 c:/Users/John/tools/android-ndk-r8c/toolchains/arm-linux-androideabi-4.4.3/prebuilt/windows/bin/../lib/gcc/arm-linux-androideabi/4.4.3\libgcc.a(unwind-arm.o)
 .comment       0x000000a3       0x12 c:/Users/John/tools/android-ndk-r8c/toolchains/arm-linux-androideabi-4.4.3/prebuilt/windows/bin/../lib/gcc/arm-linux-androideabi/4.4.3\libgcc.a(pr-support.o)
 .comment       0x000000b5       0x12 c:/Users/John/tools/android-ndk-r8c/toolchains/arm-linux-androideabi-4.4.3/prebuilt/windows/bin/../lib/gcc/arm-linux-androideabi/4.4.3\libgcc.a(_divdi3.o)
 .comment       0x000000c7       0x12 c:/Users/John/tools/android-ndk-r8c/toolchains/arm-linux-androideabi-4.4.3/prebuilt/windows/bin/../lib/gcc/arm-linux-androideabi/4.4.3\libgcc.a(_udivdi3.o)

.debug
 *(.debug)

.line
 *(.line)

.debug_srcinfo
 *(.debug_srcinfo)

.debug_sfnames
 *(.debug_sfnames)

.debug_aranges  0x00000000      0x238
 *(.debug_aranges)
 .debug_aranges
                0x00000000       0xb8 debug\GAIDWrapper_platform.os
 .debug_aranges
                0x000000b8       0x30 debug\GAIDWrapper.os
 .debug_aranges
                0x000000e8       0x30 debug\GAIDWrapper_register.os
 .debug_aranges
                0x00000118       0x20 c:/Users/John/tools/android-ndk-r8c/toolchains/arm-linux-androideabi-4.4.3/prebuilt/windows/bin/../lib/gcc/arm-linux-androideabi/4.4.3\libgcc.a(_aeabi_ldivmod.o)
 .debug_aranges
                0x00000138       0x20 c:/Users/John/tools/android-ndk-r8c/toolchains/arm-linux-androideabi-4.4.3/prebuilt/windows/bin/../lib/gcc/arm-linux-androideabi/4.4.3\libgcc.a(bpabi.o)
 .debug_aranges
                0x00000158       0x20 c:/Users/John/tools/android-ndk-r8c/toolchains/arm-linux-androideabi-4.4.3/prebuilt/windows/bin/../lib/gcc/arm-linux-androideabi/4.4.3\libgcc.a(unwind-arm.o)
 .debug_aranges
                0x00000178       0x20 c:/Users/John/tools/android-ndk-r8c/toolchains/arm-linux-androideabi-4.4.3/prebuilt/windows/bin/../lib/gcc/arm-linux-androideabi/4.4.3\libgcc.a(libunwind.o)
 .debug_aranges
                0x00000198       0x20 c:/Users/John/tools/android-ndk-r8c/toolchains/arm-linux-androideabi-4.4.3/prebuilt/windows/bin/../lib/gcc/arm-linux-androideabi/4.4.3\libgcc.a(pr-support.o)
 .debug_aranges
                0x000001b8       0x20 c:/Users/John/tools/android-ndk-r8c/toolchains/arm-linux-androideabi-4.4.3/prebuilt/windows/bin/../lib/gcc/arm-linux-androideabi/4.4.3\libgcc.a(_divdi3.o)
 .debug_aranges
                0x000001d8       0x20 c:/Users/John/tools/android-ndk-r8c/toolchains/arm-linux-androideabi-4.4.3/prebuilt/windows/bin/../lib/gcc/arm-linux-androideabi/4.4.3\libgcc.a(_udivdi3.o)
 .debug_aranges
                0x000001f8       0x20 c:/Users/John/tools/android-ndk-r8c/toolchains/arm-linux-androideabi-4.4.3/prebuilt/windows/bin/../lib/gcc/arm-linux-androideabi/4.4.3\libgcc.a(_udivsi3.o)
 .debug_aranges
                0x00000218       0x20 c:/Users/John/tools/android-ndk-r8c/toolchains/arm-linux-androideabi-4.4.3/prebuilt/windows/bin/../lib/gcc/arm-linux-androideabi/4.4.3\libgcc.a(_dvmd_lnx.o)

.debug_pubnames
                0x00000000      0x540
 *(.debug_pubnames)
 .debug_pubnames
                0x00000000      0x1f3 debug\GAIDWrapper_platform.os
 .debug_pubnames
                0x000001f3       0x5e debug\GAIDWrapper.os
 .debug_pubnames
                0x00000251       0x3d debug\GAIDWrapper_register.os
 .debug_pubnames
                0x0000028e       0x45 c:/Users/John/tools/android-ndk-r8c/toolchains/arm-linux-androideabi-4.4.3/prebuilt/windows/bin/../lib/gcc/arm-linux-androideabi/4.4.3\libgcc.a(bpabi.o)
 .debug_pubnames
                0x000002d3      0x177 c:/Users/John/tools/android-ndk-r8c/toolchains/arm-linux-androideabi-4.4.3/prebuilt/windows/bin/../lib/gcc/arm-linux-androideabi/4.4.3\libgcc.a(unwind-arm.o)
 .debug_pubnames
                0x0000044a       0xb7 c:/Users/John/tools/android-ndk-r8c/toolchains/arm-linux-androideabi-4.4.3/prebuilt/windows/bin/../lib/gcc/arm-linux-androideabi/4.4.3\libgcc.a(pr-support.o)
 .debug_pubnames
                0x00000501       0x1f c:/Users/John/tools/android-ndk-r8c/toolchains/arm-linux-androideabi-4.4.3/prebuilt/windows/bin/../lib/gcc/arm-linux-androideabi/4.4.3\libgcc.a(_divdi3.o)
 .debug_pubnames
                0x00000520       0x20 c:/Users/John/tools/android-ndk-r8c/toolchains/arm-linux-androideabi-4.4.3/prebuilt/windows/bin/../lib/gcc/arm-linux-androideabi/4.4.3\libgcc.a(_udivdi3.o)

.debug_info     0x00000000     0x88c9
 *(.debug_info .gnu.linkonce.wi.*)
 .debug_info    0x00000000     0x5b65 debug\GAIDWrapper_platform.os
 .debug_info    0x00005b65      0x123 debug\GAIDWrapper.os
 .debug_info    0x00005c88      0x154 debug\GAIDWrapper_register.os
 .debug_info    0x00005ddc       0xf5 c:/Users/John/tools/android-ndk-r8c/toolchains/arm-linux-androideabi-4.4.3/prebuilt/windows/bin/../lib/gcc/arm-linux-androideabi/4.4.3\libgcc.a(_aeabi_ldivmod.o)
 .debug_info    0x00005ed1       0xde c:/Users/John/tools/android-ndk-r8c/toolchains/arm-linux-androideabi-4.4.3/prebuilt/windows/bin/../lib/gcc/arm-linux-androideabi/4.4.3\libgcc.a(bpabi.o)
 .debug_info    0x00005faf     0x1424 c:/Users/John/tools/android-ndk-r8c/toolchains/arm-linux-androideabi-4.4.3/prebuilt/windows/bin/../lib/gcc/arm-linux-androideabi/4.4.3\libgcc.a(unwind-arm.o)
 .debug_info    0x000073d3       0xf9 c:/Users/John/tools/android-ndk-r8c/toolchains/arm-linux-androideabi-4.4.3/prebuilt/windows/bin/../lib/gcc/arm-linux-androideabi/4.4.3\libgcc.a(libunwind.o)
 .debug_info    0x000074cc      0x636 c:/Users/John/tools/android-ndk-r8c/toolchains/arm-linux-androideabi-4.4.3/prebuilt/windows/bin/../lib/gcc/arm-linux-androideabi/4.4.3\libgcc.a(pr-support.o)
 .debug_info    0x00007b02      0x606 c:/Users/John/tools/android-ndk-r8c/toolchains/arm-linux-androideabi-4.4.3/prebuilt/windows/bin/../lib/gcc/arm-linux-androideabi/4.4.3\libgcc.a(_divdi3.o)
 .debug_info    0x00008108      0x5cb c:/Users/John/tools/android-ndk-r8c/toolchains/arm-linux-androideabi-4.4.3/prebuilt/windows/bin/../lib/gcc/arm-linux-androideabi/4.4.3\libgcc.a(_udivdi3.o)
 .debug_info    0x000086d3       0xfb c:/Users/John/tools/android-ndk-r8c/toolchains/arm-linux-androideabi-4.4.3/prebuilt/windows/bin/../lib/gcc/arm-linux-androideabi/4.4.3\libgcc.a(_udivsi3.o)
 .debug_info    0x000087ce       0xfb c:/Users/John/tools/android-ndk-r8c/toolchains/arm-linux-androideabi-4.4.3/prebuilt/windows/bin/../lib/gcc/arm-linux-androideabi/4.4.3\libgcc.a(_dvmd_lnx.o)

.debug_abbrev   0x00000000      0xdc2
 *(.debug_abbrev)
 .debug_abbrev  0x00000000      0x294 debug\GAIDWrapper_platform.os
 .debug_abbrev  0x00000294       0xc1 debug\GAIDWrapper.os
 .debug_abbrev  0x00000355       0xe0 debug\GAIDWrapper_register.os
 .debug_abbrev  0x00000435       0x14 c:/Users/John/tools/android-ndk-r8c/toolchains/arm-linux-androideabi-4.4.3/prebuilt/windows/bin/../lib/gcc/arm-linux-androideabi/4.4.3\libgcc.a(_aeabi_ldivmod.o)
 .debug_abbrev  0x00000449       0x6a c:/Users/John/tools/android-ndk-r8c/toolchains/arm-linux-androideabi-4.4.3/prebuilt/windows/bin/../lib/gcc/arm-linux-androideabi/4.4.3\libgcc.a(bpabi.o)
 .debug_abbrev  0x000004b3      0x3bb c:/Users/John/tools/android-ndk-r8c/toolchains/arm-linux-androideabi-4.4.3/prebuilt/windows/bin/../lib/gcc/arm-linux-androideabi/4.4.3\libgcc.a(unwind-arm.o)
 .debug_abbrev  0x0000086e       0x14 c:/Users/John/tools/android-ndk-r8c/toolchains/arm-linux-androideabi-4.4.3/prebuilt/windows/bin/../lib/gcc/arm-linux-androideabi/4.4.3\libgcc.a(libunwind.o)
 .debug_abbrev  0x00000882      0x220 c:/Users/John/tools/android-ndk-r8c/toolchains/arm-linux-androideabi-4.4.3/prebuilt/windows/bin/../lib/gcc/arm-linux-androideabi/4.4.3\libgcc.a(pr-support.o)
 .debug_abbrev  0x00000aa2      0x18b c:/Users/John/tools/android-ndk-r8c/toolchains/arm-linux-androideabi-4.4.3/prebuilt/windows/bin/../lib/gcc/arm-linux-androideabi/4.4.3\libgcc.a(_divdi3.o)
 .debug_abbrev  0x00000c2d      0x16d c:/Users/John/tools/android-ndk-r8c/toolchains/arm-linux-androideabi-4.4.3/prebuilt/windows/bin/../lib/gcc/arm-linux-androideabi/4.4.3\libgcc.a(_udivdi3.o)
 .debug_abbrev  0x00000d9a       0x14 c:/Users/John/tools/android-ndk-r8c/toolchains/arm-linux-androideabi-4.4.3/prebuilt/windows/bin/../lib/gcc/arm-linux-androideabi/4.4.3\libgcc.a(_udivsi3.o)
 .debug_abbrev  0x00000dae       0x14 c:/Users/John/tools/android-ndk-r8c/toolchains/arm-linux-androideabi-4.4.3/prebuilt/windows/bin/../lib/gcc/arm-linux-androideabi/4.4.3\libgcc.a(_dvmd_lnx.o)

.debug_line     0x00000000     0x122f
 *(.debug_line)
 .debug_line    0x00000000      0x347 debug\GAIDWrapper_platform.os
 .debug_line    0x00000347       0xe0 debug\GAIDWrapper.os
 .debug_line    0x00000427       0xf8 debug\GAIDWrapper_register.os
 .debug_line    0x0000051f       0xa5 c:/Users/John/tools/android-ndk-r8c/toolchains/arm-linux-androideabi-4.4.3/prebuilt/windows/bin/../lib/gcc/arm-linux-androideabi/4.4.3\libgcc.a(_aeabi_ldivmod.o)
 .debug_line    0x000005c4       0xab c:/Users/John/tools/android-ndk-r8c/toolchains/arm-linux-androideabi-4.4.3/prebuilt/windows/bin/../lib/gcc/arm-linux-androideabi/4.4.3\libgcc.a(bpabi.o)
 .debug_line    0x0000066f      0x4d2 c:/Users/John/tools/android-ndk-r8c/toolchains/arm-linux-androideabi-4.4.3/prebuilt/windows/bin/../lib/gcc/arm-linux-androideabi/4.4.3\libgcc.a(unwind-arm.o)
 .debug_line    0x00000b41       0xf1 c:/Users/John/tools/android-ndk-r8c/toolchains/arm-linux-androideabi-4.4.3/prebuilt/windows/bin/../lib/gcc/arm-linux-androideabi/4.4.3\libgcc.a(libunwind.o)
 .debug_line    0x00000c32      0x1d2 c:/Users/John/tools/android-ndk-r8c/toolchains/arm-linux-androideabi-4.4.3/prebuilt/windows/bin/../lib/gcc/arm-linux-androideabi/4.4.3\libgcc.a(pr-support.o)
 .debug_line    0x00000e04      0x162 c:/Users/John/tools/android-ndk-r8c/toolchains/arm-linux-androideabi-4.4.3/prebuilt/windows/bin/../lib/gcc/arm-linux-androideabi/4.4.3\libgcc.a(_divdi3.o)
 .debug_line    0x00000f66      0x152 c:/Users/John/tools/android-ndk-r8c/toolchains/arm-linux-androideabi-4.4.3/prebuilt/windows/bin/../lib/gcc/arm-linux-androideabi/4.4.3\libgcc.a(_udivdi3.o)
 .debug_line    0x000010b8       0xcc c:/Users/John/tools/android-ndk-r8c/toolchains/arm-linux-androideabi-4.4.3/prebuilt/windows/bin/../lib/gcc/arm-linux-androideabi/4.4.3\libgcc.a(_udivsi3.o)
 .debug_line    0x00001184       0xab c:/Users/John/tools/android-ndk-r8c/toolchains/arm-linux-androideabi-4.4.3/prebuilt/windows/bin/../lib/gcc/arm-linux-androideabi/4.4.3\libgcc.a(_dvmd_lnx.o)

.debug_frame    0x00000000      0x770
 *(.debug_frame)
 .debug_frame   0x00000000      0x244 debug\GAIDWrapper_platform.os
 .debug_frame   0x00000244       0x64 debug\GAIDWrapper.os
 .debug_frame   0x000002a8       0x64 debug\GAIDWrapper_register.os
 .debug_frame   0x0000030c       0x60 c:/Users/John/tools/android-ndk-r8c/toolchains/arm-linux-androideabi-4.4.3/prebuilt/windows/bin/../lib/gcc/arm-linux-androideabi/4.4.3\libgcc.a(bpabi.o)
 .debug_frame   0x0000036c      0x248 c:/Users/John/tools/android-ndk-r8c/toolchains/arm-linux-androideabi-4.4.3/prebuilt/windows/bin/../lib/gcc/arm-linux-androideabi/4.4.3\libgcc.a(unwind-arm.o)
 .debug_frame   0x000005b4      0x108 c:/Users/John/tools/android-ndk-r8c/toolchains/arm-linux-androideabi-4.4.3/prebuilt/windows/bin/../lib/gcc/arm-linux-androideabi/4.4.3\libgcc.a(pr-support.o)
 .debug_frame   0x000006bc       0x44 c:/Users/John/tools/android-ndk-r8c/toolchains/arm-linux-androideabi-4.4.3/prebuilt/windows/bin/../lib/gcc/arm-linux-androideabi/4.4.3\libgcc.a(_divdi3.o)
 .debug_frame   0x00000700       0x48 c:/Users/John/tools/android-ndk-r8c/toolchains/arm-linux-androideabi-4.4.3/prebuilt/windows/bin/../lib/gcc/arm-linux-androideabi/4.4.3\libgcc.a(_udivdi3.o)
 .debug_frame   0x00000748       0x28 c:/Users/John/tools/android-ndk-r8c/toolchains/arm-linux-androideabi-4.4.3/prebuilt/windows/bin/../lib/gcc/arm-linux-androideabi/4.4.3\libgcc.a(_udivsi3.o)

.debug_str      0x00000000     0x560d
 *(.debug_str)
 .debug_str     0x00000000     0x490b debug\GAIDWrapper_platform.os
                               0x4a92 (size before relaxing)
 .debug_str     0x0000490b       0xbc debug\GAIDWrapper.os
                                0x226 (size before relaxing)
 .debug_str     0x000049c7       0xcd debug\GAIDWrapper_register.os
                                0x209 (size before relaxing)
 .debug_str     0x00004a94       0xb9 c:/Users/John/tools/android-ndk-r8c/toolchains/arm-linux-androideabi-4.4.3/prebuilt/windows/bin/../lib/gcc/arm-linux-androideabi/4.4.3\libgcc.a(bpabi.o)
                                 0xde (size before relaxing)
 .debug_str     0x00004b4d      0x814 c:/Users/John/tools/android-ndk-r8c/toolchains/arm-linux-androideabi-4.4.3/prebuilt/windows/bin/../lib/gcc/arm-linux-androideabi/4.4.3\libgcc.a(unwind-arm.o)
                                0x8f4 (size before relaxing)
 .debug_str     0x00005361      0x13d c:/Users/John/tools/android-ndk-r8c/toolchains/arm-linux-androideabi-4.4.3/prebuilt/windows/bin/../lib/gcc/arm-linux-androideabi/4.4.3\libgcc.a(pr-support.o)
                                0x45a (size before relaxing)
 .debug_str     0x0000549e      0x165 c:/Users/John/tools/android-ndk-r8c/toolchains/arm-linux-androideabi-4.4.3/prebuilt/windows/bin/../lib/gcc/arm-linux-androideabi/4.4.3\libgcc.a(_divdi3.o)
                                0x215 (size before relaxing)
 .debug_str     0x00005603        0xa c:/Users/John/tools/android-ndk-r8c/toolchains/arm-linux-androideabi-4.4.3/prebuilt/windows/bin/../lib/gcc/arm-linux-androideabi/4.4.3\libgcc.a(_udivdi3.o)
                                0x216 (size before relaxing)

.debug_loc      0x00000000     0x254d
 *(.debug_loc)
 .debug_loc     0x00000000      0x35c debug\GAIDWrapper_platform.os
 .debug_loc     0x0000035c       0x6c debug\GAIDWrapper.os
 .debug_loc     0x000003c8       0x78 debug\GAIDWrapper_register.os
 .debug_loc     0x00000440      0x120 c:/Users/John/tools/android-ndk-r8c/toolchains/arm-linux-androideabi-4.4.3/prebuilt/windows/bin/../lib/gcc/arm-linux-androideabi/4.4.3\libgcc.a(bpabi.o)
 .debug_loc     0x00000560      0xfef c:/Users/John/tools/android-ndk-r8c/toolchains/arm-linux-androideabi-4.4.3/prebuilt/windows/bin/../lib/gcc/arm-linux-androideabi/4.4.3\libgcc.a(unwind-arm.o)
 .debug_loc     0x0000154f      0x2f9 c:/Users/John/tools/android-ndk-r8c/toolchains/arm-linux-androideabi-4.4.3/prebuilt/windows/bin/../lib/gcc/arm-linux-androideabi/4.4.3\libgcc.a(pr-support.o)
 .debug_loc     0x00001848      0x6cf c:/Users/John/tools/android-ndk-r8c/toolchains/arm-linux-androideabi-4.4.3/prebuilt/windows/bin/../lib/gcc/arm-linux-androideabi/4.4.3\libgcc.a(_divdi3.o)
 .debug_loc     0x00001f17      0x636 c:/Users/John/tools/android-ndk-r8c/toolchains/arm-linux-androideabi-4.4.3/prebuilt/windows/bin/../lib/gcc/arm-linux-androideabi/4.4.3\libgcc.a(_udivdi3.o)

.debug_macinfo
 *(.debug_macinfo)

.debug_weaknames
 *(.debug_weaknames)

.debug_funcnames
 *(.debug_funcnames)

.debug_typenames
 *(.debug_typenames)

.debug_varnames
 *(.debug_varnames)

.debug_pubtypes
 *(.debug_pubtypes)

.debug_ranges   0x00000000      0x438
 *(.debug_ranges)
 .debug_ranges  0x00000000       0xa8 debug\GAIDWrapper_platform.os
 .debug_ranges  0x000000a8       0x20 debug\GAIDWrapper.os
 .debug_ranges  0x000000c8       0x20 debug\GAIDWrapper_register.os
 .debug_ranges  0x000000e8      0x1f8 c:/Users/John/tools/android-ndk-r8c/toolchains/arm-linux-androideabi-4.4.3/prebuilt/windows/bin/../lib/gcc/arm-linux-androideabi/4.4.3\libgcc.a(unwind-arm.o)
 .debug_ranges  0x000002e0       0x30 c:/Users/John/tools/android-ndk-r8c/toolchains/arm-linux-androideabi-4.4.3/prebuilt/windows/bin/../lib/gcc/arm-linux-androideabi/4.4.3\libgcc.a(pr-support.o)
 .debug_ranges  0x00000310       0xa0 c:/Users/John/tools/android-ndk-r8c/toolchains/arm-linux-androideabi-4.4.3/prebuilt/windows/bin/../lib/gcc/arm-linux-androideabi/4.4.3\libgcc.a(_divdi3.o)
 .debug_ranges  0x000003b0       0x88 c:/Users/John/tools/android-ndk-r8c/toolchains/arm-linux-androideabi-4.4.3/prebuilt/windows/bin/../lib/gcc/arm-linux-androideabi/4.4.3\libgcc.a(_udivdi3.o)

.gnu.attributes
 *(.gnu.attributes)

.note.gnu.arm.ident
 *(.note.gnu.arm.ident)

/DISCARD/
 *(.note.GNU-stack)
 *(.gnu_debuglink)
OUTPUT(C:\Users\John\Documents\GitHub\sdk\sdk-marmalade\ios_android\GAIDWrapper\lib\android\libGAIDWrapper_d.so elf32-littlearm)

.ARM.attributes
                0x00000000       0x31
 .ARM.attributes
                0x00000000       0x2d C:/Users/John/tools/android-ndk-r8c/platforms/android-9/arch-arm/usr/lib/crtbegin_so.o
 .ARM.attributes
                0x0000002d       0x2b debug\GAIDWrapper_platform.os
 .ARM.attributes
                0x00000058       0x2b debug\GAIDWrapper.os
 .ARM.attributes
                0x00000083       0x2b debug\GAIDWrapper_register.os
 .ARM.attributes
                0x000000ae       0x2b C:\marmalade\7.1\s3e\edk\lib\android\libedk.a(IwDebug.o)
 .ARM.attributes
                0x000000d9       0x2b C:\marmalade\7.1\s3e\edk\lib\android\libedk.a(edk_helpers.o)
 .ARM.attributes
                0x00000104       0x19 c:/Users/John/tools/android-ndk-r8c/toolchains/arm-linux-androideabi-4.4.3/prebuilt/windows/bin/../lib/gcc/arm-linux-androideabi/4.4.3\libgcc.a(_aeabi_ldivmod.o)
 .ARM.attributes
                0x0000011d       0x29 c:/Users/John/tools/android-ndk-r8c/toolchains/arm-linux-androideabi-4.4.3/prebuilt/windows/bin/../lib/gcc/arm-linux-androideabi/4.4.3\libgcc.a(bpabi.o)
 .ARM.attributes
                0x00000146       0x29 c:/Users/John/tools/android-ndk-r8c/toolchains/arm-linux-androideabi-4.4.3/prebuilt/windows/bin/../lib/gcc/arm-linux-androideabi/4.4.3\libgcc.a(unwind-arm.o)
 .ARM.attributes
                0x0000016f       0x19 c:/Users/John/tools/android-ndk-r8c/toolchains/arm-linux-androideabi-4.4.3/prebuilt/windows/bin/../lib/gcc/arm-linux-androideabi/4.4.3\libgcc.a(libunwind.o)
 .ARM.attributes
                0x00000188       0x29 c:/Users/John/tools/android-ndk-r8c/toolchains/arm-linux-androideabi-4.4.3/prebuilt/windows/bin/../lib/gcc/arm-linux-androideabi/4.4.3\libgcc.a(pr-support.o)
 .ARM.attributes
                0x000001b1       0x29 c:/Users/John/tools/android-ndk-r8c/toolchains/arm-linux-androideabi-4.4.3/prebuilt/windows/bin/../lib/gcc/arm-linux-androideabi/4.4.3\libgcc.a(_divdi3.o)
 .ARM.attributes
                0x000001da       0x29 c:/Users/John/tools/android-ndk-r8c/toolchains/arm-linux-androideabi-4.4.3/prebuilt/windows/bin/../lib/gcc/arm-linux-androideabi/4.4.3\libgcc.a(_udivdi3.o)
 .ARM.attributes
                0x00000203       0x19 c:/Users/John/tools/android-ndk-r8c/toolchains/arm-linux-androideabi-4.4.3/prebuilt/windows/bin/../lib/gcc/arm-linux-androideabi/4.4.3\libgcc.a(_udivsi3.o)
 .ARM.attributes
                0x0000021c       0x19 c:/Users/John/tools/android-ndk-r8c/toolchains/arm-linux-androideabi-4.4.3/prebuilt/windows/bin/../lib/gcc/arm-linux-androideabi/4.4.3\libgcc.a(_dvmd_lnx.o)
 .ARM.attributes
                0x00000235       0x1f C:/Users/John/tools/android-ndk-r8c/platforms/android-9/arch-arm/usr/lib/crtend_so.o
