Archive member included because of file (symbol)

/Applications/Marmalade.app/Contents/s3e/edk/lib/android/libedk.a(IwDebug.o)
                              debug/s3eMATSDK_platform.os (IwDebugTraceSetTraceChannel)
/Applications/Marmalade.app/Contents/s3e/edk/lib/android/libedk.a(edk_helpers.o)
                              debug/s3eMATSDK_platform.os (s3eEdkThreadRunOnOS)
/Users/harshal/Library/Developer/android/ndk-r8e/toolchains/arm-linux-androideabi-4.7/prebuilt/darwin-x86_64/bin/../lib/gcc/arm-linux-androideabi/4.7/libgcc.a(_aeabi_ldivmod.o)
                              /Applications/Marmalade.app/Contents/s3e/edk/lib/android/libedk.a(IwDebug.o) (__aeabi_ldivmod)
/Users/harshal/Library/Developer/android/ndk-r8e/toolchains/arm-linux-androideabi-4.7/prebuilt/darwin-x86_64/bin/../lib/gcc/arm-linux-androideabi/4.7/libgcc.a(_dvmd_lnx.o)
                              /Users/harshal/Library/Developer/android/ndk-r8e/toolchains/arm-linux-androideabi-4.7/prebuilt/darwin-x86_64/bin/../lib/gcc/arm-linux-androideabi/4.7/libgcc.a(_aeabi_ldivmod.o) (__aeabi_ldiv0)
/Users/harshal/Library/Developer/android/ndk-r8e/toolchains/arm-linux-androideabi-4.7/prebuilt/darwin-x86_64/bin/../lib/gcc/arm-linux-androideabi/4.7/libgcc.a(bpabi.o)
                              /Users/harshal/Library/Developer/android/ndk-r8e/toolchains/arm-linux-androideabi-4.7/prebuilt/darwin-x86_64/bin/../lib/gcc/arm-linux-androideabi/4.7/libgcc.a(_aeabi_ldivmod.o) (__gnu_ldivmod_helper)
/Users/harshal/Library/Developer/android/ndk-r8e/toolchains/arm-linux-androideabi-4.7/prebuilt/darwin-x86_64/bin/../lib/gcc/arm-linux-androideabi/4.7/libgcc.a(_divdi3.o)
                              /Users/harshal/Library/Developer/android/ndk-r8e/toolchains/arm-linux-androideabi-4.7/prebuilt/darwin-x86_64/bin/../lib/gcc/arm-linux-androideabi/4.7/libgcc.a(bpabi.o) (__divdi3)
/Users/harshal/Library/Developer/android/ndk-r8e/toolchains/arm-linux-androideabi-4.7/prebuilt/darwin-x86_64/bin/../lib/gcc/arm-linux-androideabi/4.7/libgcc.a(_udivdi3.o)
                              /Users/harshal/Library/Developer/android/ndk-r8e/toolchains/arm-linux-androideabi-4.7/prebuilt/darwin-x86_64/bin/../lib/gcc/arm-linux-androideabi/4.7/libgcc.a(bpabi.o) (__udivdi3)
/Users/harshal/Library/Developer/android/ndk-r8e/toolchains/arm-linux-androideabi-4.7/prebuilt/darwin-x86_64/bin/../lib/gcc/arm-linux-androideabi/4.7/libgcc.a(unwind-arm.o)
                              /Users/harshal/Library/Developer/android/ndk-r8e/toolchains/arm-linux-androideabi-4.7/prebuilt/darwin-x86_64/bin/../lib/gcc/arm-linux-androideabi/4.7/libgcc.a(_divdi3.o) (__aeabi_unwind_cpp_pr0)
/Users/harshal/Library/Developer/android/ndk-r8e/toolchains/arm-linux-androideabi-4.7/prebuilt/darwin-x86_64/bin/../lib/gcc/arm-linux-androideabi/4.7/libgcc.a(libunwind.o)
                              /Users/harshal/Library/Developer/android/ndk-r8e/toolchains/arm-linux-androideabi-4.7/prebuilt/darwin-x86_64/bin/../lib/gcc/arm-linux-androideabi/4.7/libgcc.a(unwind-arm.o) (restore_core_regs)
/Users/harshal/Library/Developer/android/ndk-r8e/toolchains/arm-linux-androideabi-4.7/prebuilt/darwin-x86_64/bin/../lib/gcc/arm-linux-androideabi/4.7/libgcc.a(pr-support.o)
                              /Users/harshal/Library/Developer/android/ndk-r8e/toolchains/arm-linux-androideabi-4.7/prebuilt/darwin-x86_64/bin/../lib/gcc/arm-linux-androideabi/4.7/libgcc.a(unwind-arm.o) (__gnu_unwind_execute)
/Users/harshal/Library/Developer/android/ndk-r8e/toolchains/arm-linux-androideabi-4.7/prebuilt/darwin-x86_64/bin/../lib/gcc/arm-linux-androideabi/4.7/libgcc.a(_udivsi3.o)
                              /Users/harshal/Library/Developer/android/ndk-r8e/toolchains/arm-linux-androideabi-4.7/prebuilt/darwin-x86_64/bin/../lib/gcc/arm-linux-androideabi/4.7/libgcc.a(_divdi3.o) (__aeabi_uidiv)

Discarded input sections

 .note.GNU-stack
                0x00000000        0x0 /Users/harshal/Library/Developer/android/ndk/platforms/android-9/arch-arm/usr/lib/crtbegin_so.o
 .group         0x00000000        0x8 debug/s3eMATSDK_platform.os
 .group         0x00000000        0x8 debug/s3eMATSDK_platform.os
 .group         0x00000000        0x8 debug/s3eMATSDK_platform.os
 .group         0x00000000        0x8 debug/s3eMATSDK_platform.os
 .group         0x00000000        0x8 debug/s3eMATSDK_platform.os
 .group         0x00000000        0x8 debug/s3eMATSDK_platform.os
 .group         0x00000000        0x8 debug/s3eMATSDK_platform.os
 .group         0x00000000        0x8 debug/s3eMATSDK_platform.os
 .group         0x00000000        0x8 debug/s3eMATSDK_platform.os
 .group         0x00000000        0x8 debug/s3eMATSDK_platform.os
 .group         0x00000000        0x8 debug/s3eMATSDK_platform.os
 .group         0x00000000        0x8 debug/s3eMATSDK_platform.os
 .group         0x00000000        0x8 debug/s3eMATSDK_platform.os
 .note.GNU-stack
                0x00000000        0x0 debug/s3eMATSDK_platform.os
 .note.GNU-stack
                0x00000000        0x0 debug/s3eMATSDK.os
 .note.GNU-stack
                0x00000000        0x0 debug/s3eMATSDK_register.os
 .note.GNU-stack
                0x00000000        0x0 /Applications/Marmalade.app/Contents/s3e/edk/lib/android/libedk.a(IwDebug.o)
 .note.GNU-stack
                0x00000000        0x0 /Applications/Marmalade.app/Contents/s3e/edk/lib/android/libedk.a(edk_helpers.o)
 .note.GNU-stack
                0x00000000        0x0 /Users/harshal/Library/Developer/android/ndk-r8e/toolchains/arm-linux-androideabi-4.7/prebuilt/darwin-x86_64/bin/../lib/gcc/arm-linux-androideabi/4.7/libgcc.a(_aeabi_ldivmod.o)
 .note.GNU-stack
                0x00000000        0x0 /Users/harshal/Library/Developer/android/ndk-r8e/toolchains/arm-linux-androideabi-4.7/prebuilt/darwin-x86_64/bin/../lib/gcc/arm-linux-androideabi/4.7/libgcc.a(_dvmd_lnx.o)
 .note.GNU-stack
                0x00000000        0x0 /Users/harshal/Library/Developer/android/ndk-r8e/toolchains/arm-linux-androideabi-4.7/prebuilt/darwin-x86_64/bin/../lib/gcc/arm-linux-androideabi/4.7/libgcc.a(bpabi.o)
 .note.GNU-stack
                0x00000000        0x0 /Users/harshal/Library/Developer/android/ndk-r8e/toolchains/arm-linux-androideabi-4.7/prebuilt/darwin-x86_64/bin/../lib/gcc/arm-linux-androideabi/4.7/libgcc.a(_divdi3.o)
 .note.GNU-stack
                0x00000000        0x0 /Users/harshal/Library/Developer/android/ndk-r8e/toolchains/arm-linux-androideabi-4.7/prebuilt/darwin-x86_64/bin/../lib/gcc/arm-linux-androideabi/4.7/libgcc.a(_udivdi3.o)
 .note.GNU-stack
                0x00000000        0x0 /Users/harshal/Library/Developer/android/ndk-r8e/toolchains/arm-linux-androideabi-4.7/prebuilt/darwin-x86_64/bin/../lib/gcc/arm-linux-androideabi/4.7/libgcc.a(unwind-arm.o)
 .note.GNU-stack
                0x00000000        0x0 /Users/harshal/Library/Developer/android/ndk-r8e/toolchains/arm-linux-androideabi-4.7/prebuilt/darwin-x86_64/bin/../lib/gcc/arm-linux-androideabi/4.7/libgcc.a(libunwind.o)
 .note.GNU-stack
                0x00000000        0x0 /Users/harshal/Library/Developer/android/ndk-r8e/toolchains/arm-linux-androideabi-4.7/prebuilt/darwin-x86_64/bin/../lib/gcc/arm-linux-androideabi/4.7/libgcc.a(pr-support.o)
 .note.GNU-stack
                0x00000000        0x0 /Users/harshal/Library/Developer/android/ndk-r8e/toolchains/arm-linux-androideabi-4.7/prebuilt/darwin-x86_64/bin/../lib/gcc/arm-linux-androideabi/4.7/libgcc.a(_udivsi3.o)
 .note.GNU-stack
                0x00000000        0x0 /Users/harshal/Library/Developer/android/ndk/platforms/android-9/arch-arm/usr/lib/crtend_so.o

Memory map

 ** file header
                0x00000000       0x34
 ** segment headers
                0x00000034      0x100

.interp         0x00000134       0x13
 ** fill        0x00000134       0x13

.dynsym         0x00000148      0x590
 ** dynsym      0x00000148      0x590

.dynstr         0x000006d8      0x6a7
 ** string table
                0x000006d8      0x6a7

.hash           0x00000d80      0x278
 ** hash        0x00000d80      0x278

.rel.dyn        0x00000ff8      0x188
 ** dynamic relocs
                0x00000ff8      0x188

.rel.plt        0x00001180       0xf8
 ** dynamic relocs
                0x00001180       0xf8

.plt            0x00001278      0x188
 ** PLT         0x00001278      0x188

.text           0x00001400     0x73c0
 .text.exit     0x00001400       0x10 /Users/harshal/Library/Developer/android/ndk/platforms/android-9/arch-arm/usr/lib/crtbegin_so.o
                0x00001400                __on_dlclose
 .text          0x00001410       0x14 /Users/harshal/Library/Developer/android/ndk/platforms/android-9/arch-arm/usr/lib/crtbegin_so.o
                0x00001410                atexit
 .text          0x00001424     0x1eac debug/s3eMATSDK_platform.os
                0x00001528                MATSDKInit_platform()
                0x00002174                MATSDKTerminate_platform()
                0x00002178                MATStartMobileAppTracker_platform(char const*, char const*)
                0x0000220c                MATTrackSession_platform()
                0x00002254                MATTrackSessionWithReferenceId_platform(char const*)
                0x000022c0                MATTrackActionForEventIdOrName_platform(char const*, char const*)
                0x00002354                MATTrackAction_platform(char const*, char const*, char const*)
                0x00002410                MATTrackActionForEventIdOrNameItems_platform(char const*, MATArray const*, char const*, char const*, char const*, unsigned char, char const*, char const*)
                0x00002884                MATStartAppToAppTracking_platform(char const*, char const*, char const*, char const*, bool)
                0x00002974                MATSetPackageName_platform(char const*)
                0x000029e0                MATSetCurrencyCode_platform(char const*)
                0x00002a4c                MATSetUserEmail_platform(char const*)
                0x00002ab8                MATSetUserId_platform(char const*)
                0x00002b24                MATSetUserName_platform(char const*)
                0x00002b90                MATSetFacebookUserId_platform(char const*)
                0x00002bfc                MATSetTwitterUserId_platform(char const*)
                0x00002c68                MATSetGoogleUserId_platform(char const*)
                0x00002cd4                MATSetGoogleAdvertisingId_platform(char const*)
                0x00002d40                MATSetEventAttribute1_platform(char const*)
                0x00002dac                MATSetEventAttribute2_platform(char const*)
                0x00002e18                MATSetEventAttribute3_platform(char const*)
                0x00002e84                MATSetEventAttribute4_platform(char const*)
                0x00002ef0                MATSetEventAttribute5_platform(char const*)
                0x00002f5c                MATSetExistingUser_platform(bool)
                0x00002fa8                MATSetSiteId_platform(char const*)
                0x00003014                MATSetTRUSTeId_platform(char const*)
                0x00003080                MATSetDebugMode_platform(bool)
                0x000030cc                MATSetAllowDuplicates_platform(bool)
                0x00003118                MATSetAge_platform(int)
                0x00003168                MATSetGender_platform(int)
                0x000031b8                MATSetLocation_platform(char const*, char const*, char const*)
                0x00003220                MATSetAppleAdvertisingIdentifier_platform(char const*, bool)
                0x00003238                MATSetAppleVendorIdentifier_platform(char const*)
                0x00003248                MATSetAppAdTracking_platform(bool)
                0x0000325c                MATSetDelegate_platform(bool)
                0x00003270                MATSetJailbroken_platform(bool)
                0x00003284                MATSetRedirectUrl_platform(char const*)
                0x00003294                MATSetShouldAutoDetectJailbroken_platform(bool)
                0x000032a8                MATSetShouldAutoGenerateAppleVendorIdentifier_platform(bool)
                0x000032bc                MATSetUseCookieTracking_platform(bool)
 .text._ZN7_JNIEnv9FindClassEPKc
                0x000032d0       0x38 debug/s3eMATSDK_platform.os
                0x000032d0                _JNIEnv::FindClass(char const*)
 .text._ZN7_JNIEnv17ExceptionOccurredEv
                0x00003308       0x30 debug/s3eMATSDK_platform.os
                0x00003308                _JNIEnv::ExceptionOccurred()
 .text._ZN7_JNIEnv17ExceptionDescribeEv
                0x00003338       0x28 debug/s3eMATSDK_platform.os
                0x00003338                _JNIEnv::ExceptionDescribe()
 .text._ZN7_JNIEnv14ExceptionClearEv
                0x00003360       0x28 debug/s3eMATSDK_platform.os
                0x00003360                _JNIEnv::ExceptionClear()
 .text._ZN7_JNIEnv12NewGlobalRefEP8_jobject
                0x00003388       0x38 debug/s3eMATSDK_platform.os
                0x00003388                _JNIEnv::NewGlobalRef(_jobject*)
 .text._ZN7_JNIEnv15DeleteGlobalRefEP8_jobject
                0x000033c0       0x30 debug/s3eMATSDK_platform.os
                0x000033c0                _JNIEnv::DeleteGlobalRef(_jobject*)
 .text._ZN7_JNIEnv14DeleteLocalRefEP8_jobject
                0x000033f0       0x30 debug/s3eMATSDK_platform.os
                0x000033f0                _JNIEnv::DeleteLocalRef(_jobject*)
 .text._ZN7_JNIEnv9NewObjectEP7_jclassP10_jmethodIDz
                0x00003420       0x58 debug/s3eMATSDK_platform.os
                0x00003420                _JNIEnv::NewObject(_jclass*, _jmethodID*, ...)
 .text._ZN7_JNIEnv11GetMethodIDEP7_jclassPKcS3_
                0x00003478       0x48 debug/s3eMATSDK_platform.os
                0x00003478                _JNIEnv::GetMethodID(_jclass*, char const*, char const*)
 .text._ZN7_JNIEnv17CallBooleanMethodEP8_jobjectP10_jmethodIDz
                0x000034c0       0x5c debug/s3eMATSDK_platform.os
                0x000034c0                _JNIEnv::CallBooleanMethod(_jobject*, _jmethodID*, ...)
 .text._ZN7_JNIEnv14CallVoidMethodEP8_jobjectP10_jmethodIDz
                0x0000351c       0x4c debug/s3eMATSDK_platform.os
                0x0000351c                _JNIEnv::CallVoidMethod(_jobject*, _jmethodID*, ...)
 .text._ZN7_JNIEnv12NewStringUTFEPKc
                0x00003568       0x38 debug/s3eMATSDK_platform.os
                0x00003568                _JNIEnv::NewStringUTF(char const*)
 .text._ZN7_JavaVM6GetEnvEPPvi
                0x000035a0       0x40 debug/s3eMATSDK_platform.os
                0x000035a0                _JavaVM::GetEnv(void**, int)
 .text          0x000035e0      0x518 debug/s3eMATSDK.os
                0x000035e0                s3eMATSDKInit()
                0x000035f4                s3eMATSDKTerminate()
                0x00003600                MATStartMobileAppTracker
                0x00003624                MATTrackSession
                0x00003630                MATTrackSessionWithReferenceId
                0x0000364c                MATTrackActionForEventIdOrName
                0x00003670                MATTrackActionForEventIdOrNameItems
                0x000036c4                MATTrackAction
                0x000036f0                MATStartAppToAppTracking
                0x0000372c                MATSetPackageName
                0x00003748                MATSetCurrencyCode
                0x00003764                MATSetJailbroken
                0x00003788                MATSetUserEmail
                0x000037a4                MATSetUserId
                0x000037c0                MATSetUserName
                0x000037dc                MATSetFacebookUserId
                0x000037f8                MATSetTwitterUserId
                0x00003814                MATSetGoogleUserId
                0x00003830                MATSetGoogleAdvertisingId
                0x0000384c                MATSetSiteId
                0x00003868                MATSetTRUSTeId
                0x00003884                MATSetAppAdTracking
                0x000038a8                MATSetDelegate
                0x000038cc                MATSetDebugMode
                0x000038f0                MATSetEventAttribute1
                0x0000390c                MATSetEventAttribute2
                0x00003928                MATSetEventAttribute3
                0x00003944                MATSetEventAttribute4
                0x00003960                MATSetEventAttribute5
                0x0000397c                MATSetExistingUser
                0x000039a0                MATSetAllowDuplicates
                0x000039c4                MATSetShouldAutoDetectJailbroken
                0x000039e8                MATSetShouldAutoGenerateAppleVendorIdentifier
                0x00003a0c                MATSetUseCookieTracking
                0x00003a30                MATSetRedirectUrl
                0x00003a4c                MATSetAppleAdvertisingIdentifier
                0x00003a78                MATSetAppleVendorIdentifier
                0x00003a94                MATSetAge
                0x00003ab0                MATSetGender
                0x00003acc                MATSetLocation
 .text          0x00003af8     0x1a60 debug/s3eMATSDK_register.os
                0x0000526c                s3eMATSDKRegisterExt()
                0x0000554c                RegisterExt
 .text          0x00005558        0x0 /Applications/Marmalade.app/Contents/s3e/edk/lib/android/libedk.a(IwDebug.o)
 .text.IwAssertRegisterTextCallback
                0x00005558       0x1c /Applications/Marmalade.app/Contents/s3e/edk/lib/android/libedk.a(IwDebug.o)
                0x00005558                IwAssertRegisterTextCallback
 .text.IwAssertRegisterCallback
                0x00005574       0x1c /Applications/Marmalade.app/Contents/s3e/edk/lib/android/libedk.a(IwDebug.o)
                0x00005574                IwAssertRegisterCallback
 .text.IwDebugTraceSetTraceChannel
                0x00005590       0x1c /Applications/Marmalade.app/Contents/s3e/edk/lib/android/libedk.a(IwDebug.o)
                0x00005590                IwDebugTraceSetTraceChannel
 .text.IwDebugErrorRegisterCallback
                0x000055ac       0x1c /Applications/Marmalade.app/Contents/s3e/edk/lib/android/libedk.a(IwDebug.o)
                0x000055ac                IwDebugErrorRegisterCallback
 .text.IwDebugAssertSetUID
                0x000055c8       0x14 /Applications/Marmalade.app/Contents/s3e/edk/lib/android/libedk.a(IwDebug.o)
                0x000055c8                IwDebugAssertSetUID
 .text._GLOBAL__I_Y__sdk_modules_iwcore_source_IwDebug.cpp
                0x000055dc       0xa4 /Applications/Marmalade.app/Contents/s3e/edk/lib/android/libedk.a(IwDebug.o)
 .text.IwDebugClearConfigCache
                0x00005680       0x80 /Applications/Marmalade.app/Contents/s3e/edk/lib/android/libedk.a(IwDebug.o)
                0x00005680                IwDebugClearConfigCache
 .text.IwDebugErrorShow
                0x00005700       0xec /Applications/Marmalade.app/Contents/s3e/edk/lib/android/libedk.a(IwDebug.o)
                0x00005700                IwDebugErrorShow
 .text.IwDebugTraceLineVPrintf
                0x000057ec       0xfc /Applications/Marmalade.app/Contents/s3e/edk/lib/android/libedk.a(IwDebug.o)
                0x000057ec                IwDebugTraceLineVPrintf
 .text.IwDebugAssertIsChannelOn
                0x000058e8      0x204 /Applications/Marmalade.app/Contents/s3e/edk/lib/android/libedk.a(IwDebug.o)
                0x000058e8                IwDebugAssertIsChannelOn
 .text.IwDebugTraceDisable
                0x00005aec       0x10 /Applications/Marmalade.app/Contents/s3e/edk/lib/android/libedk.a(IwDebug.o)
                0x00005aec                IwDebugTraceDisable
 .text.IwDebugAssertSetMessage
                0x00005afc       0xfc /Applications/Marmalade.app/Contents/s3e/edk/lib/android/libedk.a(IwDebug.o)
                0x00005afc                IwDebugAssertSetMessage
 .text.IwDebugAssertSetSolution
                0x00005bf8       0xa0 /Applications/Marmalade.app/Contents/s3e/edk/lib/android/libedk.a(IwDebug.o)
                0x00005bf8                IwDebugAssertSetSolution
 .text.IwDebugAssertShow
                0x00005c98      0x2d0 /Applications/Marmalade.app/Contents/s3e/edk/lib/android/libedk.a(IwDebug.o)
                0x00005c98                IwDebugAssertShow
 .text.IwDebugTraceIsChannelOn
                0x00005f68      0x2b8 /Applications/Marmalade.app/Contents/s3e/edk/lib/android/libedk.a(IwDebug.o)
                0x00005f68                IwDebugTraceIsChannelOn
 .text.IwDebugTraceChannelSwitch
                0x00006220      0x4c4 /Applications/Marmalade.app/Contents/s3e/edk/lib/android/libedk.a(IwDebug.o)
                0x00006220                IwDebugTraceChannelSwitch
 .text.IwDebugTraceLinePrintf
                0x000066e4      0x10c /Applications/Marmalade.app/Contents/s3e/edk/lib/android/libedk.a(IwDebug.o)
                0x000066e4                IwDebugTraceLinePrintf
 .text          0x000067f0        0x0 /Applications/Marmalade.app/Contents/s3e/edk/lib/android/libedk.a(edk_helpers.o)
 .text.s3eEdkThreadRunOnOSAsync
                0x000067f0       0x30 /Applications/Marmalade.app/Contents/s3e/edk/lib/android/libedk.a(edk_helpers.o)
                0x000067f0                s3eEdkThreadRunOnOSAsync
 .text.s3eEdkThreadRunOnOS
                0x00006820       0x30 /Applications/Marmalade.app/Contents/s3e/edk/lib/android/libedk.a(edk_helpers.o)
                0x00006820                s3eEdkThreadRunOnOS
 .text.s3eEdkErrorSetString
                0x00006850       0x30 /Applications/Marmalade.app/Contents/s3e/edk/lib/android/libedk.a(edk_helpers.o)
                0x00006850                s3eEdkErrorSetString
 .text          0x00006880       0x44 /Users/harshal/Library/Developer/android/ndk-r8e/toolchains/arm-linux-androideabi-4.7/prebuilt/darwin-x86_64/bin/../lib/gcc/arm-linux-androideabi/4.7/libgcc.a(_aeabi_ldivmod.o)
                0x00006880                __aeabi_ldivmod
 .text          0x000068c4       0x10 /Users/harshal/Library/Developer/android/ndk-r8e/toolchains/arm-linux-androideabi-4.7/prebuilt/darwin-x86_64/bin/../lib/gcc/arm-linux-androideabi/4.7/libgcc.a(_dvmd_lnx.o)
                0x000068c4                __aeabi_idiv0
                0x000068c4                __aeabi_ldiv0
 .text          0x000068d4       0x78 /Users/harshal/Library/Developer/android/ndk-r8e/toolchains/arm-linux-androideabi-4.7/prebuilt/darwin-x86_64/bin/../lib/gcc/arm-linux-androideabi/4.7/libgcc.a(bpabi.o)
                0x000068d4                __gnu_ldivmod_helper
                0x00006910                __gnu_uldivmod_helper
 .text          0x0000694c      0x480 /Users/harshal/Library/Developer/android/ndk-r8e/toolchains/arm-linux-androideabi-4.7/prebuilt/darwin-x86_64/bin/../lib/gcc/arm-linux-androideabi/4.7/libgcc.a(_divdi3.o)
                0x0000694c                __divdi3
 .text          0x00006dcc      0x400 /Users/harshal/Library/Developer/android/ndk-r8e/toolchains/arm-linux-androideabi-4.7/prebuilt/darwin-x86_64/bin/../lib/gcc/arm-linux-androideabi/4.7/libgcc.a(_udivdi3.o)
                0x00006dcc                __udivdi3
 .text          0x000071cc      0xef4 /Users/harshal/Library/Developer/android/ndk-r8e/toolchains/arm-linux-androideabi-4.7/prebuilt/darwin-x86_64/bin/../lib/gcc/arm-linux-androideabi/4.7/libgcc.a(unwind-arm.o)
                0x00007c98                __aeabi_unwind_cpp_pr0
                0x00007c90                __aeabi_unwind_cpp_pr1
                0x00007c88                __aeabi_unwind_cpp_pr2
                0x00007608                _Unwind_GetCFA
                0x00007610                __gnu_Unwind_RaiseException
                0x000076b4                __gnu_Unwind_ForcedUnwind
                0x000076d0                __gnu_Unwind_Resume
                0x00007748                __gnu_Unwind_Resume_or_Rethrow
                0x00007768                _Unwind_Complete
                0x0000776c                _Unwind_DeleteException
                0x0000778c                _Unwind_VRS_Get
                0x000077f8                _Unwind_VRS_Set
                0x00007ca0                __gnu_Unwind_Backtrace
                0x00007d60                _Unwind_VRS_Pop
 .text          0x000080c0      0x1a8 /Users/harshal/Library/Developer/android/ndk-r8e/toolchains/arm-linux-androideabi-4.7/prebuilt/darwin-x86_64/bin/../lib/gcc/arm-linux-androideabi/4.7/libgcc.a(libunwind.o)
                0x000080c0                __restore_core_regs
                0x000080c0                restore_core_regs
                0x000080d4                __gnu_Unwind_Restore_VFP
                0x000080dc                __gnu_Unwind_Save_VFP
                0x000080e4                __gnu_Unwind_Restore_VFP_D
                0x000080ec                __gnu_Unwind_Save_VFP_D
                0x000080f4                __gnu_Unwind_Restore_VFP_D_16_to_31
                0x000080fc                __gnu_Unwind_Save_VFP_D_16_to_31
                0x00008104                __gnu_Unwind_Restore_WMMXD
                0x00008148                __gnu_Unwind_Save_WMMXD
                0x0000818c                __gnu_Unwind_Restore_WMMXC
                0x000081a0                __gnu_Unwind_Save_WMMXC
                0x000081b4                ___Unwind_RaiseException
                0x000081b4                _Unwind_RaiseException
                0x000081d8                ___Unwind_Resume
                0x000081d8                _Unwind_Resume
                0x000081fc                ___Unwind_Resume_or_Rethrow
                0x000081fc                _Unwind_Resume_or_Rethrow
                0x00008220                ___Unwind_ForcedUnwind
                0x00008220                _Unwind_ForcedUnwind
                0x00008244                ___Unwind_Backtrace
                0x00008244                _Unwind_Backtrace
 .text          0x00008268      0x490 /Users/harshal/Library/Developer/android/ndk-r8e/toolchains/arm-linux-androideabi-4.7/prebuilt/darwin-x86_64/bin/../lib/gcc/arm-linux-androideabi/4.7/libgcc.a(pr-support.o)
                0x000082f0                __gnu_unwind_execute
                0x0000867c                __gnu_unwind_frame
                0x000086bc                _Unwind_GetRegionStart
                0x000086cc                _Unwind_GetLanguageSpecificData
                0x000086e8                _Unwind_GetDataRelBase
                0x000086f0                _Unwind_GetTextRelBase
 .text          0xffffffffffffffff       0xc8 /Users/harshal/Library/Developer/android/ndk-r8e/toolchains/arm-linux-androideabi-4.7/prebuilt/darwin-x86_64/bin/../lib/gcc/arm-linux-androideabi/4.7/libgcc.a(_udivsi3.o)
                0x000086f8                __udivsi3
                0x000086f8                __aeabi_uidiv
                0x000087a0                __aeabi_uidivmod
 .text          0x000087c0        0x0 /Users/harshal/Library/Developer/android/ndk/platforms/android-9/arch-arm/usr/lib/crtend_so.o

.rodata         0x000087c0      0xf70
 .rodata        0x000087c0      0x500 debug/s3eMATSDK_platform.os
 .rodata        0x00008cc0      0x950 debug/s3eMATSDK_register.os
 .rodata.str1.4
                0x00009610      0x120 /Applications/Marmalade.app/Contents/s3e/edk/lib/android/libedk.a(IwDebug.o)

.ARM.extab      0x00009730       0x3c
 .ARM.extab     0x00009730        0x0 /Users/harshal/Library/Developer/android/ndk-r8e/toolchains/arm-linux-androideabi-4.7/prebuilt/darwin-x86_64/bin/../lib/gcc/arm-linux-androideabi/4.7/libgcc.a(_divdi3.o)
 .ARM.extab     0x00009730        0x0 /Users/harshal/Library/Developer/android/ndk-r8e/toolchains/arm-linux-androideabi-4.7/prebuilt/darwin-x86_64/bin/../lib/gcc/arm-linux-androideabi/4.7/libgcc.a(_udivdi3.o)
 .ARM.extab     0x00009730       0x24 /Users/harshal/Library/Developer/android/ndk-r8e/toolchains/arm-linux-androideabi-4.7/prebuilt/darwin-x86_64/bin/../lib/gcc/arm-linux-androideabi/4.7/libgcc.a(unwind-arm.o)
 .ARM.extab     0x00009754       0x18 /Users/harshal/Library/Developer/android/ndk-r8e/toolchains/arm-linux-androideabi-4.7/prebuilt/darwin-x86_64/bin/../lib/gcc/arm-linux-androideabi/4.7/libgcc.a(pr-support.o)

.ARM.exidx      0x0000976c       0xe8
 .ARM.exidx     0x0000976c        0x8 /Users/harshal/Library/Developer/android/ndk-r8e/toolchains/arm-linux-androideabi-4.7/prebuilt/darwin-x86_64/bin/../lib/gcc/arm-linux-androideabi/4.7/libgcc.a(_divdi3.o)
 .ARM.exidx     0xffffffffffffffff       0xd8 /Users/harshal/Library/Developer/android/ndk-r8e/toolchains/arm-linux-androideabi-4.7/prebuilt/darwin-x86_64/bin/../lib/gcc/arm-linux-androideabi/4.7/libgcc.a(unwind-arm.o)
 ** ARM cantunwind
                0x00009814        0x8
 .ARM.exidx     0xffffffffffffffff       0x48 /Users/harshal/Library/Developer/android/ndk-r8e/toolchains/arm-linux-androideabi-4.7/prebuilt/darwin-x86_64/bin/../lib/gcc/arm-linux-androideabi/4.7/libgcc.a(pr-support.o)

.fini_array     0x0000adac        0x8
 .fini_array    0x0000adac        0x4 /Users/harshal/Library/Developer/android/ndk/platforms/android-9/arch-arm/usr/lib/crtbegin_so.o
 .fini_array    0x0000adb0        0x4 /Users/harshal/Library/Developer/android/ndk/platforms/android-9/arch-arm/usr/lib/crtend_so.o

.init_array     0x0000adb4        0x8
 .init_array    0x0000adb4        0x4 /Applications/Marmalade.app/Contents/s3e/edk/lib/android/libedk.a(IwDebug.o)
 .init_array    0x0000adb8        0x4 /Users/harshal/Library/Developer/android/ndk/platforms/android-9/arch-arm/usr/lib/crtend_so.o

.dynamic        0x0000adbc      0x100
 ** dynamic     0x0000adbc      0x100

.got            0x0000aebc      0x144
 ** GOT         0x0000aebc       0xbc
 ** GOT PLT     0x0000af78       0x88

.data           0x0000b000        0x4
 .data          0x0000b000        0x4 /Users/harshal/Library/Developer/android/ndk/platforms/android-9/arch-arm/usr/lib/crtbegin_so.o
                0x0000b000                __dso_handle
 .data          0x0000b004        0x0 debug/s3eMATSDK_platform.os
 .data          0x0000b004        0x0 debug/s3eMATSDK.os
 .data          0x0000b004        0x0 debug/s3eMATSDK_register.os
 .data          0x0000b004        0x0 /Applications/Marmalade.app/Contents/s3e/edk/lib/android/libedk.a(IwDebug.o)
 .data          0x0000b004        0x0 /Applications/Marmalade.app/Contents/s3e/edk/lib/android/libedk.a(edk_helpers.o)
 .data          0x0000b004        0x0 /Users/harshal/Library/Developer/android/ndk-r8e/toolchains/arm-linux-androideabi-4.7/prebuilt/darwin-x86_64/bin/../lib/gcc/arm-linux-androideabi/4.7/libgcc.a(_aeabi_ldivmod.o)
 .data          0x0000b004        0x0 /Users/harshal/Library/Developer/android/ndk-r8e/toolchains/arm-linux-androideabi-4.7/prebuilt/darwin-x86_64/bin/../lib/gcc/arm-linux-androideabi/4.7/libgcc.a(_dvmd_lnx.o)
 .data          0x0000b004        0x0 /Users/harshal/Library/Developer/android/ndk-r8e/toolchains/arm-linux-androideabi-4.7/prebuilt/darwin-x86_64/bin/../lib/gcc/arm-linux-androideabi/4.7/libgcc.a(bpabi.o)
 .data          0x0000b004        0x0 /Users/harshal/Library/Developer/android/ndk-r8e/toolchains/arm-linux-androideabi-4.7/prebuilt/darwin-x86_64/bin/../lib/gcc/arm-linux-androideabi/4.7/libgcc.a(_divdi3.o)
 .data          0x0000b004        0x0 /Users/harshal/Library/Developer/android/ndk-r8e/toolchains/arm-linux-androideabi-4.7/prebuilt/darwin-x86_64/bin/../lib/gcc/arm-linux-androideabi/4.7/libgcc.a(_udivdi3.o)
 .data          0x0000b004        0x0 /Users/harshal/Library/Developer/android/ndk-r8e/toolchains/arm-linux-androideabi-4.7/prebuilt/darwin-x86_64/bin/../lib/gcc/arm-linux-androideabi/4.7/libgcc.a(unwind-arm.o)
 .data          0x0000b004        0x0 /Users/harshal/Library/Developer/android/ndk-r8e/toolchains/arm-linux-androideabi-4.7/prebuilt/darwin-x86_64/bin/../lib/gcc/arm-linux-androideabi/4.7/libgcc.a(libunwind.o)
 .data          0x0000b004        0x0 /Users/harshal/Library/Developer/android/ndk-r8e/toolchains/arm-linux-androideabi-4.7/prebuilt/darwin-x86_64/bin/../lib/gcc/arm-linux-androideabi/4.7/libgcc.a(pr-support.o)
 .data          0x0000b004        0x0 /Users/harshal/Library/Developer/android/ndk-r8e/toolchains/arm-linux-androideabi-4.7/prebuilt/darwin-x86_64/bin/../lib/gcc/arm-linux-androideabi/4.7/libgcc.a(_udivsi3.o)
 .data          0x0000b004        0x0 /Users/harshal/Library/Developer/android/ndk/platforms/android-9/arch-arm/usr/lib/crtend_so.o

.bss            0x0000b004     0x1aa0
 .bss           0x0000b004        0x0 /Users/harshal/Library/Developer/android/ndk/platforms/android-9/arch-arm/usr/lib/crtbegin_so.o
 .bss           0x0000b004       0x78 debug/s3eMATSDK_platform.os
 .bss           0x0000b07c        0x0 debug/s3eMATSDK.os
 .bss           0x0000b07c        0x0 debug/s3eMATSDK_register.os
 .bss           0x0000b07c     0x1a28 /Applications/Marmalade.app/Contents/s3e/edk/lib/android/libedk.a(IwDebug.o)
                0x0000b07c                g_DebugGlobals
 .bss           0x0000caa4        0x0 /Applications/Marmalade.app/Contents/s3e/edk/lib/android/libedk.a(edk_helpers.o)
 .bss           0x0000caa4        0x0 /Users/harshal/Library/Developer/android/ndk-r8e/toolchains/arm-linux-androideabi-4.7/prebuilt/darwin-x86_64/bin/../lib/gcc/arm-linux-androideabi/4.7/libgcc.a(_aeabi_ldivmod.o)
 .bss           0x0000caa4        0x0 /Users/harshal/Library/Developer/android/ndk-r8e/toolchains/arm-linux-androideabi-4.7/prebuilt/darwin-x86_64/bin/../lib/gcc/arm-linux-androideabi/4.7/libgcc.a(_dvmd_lnx.o)
 .bss           0x0000caa4        0x0 /Users/harshal/Library/Developer/android/ndk-r8e/toolchains/arm-linux-androideabi-4.7/prebuilt/darwin-x86_64/bin/../lib/gcc/arm-linux-androideabi/4.7/libgcc.a(bpabi.o)
 .bss           0x0000caa4        0x0 /Users/harshal/Library/Developer/android/ndk-r8e/toolchains/arm-linux-androideabi-4.7/prebuilt/darwin-x86_64/bin/../lib/gcc/arm-linux-androideabi/4.7/libgcc.a(_divdi3.o)
 .bss           0x0000caa4        0x0 /Users/harshal/Library/Developer/android/ndk-r8e/toolchains/arm-linux-androideabi-4.7/prebuilt/darwin-x86_64/bin/../lib/gcc/arm-linux-androideabi/4.7/libgcc.a(_udivdi3.o)
 .bss           0x0000caa4        0x0 /Users/harshal/Library/Developer/android/ndk-r8e/toolchains/arm-linux-androideabi-4.7/prebuilt/darwin-x86_64/bin/../lib/gcc/arm-linux-androideabi/4.7/libgcc.a(unwind-arm.o)
 .bss           0x0000caa4        0x0 /Users/harshal/Library/Developer/android/ndk-r8e/toolchains/arm-linux-androideabi-4.7/prebuilt/darwin-x86_64/bin/../lib/gcc/arm-linux-androideabi/4.7/libgcc.a(libunwind.o)
 .bss           0x0000caa4        0x0 /Users/harshal/Library/Developer/android/ndk-r8e/toolchains/arm-linux-androideabi-4.7/prebuilt/darwin-x86_64/bin/../lib/gcc/arm-linux-androideabi/4.7/libgcc.a(pr-support.o)
 .bss           0x0000caa4        0x0 /Users/harshal/Library/Developer/android/ndk-r8e/toolchains/arm-linux-androideabi-4.7/prebuilt/darwin-x86_64/bin/../lib/gcc/arm-linux-androideabi/4.7/libgcc.a(_udivsi3.o)
 .bss           0x0000caa4        0x0 /Users/harshal/Library/Developer/android/ndk/platforms/android-9/arch-arm/usr/lib/crtend_so.o
