Archive member included because of file (symbol)

/Applications/Marmalade.app/Contents/s3e/edk/lib/android/libedk.a(IwDebug.o)
                              debug/s3eMATSDK_platform.os (IwDebugTraceSetTraceChannel)
/Applications/Marmalade.app/Contents/s3e/edk/lib/android/libedk.a(edk_helpers.o)
                              debug/s3eMATSDK_platform.os (s3eEdkThreadRunOnOS)
/Users/harshal/Library/Developer/android/ndk-r8e/toolchains/arm-linux-androideabi-4.7/prebuilt/darwin-x86_64/bin/../lib/gcc/arm-linux-androideabi/4.7/libgcc.a(_aeabi_ldivmod.o)
                              /Applications/Marmalade.app/Contents/s3e/edk/lib/android/libedk.a(IwDebug.o) (__aeabi_ldivmod)
/Users/harshal/Library/Developer/android/ndk-r8e/toolchains/arm-linux-androideabi-4.7/prebuilt/darwin-x86_64/bin/../lib/gcc/arm-linux-androideabi/4.7/libgcc.a(_dvmd_lnx.o)
                              /Users/harshal/Library/Developer/android/ndk-r8e/toolchains/arm-linux-androideabi-4.7/prebuilt/darwin-x86_64/bin/../lib/gcc/arm-linux-androideabi/4.7/libgcc.a(_aeabi_ldivmod.o) (__aeabi_ldiv0)
/Users/harshal/Library/Developer/android/ndk-r8e/toolchains/arm-linux-androideabi-4.7/prebuilt/darwin-x86_64/bin/../lib/gcc/arm-linux-androideabi/4.7/libgcc.a(bpabi.o)
                              /Users/harshal/Library/Developer/android/ndk-r8e/toolchains/arm-linux-androideabi-4.7/prebuilt/darwin-x86_64/bin/../lib/gcc/arm-linux-androideabi/4.7/libgcc.a(_aeabi_ldivmod.o) (__gnu_ldivmod_helper)
/Users/harshal/Library/Developer/android/ndk-r8e/toolchains/arm-linux-androideabi-4.7/prebuilt/darwin-x86_64/bin/../lib/gcc/arm-linux-androideabi/4.7/libgcc.a(_divdi3.o)
                              /Users/harshal/Library/Developer/android/ndk-r8e/toolchains/arm-linux-androideabi-4.7/prebuilt/darwin-x86_64/bin/../lib/gcc/arm-linux-androideabi/4.7/libgcc.a(bpabi.o) (__divdi3)
/Users/harshal/Library/Developer/android/ndk-r8e/toolchains/arm-linux-androideabi-4.7/prebuilt/darwin-x86_64/bin/../lib/gcc/arm-linux-androideabi/4.7/libgcc.a(_udivdi3.o)
                              /Users/harshal/Library/Developer/android/ndk-r8e/toolchains/arm-linux-androideabi-4.7/prebuilt/darwin-x86_64/bin/../lib/gcc/arm-linux-androideabi/4.7/libgcc.a(bpabi.o) (__udivdi3)
/Users/harshal/Library/Developer/android/ndk-r8e/toolchains/arm-linux-androideabi-4.7/prebuilt/darwin-x86_64/bin/../lib/gcc/arm-linux-androideabi/4.7/libgcc.a(unwind-arm.o)
                              /Users/harshal/Library/Developer/android/ndk-r8e/toolchains/arm-linux-androideabi-4.7/prebuilt/darwin-x86_64/bin/../lib/gcc/arm-linux-androideabi/4.7/libgcc.a(_divdi3.o) (__aeabi_unwind_cpp_pr0)
/Users/harshal/Library/Developer/android/ndk-r8e/toolchains/arm-linux-androideabi-4.7/prebuilt/darwin-x86_64/bin/../lib/gcc/arm-linux-androideabi/4.7/libgcc.a(libunwind.o)
                              /Users/harshal/Library/Developer/android/ndk-r8e/toolchains/arm-linux-androideabi-4.7/prebuilt/darwin-x86_64/bin/../lib/gcc/arm-linux-androideabi/4.7/libgcc.a(unwind-arm.o) (restore_core_regs)
/Users/harshal/Library/Developer/android/ndk-r8e/toolchains/arm-linux-androideabi-4.7/prebuilt/darwin-x86_64/bin/../lib/gcc/arm-linux-androideabi/4.7/libgcc.a(pr-support.o)
                              /Users/harshal/Library/Developer/android/ndk-r8e/toolchains/arm-linux-androideabi-4.7/prebuilt/darwin-x86_64/bin/../lib/gcc/arm-linux-androideabi/4.7/libgcc.a(unwind-arm.o) (__gnu_unwind_execute)
/Users/harshal/Library/Developer/android/ndk-r8e/toolchains/arm-linux-androideabi-4.7/prebuilt/darwin-x86_64/bin/../lib/gcc/arm-linux-androideabi/4.7/libgcc.a(_udivsi3.o)
                              /Users/harshal/Library/Developer/android/ndk-r8e/toolchains/arm-linux-androideabi-4.7/prebuilt/darwin-x86_64/bin/../lib/gcc/arm-linux-androideabi/4.7/libgcc.a(_divdi3.o) (__aeabi_uidiv)

Discarded input sections

 .note.GNU-stack
                0x00000000        0x0 /Users/harshal/Library/Developer/android/ndk/platforms/android-9/arch-arm/usr/lib/crtbegin_so.o
 .group         0x00000000        0x8 debug/s3eMATSDK_platform.os
 .group         0x00000000        0x8 debug/s3eMATSDK_platform.os
 .group         0x00000000        0x8 debug/s3eMATSDK_platform.os
 .group         0x00000000        0x8 debug/s3eMATSDK_platform.os
 .group         0x00000000        0x8 debug/s3eMATSDK_platform.os
 .group         0x00000000        0x8 debug/s3eMATSDK_platform.os
 .group         0x00000000        0x8 debug/s3eMATSDK_platform.os
 .group         0x00000000        0x8 debug/s3eMATSDK_platform.os
 .group         0x00000000        0x8 debug/s3eMATSDK_platform.os
 .group         0x00000000        0x8 debug/s3eMATSDK_platform.os
 .group         0x00000000        0x8 debug/s3eMATSDK_platform.os
 .group         0x00000000        0x8 debug/s3eMATSDK_platform.os
 .group         0x00000000        0x8 debug/s3eMATSDK_platform.os
 .group         0x00000000        0x8 debug/s3eMATSDK_platform.os
 .group         0x00000000        0x8 debug/s3eMATSDK_platform.os
 .note.GNU-stack
                0x00000000        0x0 debug/s3eMATSDK_platform.os
 .note.GNU-stack
                0x00000000        0x0 debug/s3eMATSDK.os
 .note.GNU-stack
                0x00000000        0x0 debug/s3eMATSDK_register.os
 .note.GNU-stack
                0x00000000        0x0 /Applications/Marmalade.app/Contents/s3e/edk/lib/android/libedk.a(IwDebug.o)
 .note.GNU-stack
                0x00000000        0x0 /Applications/Marmalade.app/Contents/s3e/edk/lib/android/libedk.a(edk_helpers.o)
 .note.GNU-stack
                0x00000000        0x0 /Users/harshal/Library/Developer/android/ndk-r8e/toolchains/arm-linux-androideabi-4.7/prebuilt/darwin-x86_64/bin/../lib/gcc/arm-linux-androideabi/4.7/libgcc.a(_aeabi_ldivmod.o)
 .note.GNU-stack
                0x00000000        0x0 /Users/harshal/Library/Developer/android/ndk-r8e/toolchains/arm-linux-androideabi-4.7/prebuilt/darwin-x86_64/bin/../lib/gcc/arm-linux-androideabi/4.7/libgcc.a(_dvmd_lnx.o)
 .note.GNU-stack
                0x00000000        0x0 /Users/harshal/Library/Developer/android/ndk-r8e/toolchains/arm-linux-androideabi-4.7/prebuilt/darwin-x86_64/bin/../lib/gcc/arm-linux-androideabi/4.7/libgcc.a(bpabi.o)
 .note.GNU-stack
                0x00000000        0x0 /Users/harshal/Library/Developer/android/ndk-r8e/toolchains/arm-linux-androideabi-4.7/prebuilt/darwin-x86_64/bin/../lib/gcc/arm-linux-androideabi/4.7/libgcc.a(_divdi3.o)
 .note.GNU-stack
                0x00000000        0x0 /Users/harshal/Library/Developer/android/ndk-r8e/toolchains/arm-linux-androideabi-4.7/prebuilt/darwin-x86_64/bin/../lib/gcc/arm-linux-androideabi/4.7/libgcc.a(_udivdi3.o)
 .note.GNU-stack
                0x00000000        0x0 /Users/harshal/Library/Developer/android/ndk-r8e/toolchains/arm-linux-androideabi-4.7/prebuilt/darwin-x86_64/bin/../lib/gcc/arm-linux-androideabi/4.7/libgcc.a(unwind-arm.o)
 .note.GNU-stack
                0x00000000        0x0 /Users/harshal/Library/Developer/android/ndk-r8e/toolchains/arm-linux-androideabi-4.7/prebuilt/darwin-x86_64/bin/../lib/gcc/arm-linux-androideabi/4.7/libgcc.a(libunwind.o)
 .note.GNU-stack
                0x00000000        0x0 /Users/harshal/Library/Developer/android/ndk-r8e/toolchains/arm-linux-androideabi-4.7/prebuilt/darwin-x86_64/bin/../lib/gcc/arm-linux-androideabi/4.7/libgcc.a(pr-support.o)
 .note.GNU-stack
                0x00000000        0x0 /Users/harshal/Library/Developer/android/ndk-r8e/toolchains/arm-linux-androideabi-4.7/prebuilt/darwin-x86_64/bin/../lib/gcc/arm-linux-androideabi/4.7/libgcc.a(_udivsi3.o)
 .note.GNU-stack
                0x00000000        0x0 /Users/harshal/Library/Developer/android/ndk/platforms/android-9/arch-arm/usr/lib/crtend_so.o

Memory map

 ** file header
                0x00000000       0x34
 ** segment headers
                0x00000034      0x100

.interp         0x00000134       0x13
 ** fill        0x00000134       0x13

.dynsym         0x00000148      0x590
 ** dynsym      0x00000148      0x590

.dynstr         0x000006d8      0x6a7
 ** string table
                0x000006d8      0x6a7

.hash           0x00000d80      0x278
 ** hash        0x00000d80      0x278

.rel.dyn        0x00000ff8      0x1b0
 ** dynamic relocs
                0x00000ff8      0x1b0

.rel.plt        0x000011a8       0xf8
 ** dynamic relocs
                0x000011a8       0xf8

.plt            0x000012a0      0x188
 ** PLT         0x000012a0      0x188

.text           0x00001428     0x7c44
 .text.exit     0x00001428       0x10 /Users/harshal/Library/Developer/android/ndk/platforms/android-9/arch-arm/usr/lib/crtbegin_so.o
                0x00001428                __on_dlclose
 .text          0x00001438       0x14 /Users/harshal/Library/Developer/android/ndk/platforms/android-9/arch-arm/usr/lib/crtbegin_so.o
                0x00001438                atexit
 .text          0x0000144c     0x2294 debug/s3eMATSDK_platform.os
                0x00001550                MATSDKInit_platform()
                0x00002368                MATSDKTerminate_platform()
                0x0000236c                MATStartMobileAppTracker_platform(char const*, char const*)
                0x00002400                MATMeasureSession_platform()
                0x00002448                MATMeasureAction_platform(char const*)
                0x000024b4                MATMeasureActionWithReferenceId_platform(char const*, char const*)
                0x00002548                MATMeasureActionWithRevenue_platform(char const*, char const*, char const*, char const*)
                0x0000262c                MATMeasureActionWithItems_platform(char const*, MATArray const*, char const*, char const*, char const*, unsigned char, char const*, char const*)
                0x00002aa0                MATStartAppToAppTracking_platform(char const*, char const*, char const*, char const*, bool)
                0x00002b90                MATSetPackageName_platform(char const*)
                0x00002bfc                MATSetCurrencyCode_platform(char const*)
                0x00002c68                MATSetUserEmail_platform(char const*)
                0x00002cd4                MATSetUserId_platform(char const*)
                0x00002d40                MATSetUserName_platform(char const*)
                0x00002dac                MATSetFacebookUserId_platform(char const*)
                0x00002e18                MATSetTwitterUserId_platform(char const*)
                0x00002e84                MATSetGoogleUserId_platform(char const*)
                0x00002ef0                MATSetGoogleAdvertisingId_platform(char const*, bool)
                0x00002f6c                MATSetEventAttribute1_platform(char const*)
                0x00002fd8                MATSetEventAttribute2_platform(char const*)
                0x00003044                MATSetEventAttribute3_platform(char const*)
                0x000030b0                MATSetEventAttribute4_platform(char const*)
                0x0000311c                MATSetEventAttribute5_platform(char const*)
                0x00003188                MATSetExistingUser_platform(bool)
                0x000031d4                MATSetPayingUser_platform(bool)
                0x00003220                MATSetSiteId_platform(char const*)
                0x0000328c                MATSetTRUSTeId_platform(char const*)
                0x000032f8                MATSetDebugMode_platform(bool)
                0x00003344                MATSetAllowDuplicates_platform(bool)
                0x00003390                MATSetAge_platform(int)
                0x000033e0                MATSetGender_platform(int)
                0x00003430                MATSetLocation_platform(char const*, char const*)
                0x0000348c                MATSetLocationWithAltitude_platform(char const*, char const*, char const*)
                0x000034f4                MATGetIsPayingUser_platform()
                0x00003560                MATGetMatId_platform()
                0x000035c8                MATGetOpenLogId_platform()
                0x00003630                MATSetAppleAdvertisingIdentifier_platform(char const*, bool)
                0x00003648                MATSetAppleVendorIdentifier_platform(char const*)
                0x00003658                MATSetAppAdTracking_platform(bool)
                0x0000366c                MATSetDelegate_platform(bool)
                0x00003680                MATSetJailbroken_platform(bool)
                0x00003694                MATSetRedirectUrl_platform(char const*)
                0x000036a4                MATSetShouldAutoDetectJailbroken_platform(bool)
                0x000036b8                MATSetShouldAutoGenerateAppleVendorIdentifier_platform(bool)
                0x000036cc                MATSetUseCookieTracking_platform(bool)
 .text._ZN7_JNIEnv9FindClassEPKc
                0x000036e0       0x38 debug/s3eMATSDK_platform.os
                0x000036e0                _JNIEnv::FindClass(char const*)
 .text._ZN7_JNIEnv17ExceptionOccurredEv
                0x00003718       0x30 debug/s3eMATSDK_platform.os
                0x00003718                _JNIEnv::ExceptionOccurred()
 .text._ZN7_JNIEnv17ExceptionDescribeEv
                0x00003748       0x28 debug/s3eMATSDK_platform.os
                0x00003748                _JNIEnv::ExceptionDescribe()
 .text._ZN7_JNIEnv14ExceptionClearEv
                0x00003770       0x28 debug/s3eMATSDK_platform.os
                0x00003770                _JNIEnv::ExceptionClear()
 .text._ZN7_JNIEnv12NewGlobalRefEP8_jobject
                0x00003798       0x38 debug/s3eMATSDK_platform.os
                0x00003798                _JNIEnv::NewGlobalRef(_jobject*)
 .text._ZN7_JNIEnv15DeleteGlobalRefEP8_jobject
                0x000037d0       0x30 debug/s3eMATSDK_platform.os
                0x000037d0                _JNIEnv::DeleteGlobalRef(_jobject*)
 .text._ZN7_JNIEnv14DeleteLocalRefEP8_jobject
                0x00003800       0x30 debug/s3eMATSDK_platform.os
                0x00003800                _JNIEnv::DeleteLocalRef(_jobject*)
 .text._ZN7_JNIEnv9NewObjectEP7_jclassP10_jmethodIDz
                0x00003830       0x58 debug/s3eMATSDK_platform.os
                0x00003830                _JNIEnv::NewObject(_jclass*, _jmethodID*, ...)
 .text._ZN7_JNIEnv11GetMethodIDEP7_jclassPKcS3_
                0x00003888       0x48 debug/s3eMATSDK_platform.os
                0x00003888                _JNIEnv::GetMethodID(_jclass*, char const*, char const*)
 .text._ZN7_JNIEnv16CallObjectMethodEP8_jobjectP10_jmethodIDz
                0x000038d0       0x58 debug/s3eMATSDK_platform.os
                0x000038d0                _JNIEnv::CallObjectMethod(_jobject*, _jmethodID*, ...)
 .text._ZN7_JNIEnv17CallBooleanMethodEP8_jobjectP10_jmethodIDz
                0x00003928       0x5c debug/s3eMATSDK_platform.os
                0x00003928                _JNIEnv::CallBooleanMethod(_jobject*, _jmethodID*, ...)
 .text._ZN7_JNIEnv14CallVoidMethodEP8_jobjectP10_jmethodIDz
                0x00003984       0x4c debug/s3eMATSDK_platform.os
                0x00003984                _JNIEnv::CallVoidMethod(_jobject*, _jmethodID*, ...)
 .text._ZN7_JNIEnv12NewStringUTFEPKc
                0x000039d0       0x38 debug/s3eMATSDK_platform.os
                0x000039d0                _JNIEnv::NewStringUTF(char const*)
 .text._ZN7_JNIEnv17GetStringUTFCharsEP8_jstringPh
                0x00003a08       0x40 debug/s3eMATSDK_platform.os
                0x00003a08                _JNIEnv::GetStringUTFChars(_jstring*, unsigned char*)
 .text._ZN7_JavaVM6GetEnvEPPvi
                0x00003a48       0x40 debug/s3eMATSDK_platform.os
                0x00003a48                _JavaVM::GetEnv(void**, int)
 .text          0x00003a88      0x5b4 debug/s3eMATSDK.os
                0x00003a88                s3eMATSDKInit()
                0x00003a9c                s3eMATSDKTerminate()
                0x00003aa8                MATStartMobileAppTracker
                0x00003acc                MATMeasureSession
                0x00003ad8                MATMeasureAction
                0x00003af4                MATMeasureActionWithReferenceId
                0x00003b18                MATMeasureActionWithRevenue
                0x00003b4c                MATMeasureActionWithItems
                0x00003ba0                MATStartAppToAppTracking
                0x00003bdc                MATSetPackageName
                0x00003bf8                MATSetCurrencyCode
                0x00003c14                MATSetJailbroken
                0x00003c38                MATSetUserEmail
                0x00003c54                MATSetUserId
                0x00003c70                MATSetUserName
                0x00003c8c                MATSetFacebookUserId
                0x00003ca8                MATSetTwitterUserId
                0x00003cc4                MATSetGoogleUserId
                0x00003ce0                MATSetGoogleAdvertisingId
                0x00003d0c                MATSetSiteId
                0x00003d28                MATSetTRUSTeId
                0x00003d44                MATSetAppAdTracking
                0x00003d68                MATSetDelegate
                0x00003d8c                MATSetDebugMode
                0x00003db0                MATSetEventAttribute1
                0x00003dcc                MATSetEventAttribute2
                0x00003de8                MATSetEventAttribute3
                0x00003e04                MATSetEventAttribute4
                0x00003e20                MATSetEventAttribute5
                0x00003e3c                MATSetExistingUser
                0x00003e60                MATSetPayingUser
                0x00003e84                MATSetAllowDuplicates
                0x00003ea8                MATSetShouldAutoDetectJailbroken
                0x00003ecc                MATSetShouldAutoGenerateAppleVendorIdentifier
                0x00003ef0                MATSetUseCookieTracking
                0x00003f14                MATSetRedirectUrl
                0x00003f30                MATSetAppleAdvertisingIdentifier
                0x00003f5c                MATSetAppleVendorIdentifier
                0x00003f78                MATSetAge
                0x00003f94                MATSetGender
                0x00003fb0                MATSetLocation
                0x00003fd4                MATSetLocationWithAltitude
                0x00004000                MATGetIsPayingUser
                0x00004014                MATGetMatId
                0x00004028                MATGetOpenLogId
 .text          0x0000403c     0x1dc8 debug/s3eMATSDK_register.os
                0x00005ac8                s3eMATSDKRegisterExt()
                0x00005df8                RegisterExt
 .text          0x00005e04        0x0 /Applications/Marmalade.app/Contents/s3e/edk/lib/android/libedk.a(IwDebug.o)
 .text.IwAssertRegisterTextCallback
                0x00005e04       0x1c /Applications/Marmalade.app/Contents/s3e/edk/lib/android/libedk.a(IwDebug.o)
                0x00005e04                IwAssertRegisterTextCallback
 .text.IwAssertRegisterCallback
                0x00005e20       0x1c /Applications/Marmalade.app/Contents/s3e/edk/lib/android/libedk.a(IwDebug.o)
                0x00005e20                IwAssertRegisterCallback
 .text.IwDebugTraceSetTraceChannel
                0x00005e3c       0x1c /Applications/Marmalade.app/Contents/s3e/edk/lib/android/libedk.a(IwDebug.o)
                0x00005e3c                IwDebugTraceSetTraceChannel
 .text.IwDebugErrorRegisterCallback
                0x00005e58       0x1c /Applications/Marmalade.app/Contents/s3e/edk/lib/android/libedk.a(IwDebug.o)
                0x00005e58                IwDebugErrorRegisterCallback
 .text.IwDebugAssertSetUID
                0x00005e74       0x14 /Applications/Marmalade.app/Contents/s3e/edk/lib/android/libedk.a(IwDebug.o)
                0x00005e74                IwDebugAssertSetUID
 .text._GLOBAL__I_E__JenkinsWS_workspace_ReleaseWin32FullBinaries_sdk_modules_iwcore_source_IwDebug.cpp
                0x00005e88       0xa4 /Applications/Marmalade.app/Contents/s3e/edk/lib/android/libedk.a(IwDebug.o)
 .text.IwDebugClearConfigCache
                0x00005f2c       0x80 /Applications/Marmalade.app/Contents/s3e/edk/lib/android/libedk.a(IwDebug.o)
                0x00005f2c                IwDebugClearConfigCache
 .text.IwDebugErrorShow
                0x00005fac       0xec /Applications/Marmalade.app/Contents/s3e/edk/lib/android/libedk.a(IwDebug.o)
                0x00005fac                IwDebugErrorShow
 .text.IwDebugTraceLineVPrintf
                0x00006098       0xfc /Applications/Marmalade.app/Contents/s3e/edk/lib/android/libedk.a(IwDebug.o)
                0x00006098                IwDebugTraceLineVPrintf
 .text.IwDebugAssertIsChannelOn
                0x00006194      0x204 /Applications/Marmalade.app/Contents/s3e/edk/lib/android/libedk.a(IwDebug.o)
                0x00006194                IwDebugAssertIsChannelOn
 .text.IwDebugTraceDisable
                0x00006398       0x10 /Applications/Marmalade.app/Contents/s3e/edk/lib/android/libedk.a(IwDebug.o)
                0x00006398                IwDebugTraceDisable
 .text.IwDebugAssertSetMessage
                0x000063a8       0xfc /Applications/Marmalade.app/Contents/s3e/edk/lib/android/libedk.a(IwDebug.o)
                0x000063a8                IwDebugAssertSetMessage
 .text.IwDebugAssertSetSolution
                0x000064a4       0xa0 /Applications/Marmalade.app/Contents/s3e/edk/lib/android/libedk.a(IwDebug.o)
                0x000064a4                IwDebugAssertSetSolution
 .text.IwDebugAssertShow
                0x00006544      0x2d0 /Applications/Marmalade.app/Contents/s3e/edk/lib/android/libedk.a(IwDebug.o)
                0x00006544                IwDebugAssertShow
 .text.IwDebugTraceIsChannelOn
                0x00006814      0x2b8 /Applications/Marmalade.app/Contents/s3e/edk/lib/android/libedk.a(IwDebug.o)
                0x00006814                IwDebugTraceIsChannelOn
 .text.IwDebugTraceChannelSwitch
                0x00006acc      0x4c4 /Applications/Marmalade.app/Contents/s3e/edk/lib/android/libedk.a(IwDebug.o)
                0x00006acc                IwDebugTraceChannelSwitch
 .text.IwDebugTraceLinePrintf
                0x00006f90      0x10c /Applications/Marmalade.app/Contents/s3e/edk/lib/android/libedk.a(IwDebug.o)
                0x00006f90                IwDebugTraceLinePrintf
 .text          0x0000709c        0x0 /Applications/Marmalade.app/Contents/s3e/edk/lib/android/libedk.a(edk_helpers.o)
 .text.s3eEdkThreadRunOnOSAsync
                0x0000709c       0x30 /Applications/Marmalade.app/Contents/s3e/edk/lib/android/libedk.a(edk_helpers.o)
                0x0000709c                s3eEdkThreadRunOnOSAsync
 .text.s3eEdkThreadRunOnOS
                0x000070cc       0x30 /Applications/Marmalade.app/Contents/s3e/edk/lib/android/libedk.a(edk_helpers.o)
                0x000070cc                s3eEdkThreadRunOnOS
 .text.s3eEdkErrorSetString
                0x000070fc       0x30 /Applications/Marmalade.app/Contents/s3e/edk/lib/android/libedk.a(edk_helpers.o)
                0x000070fc                s3eEdkErrorSetString
 .text          0x0000712c       0x44 /Users/harshal/Library/Developer/android/ndk-r8e/toolchains/arm-linux-androideabi-4.7/prebuilt/darwin-x86_64/bin/../lib/gcc/arm-linux-androideabi/4.7/libgcc.a(_aeabi_ldivmod.o)
                0x0000712c                __aeabi_ldivmod
 .text          0x00007170       0x10 /Users/harshal/Library/Developer/android/ndk-r8e/toolchains/arm-linux-androideabi-4.7/prebuilt/darwin-x86_64/bin/../lib/gcc/arm-linux-androideabi/4.7/libgcc.a(_dvmd_lnx.o)
                0x00007170                __aeabi_idiv0
                0x00007170                __aeabi_ldiv0
 .text          0x00007180       0x78 /Users/harshal/Library/Developer/android/ndk-r8e/toolchains/arm-linux-androideabi-4.7/prebuilt/darwin-x86_64/bin/../lib/gcc/arm-linux-androideabi/4.7/libgcc.a(bpabi.o)
                0x00007180                __gnu_ldivmod_helper
                0x000071bc                __gnu_uldivmod_helper
 .text          0x000071f8      0x480 /Users/harshal/Library/Developer/android/ndk-r8e/toolchains/arm-linux-androideabi-4.7/prebuilt/darwin-x86_64/bin/../lib/gcc/arm-linux-androideabi/4.7/libgcc.a(_divdi3.o)
                0x000071f8                __divdi3
 .text          0x00007678      0x400 /Users/harshal/Library/Developer/android/ndk-r8e/toolchains/arm-linux-androideabi-4.7/prebuilt/darwin-x86_64/bin/../lib/gcc/arm-linux-androideabi/4.7/libgcc.a(_udivdi3.o)
                0x00007678                __udivdi3
 .text          0x00007a78      0xef4 /Users/harshal/Library/Developer/android/ndk-r8e/toolchains/arm-linux-androideabi-4.7/prebuilt/darwin-x86_64/bin/../lib/gcc/arm-linux-androideabi/4.7/libgcc.a(unwind-arm.o)
                0x00008544                __aeabi_unwind_cpp_pr0
                0x0000853c                __aeabi_unwind_cpp_pr1
                0x00008534                __aeabi_unwind_cpp_pr2
                0x00007eb4                _Unwind_GetCFA
                0x00007ebc                __gnu_Unwind_RaiseException
                0x00007f60                __gnu_Unwind_ForcedUnwind
                0x00007f7c                __gnu_Unwind_Resume
                0x00007ff4                __gnu_Unwind_Resume_or_Rethrow
                0x00008014                _Unwind_Complete
                0x00008018                _Unwind_DeleteException
                0x00008038                _Unwind_VRS_Get
                0x000080a4                _Unwind_VRS_Set
                0x0000854c                __gnu_Unwind_Backtrace
                0x0000860c                _Unwind_VRS_Pop
 .text          0x0000896c      0x1a8 /Users/harshal/Library/Developer/android/ndk-r8e/toolchains/arm-linux-androideabi-4.7/prebuilt/darwin-x86_64/bin/../lib/gcc/arm-linux-androideabi/4.7/libgcc.a(libunwind.o)
                0x0000896c                __restore_core_regs
                0x0000896c                restore_core_regs
                0x00008980                __gnu_Unwind_Restore_VFP
                0x00008988                __gnu_Unwind_Save_VFP
                0x00008990                __gnu_Unwind_Restore_VFP_D
                0x00008998                __gnu_Unwind_Save_VFP_D
                0x000089a0                __gnu_Unwind_Restore_VFP_D_16_to_31
                0x000089a8                __gnu_Unwind_Save_VFP_D_16_to_31
                0x000089b0                __gnu_Unwind_Restore_WMMXD
                0x000089f4                __gnu_Unwind_Save_WMMXD
                0x00008a38                __gnu_Unwind_Restore_WMMXC
                0x00008a4c                __gnu_Unwind_Save_WMMXC
                0x00008a60                ___Unwind_RaiseException
                0x00008a60                _Unwind_RaiseException
                0x00008a84                ___Unwind_Resume
                0x00008a84                _Unwind_Resume
                0x00008aa8                ___Unwind_Resume_or_Rethrow
                0x00008aa8                _Unwind_Resume_or_Rethrow
                0x00008acc                ___Unwind_ForcedUnwind
                0x00008acc                _Unwind_ForcedUnwind
                0x00008af0                ___Unwind_Backtrace
                0x00008af0                _Unwind_Backtrace
 .text          0x00008b14      0x490 /Users/harshal/Library/Developer/android/ndk-r8e/toolchains/arm-linux-androideabi-4.7/prebuilt/darwin-x86_64/bin/../lib/gcc/arm-linux-androideabi/4.7/libgcc.a(pr-support.o)
                0x00008b9c                __gnu_unwind_execute
                0x00008f28                __gnu_unwind_frame
                0x00008f68                _Unwind_GetRegionStart
                0x00008f78                _Unwind_GetLanguageSpecificData
                0x00008f94                _Unwind_GetDataRelBase
                0x00008f9c                _Unwind_GetTextRelBase
 .text          0xffffffffffffffff       0xc8 /Users/harshal/Library/Developer/android/ndk-r8e/toolchains/arm-linux-androideabi-4.7/prebuilt/darwin-x86_64/bin/../lib/gcc/arm-linux-androideabi/4.7/libgcc.a(_udivsi3.o)
                0x00008fa4                __udivsi3
                0x00008fa4                __aeabi_uidiv
                0x0000904c                __aeabi_uidivmod
 .text          0x0000906c        0x0 /Users/harshal/Library/Developer/android/ndk/platforms/android-9/arch-arm/usr/lib/crtend_so.o

.rodata         0x0000906c     0x1134
 .rodata        0x0000906c      0x5a8 debug/s3eMATSDK_platform.os
 .rodata        0x00009614      0xa6c debug/s3eMATSDK_register.os
 .rodata.str1.4
                0x0000a080      0x120 /Applications/Marmalade.app/Contents/s3e/edk/lib/android/libedk.a(IwDebug.o)

.ARM.extab      0x0000a1a0       0x3c
 .ARM.extab     0x0000a1a0        0x0 /Users/harshal/Library/Developer/android/ndk-r8e/toolchains/arm-linux-androideabi-4.7/prebuilt/darwin-x86_64/bin/../lib/gcc/arm-linux-androideabi/4.7/libgcc.a(_divdi3.o)
 .ARM.extab     0x0000a1a0        0x0 /Users/harshal/Library/Developer/android/ndk-r8e/toolchains/arm-linux-androideabi-4.7/prebuilt/darwin-x86_64/bin/../lib/gcc/arm-linux-androideabi/4.7/libgcc.a(_udivdi3.o)
 .ARM.extab     0x0000a1a0       0x24 /Users/harshal/Library/Developer/android/ndk-r8e/toolchains/arm-linux-androideabi-4.7/prebuilt/darwin-x86_64/bin/../lib/gcc/arm-linux-androideabi/4.7/libgcc.a(unwind-arm.o)
 .ARM.extab     0x0000a1c4       0x18 /Users/harshal/Library/Developer/android/ndk-r8e/toolchains/arm-linux-androideabi-4.7/prebuilt/darwin-x86_64/bin/../lib/gcc/arm-linux-androideabi/4.7/libgcc.a(pr-support.o)

.ARM.exidx      0x0000a1dc       0xe8
 .ARM.exidx     0x0000a1dc        0x8 /Users/harshal/Library/Developer/android/ndk-r8e/toolchains/arm-linux-androideabi-4.7/prebuilt/darwin-x86_64/bin/../lib/gcc/arm-linux-androideabi/4.7/libgcc.a(_divdi3.o)
 .ARM.exidx     0xffffffffffffffff       0xd8 /Users/harshal/Library/Developer/android/ndk-r8e/toolchains/arm-linux-androideabi-4.7/prebuilt/darwin-x86_64/bin/../lib/gcc/arm-linux-androideabi/4.7/libgcc.a(unwind-arm.o)
 ** ARM cantunwind
                0x0000a284        0x8
 .ARM.exidx     0xffffffffffffffff       0x48 /Users/harshal/Library/Developer/android/ndk-r8e/toolchains/arm-linux-androideabi-4.7/prebuilt/darwin-x86_64/bin/../lib/gcc/arm-linux-androideabi/4.7/libgcc.a(pr-support.o)

.fini_array     0x0000bd98        0x8
 .fini_array    0x0000bd98        0x4 /Users/harshal/Library/Developer/android/ndk/platforms/android-9/arch-arm/usr/lib/crtbegin_so.o
 .fini_array    0x0000bd9c        0x4 /Users/harshal/Library/Developer/android/ndk/platforms/android-9/arch-arm/usr/lib/crtend_so.o

.init_array     0x0000bda0        0x8
 .init_array    0x0000bda0        0x4 /Applications/Marmalade.app/Contents/s3e/edk/lib/android/libedk.a(IwDebug.o)
 .init_array    0x0000bda4        0x4 /Users/harshal/Library/Developer/android/ndk/platforms/android-9/arch-arm/usr/lib/crtend_so.o

.dynamic        0x0000bda8      0x100
 ** dynamic     0x0000bda8      0x100

.got            0x0000bea8      0x158
 ** GOT         0x0000bea8       0xd0
 ** GOT PLT     0x0000bf78       0x88

.data           0x0000c000        0x4
 .data          0x0000c000        0x4 /Users/harshal/Library/Developer/android/ndk/platforms/android-9/arch-arm/usr/lib/crtbegin_so.o
                0x0000c000                __dso_handle
 .data          0x0000c004        0x0 debug/s3eMATSDK_platform.os
 .data          0x0000c004        0x0 debug/s3eMATSDK.os
 .data          0x0000c004        0x0 debug/s3eMATSDK_register.os
 .data          0x0000c004        0x0 /Applications/Marmalade.app/Contents/s3e/edk/lib/android/libedk.a(IwDebug.o)
 .data          0x0000c004        0x0 /Applications/Marmalade.app/Contents/s3e/edk/lib/android/libedk.a(edk_helpers.o)
 .data          0x0000c004        0x0 /Users/harshal/Library/Developer/android/ndk-r8e/toolchains/arm-linux-androideabi-4.7/prebuilt/darwin-x86_64/bin/../lib/gcc/arm-linux-androideabi/4.7/libgcc.a(_aeabi_ldivmod.o)
 .data          0x0000c004        0x0 /Users/harshal/Library/Developer/android/ndk-r8e/toolchains/arm-linux-androideabi-4.7/prebuilt/darwin-x86_64/bin/../lib/gcc/arm-linux-androideabi/4.7/libgcc.a(_dvmd_lnx.o)
 .data          0x0000c004        0x0 /Users/harshal/Library/Developer/android/ndk-r8e/toolchains/arm-linux-androideabi-4.7/prebuilt/darwin-x86_64/bin/../lib/gcc/arm-linux-androideabi/4.7/libgcc.a(bpabi.o)
 .data          0x0000c004        0x0 /Users/harshal/Library/Developer/android/ndk-r8e/toolchains/arm-linux-androideabi-4.7/prebuilt/darwin-x86_64/bin/../lib/gcc/arm-linux-androideabi/4.7/libgcc.a(_divdi3.o)
 .data          0x0000c004        0x0 /Users/harshal/Library/Developer/android/ndk-r8e/toolchains/arm-linux-androideabi-4.7/prebuilt/darwin-x86_64/bin/../lib/gcc/arm-linux-androideabi/4.7/libgcc.a(_udivdi3.o)
 .data          0x0000c004        0x0 /Users/harshal/Library/Developer/android/ndk-r8e/toolchains/arm-linux-androideabi-4.7/prebuilt/darwin-x86_64/bin/../lib/gcc/arm-linux-androideabi/4.7/libgcc.a(unwind-arm.o)
 .data          0x0000c004        0x0 /Users/harshal/Library/Developer/android/ndk-r8e/toolchains/arm-linux-androideabi-4.7/prebuilt/darwin-x86_64/bin/../lib/gcc/arm-linux-androideabi/4.7/libgcc.a(libunwind.o)
 .data          0x0000c004        0x0 /Users/harshal/Library/Developer/android/ndk-r8e/toolchains/arm-linux-androideabi-4.7/prebuilt/darwin-x86_64/bin/../lib/gcc/arm-linux-androideabi/4.7/libgcc.a(pr-support.o)
 .data          0x0000c004        0x0 /Users/harshal/Library/Developer/android/ndk-r8e/toolchains/arm-linux-androideabi-4.7/prebuilt/darwin-x86_64/bin/../lib/gcc/arm-linux-androideabi/4.7/libgcc.a(_udivsi3.o)
 .data          0x0000c004        0x0 /Users/harshal/Library/Developer/android/ndk/platforms/android-9/arch-arm/usr/lib/crtend_so.o

.bss            0x0000c004     0x1ab4
 .bss           0x0000c004        0x0 /Users/harshal/Library/Developer/android/ndk/platforms/android-9/arch-arm/usr/lib/crtbegin_so.o
 .bss           0x0000c004       0x8c debug/s3eMATSDK_platform.os
 .bss           0x0000c090        0x0 debug/s3eMATSDK.os
 .bss           0x0000c090        0x0 debug/s3eMATSDK_register.os
 .bss           0x0000c090     0x1a28 /Applications/Marmalade.app/Contents/s3e/edk/lib/android/libedk.a(IwDebug.o)
                0x0000c090                g_DebugGlobals
 .bss           0x0000dab8        0x0 /Applications/Marmalade.app/Contents/s3e/edk/lib/android/libedk.a(edk_helpers.o)
 .bss           0x0000dab8        0x0 /Users/harshal/Library/Developer/android/ndk-r8e/toolchains/arm-linux-androideabi-4.7/prebuilt/darwin-x86_64/bin/../lib/gcc/arm-linux-androideabi/4.7/libgcc.a(_aeabi_ldivmod.o)
 .bss           0x0000dab8        0x0 /Users/harshal/Library/Developer/android/ndk-r8e/toolchains/arm-linux-androideabi-4.7/prebuilt/darwin-x86_64/bin/../lib/gcc/arm-linux-androideabi/4.7/libgcc.a(_dvmd_lnx.o)
 .bss           0x0000dab8        0x0 /Users/harshal/Library/Developer/android/ndk-r8e/toolchains/arm-linux-androideabi-4.7/prebuilt/darwin-x86_64/bin/../lib/gcc/arm-linux-androideabi/4.7/libgcc.a(bpabi.o)
 .bss           0x0000dab8        0x0 /Users/harshal/Library/Developer/android/ndk-r8e/toolchains/arm-linux-androideabi-4.7/prebuilt/darwin-x86_64/bin/../lib/gcc/arm-linux-androideabi/4.7/libgcc.a(_divdi3.o)
 .bss           0x0000dab8        0x0 /Users/harshal/Library/Developer/android/ndk-r8e/toolchains/arm-linux-androideabi-4.7/prebuilt/darwin-x86_64/bin/../lib/gcc/arm-linux-androideabi/4.7/libgcc.a(_udivdi3.o)
 .bss           0x0000dab8        0x0 /Users/harshal/Library/Developer/android/ndk-r8e/toolchains/arm-linux-androideabi-4.7/prebuilt/darwin-x86_64/bin/../lib/gcc/arm-linux-androideabi/4.7/libgcc.a(unwind-arm.o)
 .bss           0x0000dab8        0x0 /Users/harshal/Library/Developer/android/ndk-r8e/toolchains/arm-linux-androideabi-4.7/prebuilt/darwin-x86_64/bin/../lib/gcc/arm-linux-androideabi/4.7/libgcc.a(libunwind.o)
 .bss           0x0000dab8        0x0 /Users/harshal/Library/Developer/android/ndk-r8e/toolchains/arm-linux-androideabi-4.7/prebuilt/darwin-x86_64/bin/../lib/gcc/arm-linux-androideabi/4.7/libgcc.a(pr-support.o)
 .bss           0x0000dab8        0x0 /Users/harshal/Library/Developer/android/ndk-r8e/toolchains/arm-linux-androideabi-4.7/prebuilt/darwin-x86_64/bin/../lib/gcc/arm-linux-androideabi/4.7/libgcc.a(_udivsi3.o)
 .bss           0x0000dab8        0x0 /Users/harshal/Library/Developer/android/ndk/platforms/android-9/arch-arm/usr/lib/crtend_so.o
