Archive member included because of file (symbol)

C:\marmalade\7.4\s3e\edk\lib\android/libedk.a(IwDebug.o)
                              debug\s3eMATSDK_platform.os (IwDebugTraceIsChannelOn)
C:\marmalade\7.4\s3e\edk\lib\android/libedk.a(edk_helpers.o)
                              debug\s3eMATSDK_platform.os (s3eEdkThreadRunOnOS)
c:/android-ndk-r9d/toolchains/arm-linux-androideabi-4.8/prebuilt/windows-x86_64/bin/../lib/gcc/arm-linux-androideabi/4.8/libgcc.a(_arm_addsubdf3.o)
                              debug\s3eMATSDK_platform.os (__aeabi_f2d)
c:/android-ndk-r9d/toolchains/arm-linux-androideabi-4.8/prebuilt/windows-x86_64/bin/../lib/gcc/arm-linux-androideabi/4.8/libgcc.a(_arm_fixdfsi.o)
                              debug\s3eMATSDK_platform.os (__aeabi_d2iz)
c:/android-ndk-r9d/toolchains/arm-linux-androideabi-4.8/prebuilt/windows-x86_64/bin/../lib/gcc/arm-linux-androideabi/4.8/libgcc.a(_arm_truncdfsf2.o)
                              debug\s3eMATSDK_platform.os (__aeabi_d2f)
c:/android-ndk-r9d/toolchains/arm-linux-androideabi-4.8/prebuilt/windows-x86_64/bin/../lib/gcc/arm-linux-androideabi/4.8/libgcc.a(_aeabi_ldivmod.o)
                              C:\marmalade\7.4\s3e\edk\lib\android/libedk.a(IwDebug.o) (__aeabi_ldivmod)
c:/android-ndk-r9d/toolchains/arm-linux-androideabi-4.8/prebuilt/windows-x86_64/bin/../lib/gcc/arm-linux-androideabi/4.8/libgcc.a(_dvmd_lnx.o)
                              c:/android-ndk-r9d/toolchains/arm-linux-androideabi-4.8/prebuilt/windows-x86_64/bin/../lib/gcc/arm-linux-androideabi/4.8/libgcc.a(_aeabi_ldivmod.o) (__aeabi_ldiv0)
c:/android-ndk-r9d/toolchains/arm-linux-androideabi-4.8/prebuilt/windows-x86_64/bin/../lib/gcc/arm-linux-androideabi/4.8/libgcc.a(bpabi.o)
                              c:/android-ndk-r9d/toolchains/arm-linux-androideabi-4.8/prebuilt/windows-x86_64/bin/../lib/gcc/arm-linux-androideabi/4.8/libgcc.a(_aeabi_ldivmod.o) (__gnu_ldivmod_helper)
c:/android-ndk-r9d/toolchains/arm-linux-androideabi-4.8/prebuilt/windows-x86_64/bin/../lib/gcc/arm-linux-androideabi/4.8/libgcc.a(unwind-arm.o)
                              c:/android-ndk-r9d/toolchains/arm-linux-androideabi-4.8/prebuilt/windows-x86_64/bin/../lib/gcc/arm-linux-androideabi/4.8/libgcc.a(bpabi.o) (__aeabi_unwind_cpp_pr0)
c:/android-ndk-r9d/toolchains/arm-linux-androideabi-4.8/prebuilt/windows-x86_64/bin/../lib/gcc/arm-linux-androideabi/4.8/libgcc.a(libunwind.o)
                              c:/android-ndk-r9d/toolchains/arm-linux-androideabi-4.8/prebuilt/windows-x86_64/bin/../lib/gcc/arm-linux-androideabi/4.8/libgcc.a(unwind-arm.o) (restore_core_regs)
c:/android-ndk-r9d/toolchains/arm-linux-androideabi-4.8/prebuilt/windows-x86_64/bin/../lib/gcc/arm-linux-androideabi/4.8/libgcc.a(pr-support.o)
                              c:/android-ndk-r9d/toolchains/arm-linux-androideabi-4.8/prebuilt/windows-x86_64/bin/../lib/gcc/arm-linux-androideabi/4.8/libgcc.a(unwind-arm.o) (__gnu_unwind_execute)
c:/android-ndk-r9d/toolchains/arm-linux-androideabi-4.8/prebuilt/windows-x86_64/bin/../lib/gcc/arm-linux-androideabi/4.8/libgcc.a(_divdi3.o)
                              c:/android-ndk-r9d/toolchains/arm-linux-androideabi-4.8/prebuilt/windows-x86_64/bin/../lib/gcc/arm-linux-androideabi/4.8/libgcc.a(bpabi.o) (__divdi3)
c:/android-ndk-r9d/toolchains/arm-linux-androideabi-4.8/prebuilt/windows-x86_64/bin/../lib/gcc/arm-linux-androideabi/4.8/libgcc.a(_udivdi3.o)
                              c:/android-ndk-r9d/toolchains/arm-linux-androideabi-4.8/prebuilt/windows-x86_64/bin/../lib/gcc/arm-linux-androideabi/4.8/libgcc.a(bpabi.o) (__udivdi3)
c:/android-ndk-r9d/toolchains/arm-linux-androideabi-4.8/prebuilt/windows-x86_64/bin/../lib/gcc/arm-linux-androideabi/4.8/libgcc.a(_udivsi3.o)
                              c:/android-ndk-r9d/toolchains/arm-linux-androideabi-4.8/prebuilt/windows-x86_64/bin/../lib/gcc/arm-linux-androideabi/4.8/libgcc.a(_divdi3.o) (__aeabi_uidiv)

Discarded input sections

 .text          0x00000000       0x14 C:/android-ndk-r9d/platforms/android-14/arch-arm/usr/lib/crtbegin_so.o
 .bss           0x00000000        0x0 C:/android-ndk-r9d/platforms/android-14/arch-arm/usr/lib/crtbegin_so.o
 .note.GNU-stack
                0x00000000        0x0 C:/android-ndk-r9d/platforms/android-14/arch-arm/usr/lib/crtbegin_so.o
 .group         0x00000000        0x8 debug\s3eMATSDK_platform.os
 .group         0x00000000        0x8 debug\s3eMATSDK_platform.os
 .group         0x00000000        0x8 debug\s3eMATSDK_platform.os
 .group         0x00000000        0x8 debug\s3eMATSDK_platform.os
 .group         0x00000000        0x8 debug\s3eMATSDK_platform.os
 .group         0x00000000        0x8 debug\s3eMATSDK_platform.os
 .group         0x00000000        0x8 debug\s3eMATSDK_platform.os
 .group         0x00000000        0x8 debug\s3eMATSDK_platform.os
 .group         0x00000000        0x8 debug\s3eMATSDK_platform.os
 .group         0x00000000        0x8 debug\s3eMATSDK_platform.os
 .group         0x00000000        0x8 debug\s3eMATSDK_platform.os
 .group         0x00000000        0x8 debug\s3eMATSDK_platform.os
 .group         0x00000000        0x8 debug\s3eMATSDK_platform.os
 .group         0x00000000        0x8 debug\s3eMATSDK_platform.os
 .group         0x00000000        0x8 debug\s3eMATSDK_platform.os
 .group         0x00000000        0x8 debug\s3eMATSDK_platform.os
 .text          0x00000000        0x0 debug\s3eMATSDK_platform.os
 .data          0x00000000        0x0 debug\s3eMATSDK_platform.os
 .note.GNU-stack
                0x00000000        0x0 debug\s3eMATSDK_platform.os
 .text          0x00000000        0x0 debug\s3eMATSDK.os
 .data          0x00000000        0x0 debug\s3eMATSDK.os
 .bss           0x00000000        0x0 debug\s3eMATSDK.os
 .note.GNU-stack
                0x00000000        0x0 debug\s3eMATSDK.os
 .text          0x00000000        0x0 debug\s3eMATSDK_register.os
 .data          0x00000000        0x0 debug\s3eMATSDK_register.os
 .bss           0x00000000        0x0 debug\s3eMATSDK_register.os
 .note.GNU-stack
                0x00000000        0x0 debug\s3eMATSDK_register.os
 .text          0x00000000        0x0 C:\marmalade\7.4\s3e\edk\lib\android/libedk.a(IwDebug.o)
 .data          0x00000000        0x0 C:\marmalade\7.4\s3e\edk\lib\android/libedk.a(IwDebug.o)
 .text.IwDebugClearConfigCache
                0x00000000       0x80 C:\marmalade\7.4\s3e\edk\lib\android/libedk.a(IwDebug.o)
 .text.IwDebugAssertIsChannelOn
                0x00000000      0x1ec C:\marmalade\7.4\s3e\edk\lib\android/libedk.a(IwDebug.o)
 .text.IwDebugAssertShow
                0x00000000      0x2e8 C:\marmalade\7.4\s3e\edk\lib\android/libedk.a(IwDebug.o)
 .text.IwDebugAssertSetSolution
                0x00000000       0xb8 C:\marmalade\7.4\s3e\edk\lib\android/libedk.a(IwDebug.o)
 .text.IwDebugAssertSetMessage
                0x00000000      0x100 C:\marmalade\7.4\s3e\edk\lib\android/libedk.a(IwDebug.o)
 .text.IwAssertRegisterTextCallback
                0x00000000       0x1c C:\marmalade\7.4\s3e\edk\lib\android/libedk.a(IwDebug.o)
 .text.IwAssertRegisterCallback
                0x00000000       0x1c C:\marmalade\7.4\s3e\edk\lib\android/libedk.a(IwDebug.o)
 .text.IwDebugTraceDisable
                0x00000000       0x10 C:\marmalade\7.4\s3e\edk\lib\android/libedk.a(IwDebug.o)
 .text.IwDebugTraceChannelSwitch
                0x00000000      0x1e4 C:\marmalade\7.4\s3e\edk\lib\android/libedk.a(IwDebug.o)
 .text.IwDebugErrorRegisterCallback
                0x00000000       0x1c C:\marmalade\7.4\s3e\edk\lib\android/libedk.a(IwDebug.o)
 .text.IwDebugErrorShow
                0x00000000      0x108 C:\marmalade\7.4\s3e\edk\lib\android/libedk.a(IwDebug.o)
 .text.IwDebugAssertSetUID
                0x00000000       0x14 C:\marmalade\7.4\s3e\edk\lib\android/libedk.a(IwDebug.o)
 .note.GNU-stack
                0x00000000        0x0 C:\marmalade\7.4\s3e\edk\lib\android/libedk.a(IwDebug.o)
 .text          0x00000000        0x0 C:\marmalade\7.4\s3e\edk\lib\android/libedk.a(edk_helpers.o)
 .data          0x00000000        0x0 C:\marmalade\7.4\s3e\edk\lib\android/libedk.a(edk_helpers.o)
 .bss           0x00000000        0x0 C:\marmalade\7.4\s3e\edk\lib\android/libedk.a(edk_helpers.o)
 .text.s3eEdkErrorSetString
                0x00000000       0x30 C:\marmalade\7.4\s3e\edk\lib\android/libedk.a(edk_helpers.o)
 .text.s3eEdkThreadRunOnOSAsync
                0x00000000       0x30 C:\marmalade\7.4\s3e\edk\lib\android/libedk.a(edk_helpers.o)
 .note.GNU-stack
                0x00000000        0x0 C:\marmalade\7.4\s3e\edk\lib\android/libedk.a(edk_helpers.o)
 .data          0x00000000        0x0 c:/android-ndk-r9d/toolchains/arm-linux-androideabi-4.8/prebuilt/windows-x86_64/bin/../lib/gcc/arm-linux-androideabi/4.8/libgcc.a(_arm_addsubdf3.o)
 .bss           0x00000000        0x0 c:/android-ndk-r9d/toolchains/arm-linux-androideabi-4.8/prebuilt/windows-x86_64/bin/../lib/gcc/arm-linux-androideabi/4.8/libgcc.a(_arm_addsubdf3.o)
 .note.GNU-stack
                0x00000000        0x0 c:/android-ndk-r9d/toolchains/arm-linux-androideabi-4.8/prebuilt/windows-x86_64/bin/../lib/gcc/arm-linux-androideabi/4.8/libgcc.a(_arm_addsubdf3.o)
 .data          0x00000000        0x0 c:/android-ndk-r9d/toolchains/arm-linux-androideabi-4.8/prebuilt/windows-x86_64/bin/../lib/gcc/arm-linux-androideabi/4.8/libgcc.a(_arm_fixdfsi.o)
 .bss           0x00000000        0x0 c:/android-ndk-r9d/toolchains/arm-linux-androideabi-4.8/prebuilt/windows-x86_64/bin/../lib/gcc/arm-linux-androideabi/4.8/libgcc.a(_arm_fixdfsi.o)
 .note.GNU-stack
                0x00000000        0x0 c:/android-ndk-r9d/toolchains/arm-linux-androideabi-4.8/prebuilt/windows-x86_64/bin/../lib/gcc/arm-linux-androideabi/4.8/libgcc.a(_arm_fixdfsi.o)
 .data          0x00000000        0x0 c:/android-ndk-r9d/toolchains/arm-linux-androideabi-4.8/prebuilt/windows-x86_64/bin/../lib/gcc/arm-linux-androideabi/4.8/libgcc.a(_arm_truncdfsf2.o)
 .bss           0x00000000        0x0 c:/android-ndk-r9d/toolchains/arm-linux-androideabi-4.8/prebuilt/windows-x86_64/bin/../lib/gcc/arm-linux-androideabi/4.8/libgcc.a(_arm_truncdfsf2.o)
 .note.GNU-stack
                0x00000000        0x0 c:/android-ndk-r9d/toolchains/arm-linux-androideabi-4.8/prebuilt/windows-x86_64/bin/../lib/gcc/arm-linux-androideabi/4.8/libgcc.a(_arm_truncdfsf2.o)
 .data          0x00000000        0x0 c:/android-ndk-r9d/toolchains/arm-linux-androideabi-4.8/prebuilt/windows-x86_64/bin/../lib/gcc/arm-linux-androideabi/4.8/libgcc.a(_aeabi_ldivmod.o)
 .bss           0x00000000        0x0 c:/android-ndk-r9d/toolchains/arm-linux-androideabi-4.8/prebuilt/windows-x86_64/bin/../lib/gcc/arm-linux-androideabi/4.8/libgcc.a(_aeabi_ldivmod.o)
 .note.GNU-stack
                0x00000000        0x0 c:/android-ndk-r9d/toolchains/arm-linux-androideabi-4.8/prebuilt/windows-x86_64/bin/../lib/gcc/arm-linux-androideabi/4.8/libgcc.a(_aeabi_ldivmod.o)
 .data          0x00000000        0x0 c:/android-ndk-r9d/toolchains/arm-linux-androideabi-4.8/prebuilt/windows-x86_64/bin/../lib/gcc/arm-linux-androideabi/4.8/libgcc.a(_dvmd_lnx.o)
 .bss           0x00000000        0x0 c:/android-ndk-r9d/toolchains/arm-linux-androideabi-4.8/prebuilt/windows-x86_64/bin/../lib/gcc/arm-linux-androideabi/4.8/libgcc.a(_dvmd_lnx.o)
 .note.GNU-stack
                0x00000000        0x0 c:/android-ndk-r9d/toolchains/arm-linux-androideabi-4.8/prebuilt/windows-x86_64/bin/../lib/gcc/arm-linux-androideabi/4.8/libgcc.a(_dvmd_lnx.o)
 .data          0x00000000        0x0 c:/android-ndk-r9d/toolchains/arm-linux-androideabi-4.8/prebuilt/windows-x86_64/bin/../lib/gcc/arm-linux-androideabi/4.8/libgcc.a(bpabi.o)
 .bss           0x00000000        0x0 c:/android-ndk-r9d/toolchains/arm-linux-androideabi-4.8/prebuilt/windows-x86_64/bin/../lib/gcc/arm-linux-androideabi/4.8/libgcc.a(bpabi.o)
 .ARM.extab     0x00000000        0x0 c:/android-ndk-r9d/toolchains/arm-linux-androideabi-4.8/prebuilt/windows-x86_64/bin/../lib/gcc/arm-linux-androideabi/4.8/libgcc.a(bpabi.o)
 .note.GNU-stack
                0x00000000        0x0 c:/android-ndk-r9d/toolchains/arm-linux-androideabi-4.8/prebuilt/windows-x86_64/bin/../lib/gcc/arm-linux-androideabi/4.8/libgcc.a(bpabi.o)
 .data          0x00000000        0x0 c:/android-ndk-r9d/toolchains/arm-linux-androideabi-4.8/prebuilt/windows-x86_64/bin/../lib/gcc/arm-linux-androideabi/4.8/libgcc.a(unwind-arm.o)
 .bss           0x00000000        0x0 c:/android-ndk-r9d/toolchains/arm-linux-androideabi-4.8/prebuilt/windows-x86_64/bin/../lib/gcc/arm-linux-androideabi/4.8/libgcc.a(unwind-arm.o)
 .note.GNU-stack
                0x00000000        0x0 c:/android-ndk-r9d/toolchains/arm-linux-androideabi-4.8/prebuilt/windows-x86_64/bin/../lib/gcc/arm-linux-androideabi/4.8/libgcc.a(unwind-arm.o)
 .data          0x00000000        0x0 c:/android-ndk-r9d/toolchains/arm-linux-androideabi-4.8/prebuilt/windows-x86_64/bin/../lib/gcc/arm-linux-androideabi/4.8/libgcc.a(libunwind.o)
 .bss           0x00000000        0x0 c:/android-ndk-r9d/toolchains/arm-linux-androideabi-4.8/prebuilt/windows-x86_64/bin/../lib/gcc/arm-linux-androideabi/4.8/libgcc.a(libunwind.o)
 .note.GNU-stack
                0x00000000        0x0 c:/android-ndk-r9d/toolchains/arm-linux-androideabi-4.8/prebuilt/windows-x86_64/bin/../lib/gcc/arm-linux-androideabi/4.8/libgcc.a(libunwind.o)
 .data          0x00000000        0x0 c:/android-ndk-r9d/toolchains/arm-linux-androideabi-4.8/prebuilt/windows-x86_64/bin/../lib/gcc/arm-linux-androideabi/4.8/libgcc.a(pr-support.o)
 .bss           0x00000000        0x0 c:/android-ndk-r9d/toolchains/arm-linux-androideabi-4.8/prebuilt/windows-x86_64/bin/../lib/gcc/arm-linux-androideabi/4.8/libgcc.a(pr-support.o)
 .note.GNU-stack
                0x00000000        0x0 c:/android-ndk-r9d/toolchains/arm-linux-androideabi-4.8/prebuilt/windows-x86_64/bin/../lib/gcc/arm-linux-androideabi/4.8/libgcc.a(pr-support.o)
 .data          0x00000000        0x0 c:/android-ndk-r9d/toolchains/arm-linux-androideabi-4.8/prebuilt/windows-x86_64/bin/../lib/gcc/arm-linux-androideabi/4.8/libgcc.a(_divdi3.o)
 .bss           0x00000000        0x0 c:/android-ndk-r9d/toolchains/arm-linux-androideabi-4.8/prebuilt/windows-x86_64/bin/../lib/gcc/arm-linux-androideabi/4.8/libgcc.a(_divdi3.o)
 .ARM.extab     0x00000000        0x0 c:/android-ndk-r9d/toolchains/arm-linux-androideabi-4.8/prebuilt/windows-x86_64/bin/../lib/gcc/arm-linux-androideabi/4.8/libgcc.a(_divdi3.o)
 .note.GNU-stack
                0x00000000        0x0 c:/android-ndk-r9d/toolchains/arm-linux-androideabi-4.8/prebuilt/windows-x86_64/bin/../lib/gcc/arm-linux-androideabi/4.8/libgcc.a(_divdi3.o)
 .data          0x00000000        0x0 c:/android-ndk-r9d/toolchains/arm-linux-androideabi-4.8/prebuilt/windows-x86_64/bin/../lib/gcc/arm-linux-androideabi/4.8/libgcc.a(_udivdi3.o)
 .bss           0x00000000        0x0 c:/android-ndk-r9d/toolchains/arm-linux-androideabi-4.8/prebuilt/windows-x86_64/bin/../lib/gcc/arm-linux-androideabi/4.8/libgcc.a(_udivdi3.o)
 .ARM.extab     0x00000000        0x0 c:/android-ndk-r9d/toolchains/arm-linux-androideabi-4.8/prebuilt/windows-x86_64/bin/../lib/gcc/arm-linux-androideabi/4.8/libgcc.a(_udivdi3.o)
 .note.GNU-stack
                0x00000000        0x0 c:/android-ndk-r9d/toolchains/arm-linux-androideabi-4.8/prebuilt/windows-x86_64/bin/../lib/gcc/arm-linux-androideabi/4.8/libgcc.a(_udivdi3.o)
 .data          0x00000000        0x0 c:/android-ndk-r9d/toolchains/arm-linux-androideabi-4.8/prebuilt/windows-x86_64/bin/../lib/gcc/arm-linux-androideabi/4.8/libgcc.a(_udivsi3.o)
 .bss           0x00000000        0x0 c:/android-ndk-r9d/toolchains/arm-linux-androideabi-4.8/prebuilt/windows-x86_64/bin/../lib/gcc/arm-linux-androideabi/4.8/libgcc.a(_udivsi3.o)
 .note.GNU-stack
                0x00000000        0x0 c:/android-ndk-r9d/toolchains/arm-linux-androideabi-4.8/prebuilt/windows-x86_64/bin/../lib/gcc/arm-linux-androideabi/4.8/libgcc.a(_udivsi3.o)
 .text          0x00000000        0x0 C:/android-ndk-r9d/platforms/android-14/arch-arm/usr/lib/crtend_so.o
 .data          0x00000000        0x0 C:/android-ndk-r9d/platforms/android-14/arch-arm/usr/lib/crtend_so.o
 .bss           0x00000000        0x0 C:/android-ndk-r9d/platforms/android-14/arch-arm/usr/lib/crtend_so.o
 .note.GNU-stack
                0x00000000        0x0 C:/android-ndk-r9d/platforms/android-14/arch-arm/usr/lib/crtend_so.o

Memory map

 ** file header
                0x00000000       0x34
 ** segment headers
                0x00000034      0x100

.interp         0x00000134       0x13
 ** fill        0x00000134       0x13

.dynsym         0x00000148      0x6c0
 ** dynsym      0x00000148      0x6c0

.dynstr         0x00000808      0x769
 ** string table
                0x00000808      0x769

.hash           0x00000f74      0x33c
 ** hash        0x00000f74      0x33c

.rel.dyn        0x000012b0      0x200
 ** dynamic relocs
                0x000012b0      0x200

.rel.plt        0x000014b0       0xa8
 ** dynamic relocs
                0x000014b0       0xa8

.plt            0x00001558      0x110
 ** PLT         0x00001558      0x110

.text           0x00001668     0x82f4
 .text.exit     0x00001668       0x10 C:/android-ndk-r9d/platforms/android-14/arch-arm/usr/lib/crtbegin_so.o
                0x00001668                __on_dlclose
 .text.startup._GLOBAL__sub_I_IwDebug.cpp
                0x00001678       0x88 C:\marmalade\7.4\s3e\edk\lib\android/libedk.a(IwDebug.o)
 .text._ZN7_JNIEnv9FindClassEPKc
                0x00001700       0x38 debug\s3eMATSDK_platform.os
                0x00001700                _JNIEnv::FindClass(char const*)
 .text._ZN7_JNIEnv17ExceptionOccurredEv
                0x00001738       0x30 debug\s3eMATSDK_platform.os
                0x00001738                _JNIEnv::ExceptionOccurred()
 .text._ZN7_JNIEnv17ExceptionDescribeEv
                0x00001768       0x28 debug\s3eMATSDK_platform.os
                0x00001768                _JNIEnv::ExceptionDescribe()
 .text._ZN7_JNIEnv14ExceptionClearEv
                0x00001790       0x28 debug\s3eMATSDK_platform.os
                0x00001790                _JNIEnv::ExceptionClear()
 .text._ZN7_JNIEnv12NewGlobalRefEP8_jobject
                0x000017b8       0x38 debug\s3eMATSDK_platform.os
                0x000017b8                _JNIEnv::NewGlobalRef(_jobject*)
 .text._ZN7_JNIEnv15DeleteGlobalRefEP8_jobject
                0x000017f0       0x30 debug\s3eMATSDK_platform.os
                0x000017f0                _JNIEnv::DeleteGlobalRef(_jobject*)
 .text._ZN7_JNIEnv14DeleteLocalRefEP8_jobject
                0x00001820       0x30 debug\s3eMATSDK_platform.os
                0x00001820                _JNIEnv::DeleteLocalRef(_jobject*)
 .text._ZN7_JNIEnv9NewObjectEP7_jclassP10_jmethodIDz
                0x00001850       0x58 debug\s3eMATSDK_platform.os
                0x00001850                _JNIEnv::NewObject(_jclass*, _jmethodID*, ...)
 .text._ZN7_JNIEnv11GetMethodIDEP7_jclassPKcS3_
                0x000018a8       0x48 debug\s3eMATSDK_platform.os
                0x000018a8                _JNIEnv::GetMethodID(_jclass*, char const*, char const*)
 .text._ZN7_JNIEnv16CallObjectMethodEP8_jobjectP10_jmethodIDz
                0x000018f0       0x58 debug\s3eMATSDK_platform.os
                0x000018f0                _JNIEnv::CallObjectMethod(_jobject*, _jmethodID*, ...)
 .text._ZN7_JNIEnv17CallBooleanMethodEP8_jobjectP10_jmethodIDz
                0x00001948       0x5c debug\s3eMATSDK_platform.os
                0x00001948                _JNIEnv::CallBooleanMethod(_jobject*, _jmethodID*, ...)
 .text._ZN7_JNIEnv14CallLongMethodEP8_jobjectP10_jmethodIDz
                0x000019a4       0x5c debug\s3eMATSDK_platform.os
                0x000019a4                _JNIEnv::CallLongMethod(_jobject*, _jmethodID*, ...)
 .text._ZN7_JNIEnv14CallVoidMethodEP8_jobjectP10_jmethodIDz
                0x00001a00       0x4c debug\s3eMATSDK_platform.os
                0x00001a00                _JNIEnv::CallVoidMethod(_jobject*, _jmethodID*, ...)
 .text._ZN7_JNIEnv12NewStringUTFEPKc
                0x00001a4c       0x38 debug\s3eMATSDK_platform.os
                0x00001a4c                _JNIEnv::NewStringUTF(char const*)
 .text._ZN7_JNIEnv17GetStringUTFCharsEP8_jstringPh
                0x00001a84       0x40 debug\s3eMATSDK_platform.os
                0x00001a84                _JNIEnv::GetStringUTFChars(_jstring*, unsigned char*)
 .text._ZN7_JavaVM6GetEnvEPPvi
                0x00001ac4       0x40 debug\s3eMATSDK_platform.os
                0x00001ac4                _JavaVM::GetEnv(void**, int)
 .text._ZL15s3eEdkJNIGetEnvv
                0x00001b04       0x40 debug\s3eMATSDK_platform.os
 .text._ZL27s3eEdkAndroidFindClass_realPKc
                0x00001b44       0x8c debug\s3eMATSDK_platform.os
 .text._ZL22s3eEdkAndroidFindClassPKc
                0x00001bd0       0x38 debug\s3eMATSDK_platform.os
 .text._Z19MATSDKInit_platformv
                0x00001c08     0x10a0 debug\s3eMATSDK_platform.os
                0x00001c08                MATSDKInit_platform()
 .text._Z24MATSDKTerminate_platformv
                0x00002ca8        0x4 debug\s3eMATSDK_platform.os
                0x00002ca8                MATSDKTerminate_platform()
 .text._Z33MATStartMobileAppTracker_platformPKcS0_
                0x00002cac       0x94 debug\s3eMATSDK_platform.os
                0x00002cac                MATStartMobileAppTracker_platform(char const*, char const*)
 .text._Z26MATMeasureSession_platformv
                0x00002d40       0x48 debug\s3eMATSDK_platform.os
                0x00002d40                MATMeasureSession_platform()
 .text._Z25MATMeasureAction_platformPKc
                0x00002d88       0x6c debug\s3eMATSDK_platform.os
                0x00002d88                MATMeasureAction_platform(char const*)
 .text._Z40MATMeasureActionWithReferenceId_platformPKcS0_
                0x00002df4       0x94 debug\s3eMATSDK_platform.os
                0x00002df4                MATMeasureActionWithReferenceId_platform(char const*, char const*)
 .text._Z36MATMeasureActionWithRevenue_platformPKcS0_S0_S0_
                0x00002e88       0xe4 debug\s3eMATSDK_platform.os
                0x00002e88                MATMeasureActionWithRevenue_platform(char const*, char const*, char const*, char const*)
 .text._Z34MATMeasureActionWithItems_platformPKcPK8MATArrayS0_S0_S0_hS0_S0_
                0x00002f6c      0x464 debug\s3eMATSDK_platform.os
                0x00002f6c                MATMeasureActionWithItems_platform(char const*, MATArray const*, char const*, char const*, char const*, unsigned char, char const*, char const*)
 .text._Z33MATStartAppToAppTracking_platformPKcS0_S0_S0_b
                0x000033d0       0x20 debug\s3eMATSDK_platform.os
                0x000033d0                MATStartAppToAppTracking_platform(char const*, char const*, char const*, char const*, bool)
 .text._Z26MATSetPackageName_platformPKc
                0x000033f0       0x6c debug\s3eMATSDK_platform.os
                0x000033f0                MATSetPackageName_platform(char const*)
 .text._Z27MATSetCurrencyCode_platformPKc
                0x0000345c       0x6c debug\s3eMATSDK_platform.os
                0x0000345c                MATSetCurrencyCode_platform(char const*)
 .text._Z24MATSetUserEmail_platformPKc
                0x000034c8       0x6c debug\s3eMATSDK_platform.os
                0x000034c8                MATSetUserEmail_platform(char const*)
 .text._Z21MATSetUserId_platformPKc
                0x00003534       0x6c debug\s3eMATSDK_platform.os
                0x00003534                MATSetUserId_platform(char const*)
 .text._Z23MATSetUserName_platformPKc
                0x000035a0       0x6c debug\s3eMATSDK_platform.os
                0x000035a0                MATSetUserName_platform(char const*)
 .text._Z29MATSetFacebookUserId_platformPKc
                0x0000360c       0x6c debug\s3eMATSDK_platform.os
                0x0000360c                MATSetFacebookUserId_platform(char const*)
 .text._Z28MATSetTwitterUserId_platformPKc
                0x00003678       0x6c debug\s3eMATSDK_platform.os
                0x00003678                MATSetTwitterUserId_platform(char const*)
 .text._Z27MATSetGoogleUserId_platformPKc
                0x000036e4       0x6c debug\s3eMATSDK_platform.os
                0x000036e4                MATSetGoogleUserId_platform(char const*)
 .text._Z34MATSetGoogleAdvertisingId_platformPKcb
                0x00003750       0x7c debug\s3eMATSDK_platform.os
                0x00003750                MATSetGoogleAdvertisingId_platform(char const*, bool)
 .text._Z30MATSetEventAttribute1_platformPKc
                0x000037cc       0x6c debug\s3eMATSDK_platform.os
                0x000037cc                MATSetEventAttribute1_platform(char const*)
 .text._Z30MATSetEventAttribute2_platformPKc
                0x00003838       0x6c debug\s3eMATSDK_platform.os
                0x00003838                MATSetEventAttribute2_platform(char const*)
 .text._Z30MATSetEventAttribute3_platformPKc
                0x000038a4       0x6c debug\s3eMATSDK_platform.os
                0x000038a4                MATSetEventAttribute3_platform(char const*)
 .text._Z30MATSetEventAttribute4_platformPKc
                0x00003910       0x6c debug\s3eMATSDK_platform.os
                0x00003910                MATSetEventAttribute4_platform(char const*)
 .text._Z30MATSetEventAttribute5_platformPKc
                0x0000397c       0x6c debug\s3eMATSDK_platform.os
                0x0000397c                MATSetEventAttribute5_platform(char const*)
 .text._Z31MATSetEventContentType_platformPKc
                0x000039e8       0x6c debug\s3eMATSDK_platform.os
                0x000039e8                MATSetEventContentType_platform(char const*)
 .text._Z29MATSetEventContentId_platformPKc
                0x00003a54       0x6c debug\s3eMATSDK_platform.os
                0x00003a54                MATSetEventContentId_platform(char const*)
 .text._Z25MATSetEventLevel_platformi
                0x00003ac0       0x50 debug\s3eMATSDK_platform.os
                0x00003ac0                MATSetEventLevel_platform(int)
 .text._Z28MATSetEventQuantity_platformi
                0x00003b10       0x50 debug\s3eMATSDK_platform.os
                0x00003b10                MATSetEventQuantity_platform(int)
 .text._Z32MATSetEventSearchString_platformPKc
                0x00003b60       0x6c debug\s3eMATSDK_platform.os
                0x00003b60                MATSetEventSearchString_platform(char const*)
 .text._Z26MATSetEventRating_platformPKc
                0x00003bcc       0x88 debug\s3eMATSDK_platform.os
                0x00003bcc                MATSetEventRating_platform(char const*)
 .text._Z25MATSetEventDate1_platformPKc
                0x00003c54      0x188 debug\s3eMATSDK_platform.os
                0x00003c54                MATSetEventDate1_platform(char const*)
 .text._Z25MATSetEventDate2_platformPKc
                0x00003ddc      0x188 debug\s3eMATSDK_platform.os
                0x00003ddc                MATSetEventDate2_platform(char const*)
 .text._Z27MATSetExistingUser_platformb
                0x00003f64       0x4c debug\s3eMATSDK_platform.os
                0x00003f64                MATSetExistingUser_platform(bool)
 .text._Z35MATSetFacebookEventLogging_platformbb
                0x00003fb0       0x54 debug\s3eMATSDK_platform.os
                0x00003fb0                MATSetFacebookEventLogging_platform(bool, bool)
 .text._Z25MATSetPayingUser_platformb
                0x00004004       0x4c debug\s3eMATSDK_platform.os
                0x00004004                MATSetPayingUser_platform(bool)
 .text._Z21MATSetSiteId_platformPKc
                0x00004050       0x6c debug\s3eMATSDK_platform.os
                0x00004050                MATSetSiteId_platform(char const*)
 .text._Z23MATSetTRUSTeId_platformPKc
                0x000040bc       0x6c debug\s3eMATSDK_platform.os
                0x000040bc                MATSetTRUSTeId_platform(char const*)
 .text._Z24MATSetDebugMode_platformb
                0x00004128       0x4c debug\s3eMATSDK_platform.os
                0x00004128                MATSetDebugMode_platform(bool)
 .text._Z30MATSetAllowDuplicates_platformb
                0x00004174       0x4c debug\s3eMATSDK_platform.os
                0x00004174                MATSetAllowDuplicates_platform(bool)
 .text._Z18MATSetAge_platformi
                0x000041c0       0x50 debug\s3eMATSDK_platform.os
                0x000041c0                MATSetAge_platform(int)
 .text._Z21MATSetGender_platformi
                0x00004210       0x50 debug\s3eMATSDK_platform.os
                0x00004210                MATSetGender_platform(int)
 .text._Z23MATSetLocation_platformPKcS0_
                0x00004260       0x7c debug\s3eMATSDK_platform.os
                0x00004260                MATSetLocation_platform(char const*, char const*)
 .text._Z35MATSetLocationWithAltitude_platformPKcS0_S0_
                0x000042dc       0x98 debug\s3eMATSDK_platform.os
                0x000042dc                MATSetLocationWithAltitude_platform(char const*, char const*, char const*)
 .text._Z27MATGetIsPayingUser_platformv
                0x00004374       0x6c debug\s3eMATSDK_platform.os
                0x00004374                MATGetIsPayingUser_platform()
 .text._Z20MATGetMatId_platformv
                0x000043e0       0x68 debug\s3eMATSDK_platform.os
                0x000043e0                MATGetMatId_platform()
 .text._Z24MATGetOpenLogId_platformv
                0x00004448       0x68 debug\s3eMATSDK_platform.os
                0x00004448                MATGetOpenLogId_platform()
 .text._Z36MATCheckForDeferredDeeplink_platformPKcPFiPvS1_E
                0x000044b0       0x7c debug\s3eMATSDK_platform.os
                0x000044b0                MATCheckForDeferredDeeplink_platform(char const*, int (*)(void*, void*))
 .text._Z41MATSetAppleAdvertisingIdentifier_platformPKcb
                0x0000452c       0x18 debug\s3eMATSDK_platform.os
                0x0000452c                MATSetAppleAdvertisingIdentifier_platform(char const*, bool)
 .text._Z36MATSetAppleVendorIdentifier_platformPKc
                0x00004544       0x10 debug\s3eMATSDK_platform.os
                0x00004544                MATSetAppleVendorIdentifier_platform(char const*)
 .text._Z28MATSetAppAdTracking_platformb
                0x00004554       0x14 debug\s3eMATSDK_platform.os
                0x00004554                MATSetAppAdTracking_platform(bool)
 .text._Z23MATSetDelegate_platformb
                0x00004568       0x14 debug\s3eMATSDK_platform.os
                0x00004568                MATSetDelegate_platform(bool)
 .text._Z25MATSetJailbroken_platformb
                0x0000457c       0x14 debug\s3eMATSDK_platform.os
                0x0000457c                MATSetJailbroken_platform(bool)
 .text._Z26MATSetRedirectUrl_platformPKc
                0x00004590       0x10 debug\s3eMATSDK_platform.os
                0x00004590                MATSetRedirectUrl_platform(char const*)
 .text._Z41MATSetShouldAutoDetectJailbroken_platformb
                0x000045a0       0x14 debug\s3eMATSDK_platform.os
                0x000045a0                MATSetShouldAutoDetectJailbroken_platform(bool)
 .text._Z54MATSetShouldAutoGenerateAppleVendorIdentifier_platformb
                0x000045b4       0x14 debug\s3eMATSDK_platform.os
                0x000045b4                MATSetShouldAutoGenerateAppleVendorIdentifier_platform(bool)
 .text._Z32MATSetUseCookieTracking_platformb
                0x000045c8       0x14 debug\s3eMATSDK_platform.os
                0x000045c8                MATSetUseCookieTracking_platform(bool)
 .text._Z13s3eMATSDKInitv
                0x000045dc       0x14 debug\s3eMATSDK.os
                0x000045dc                s3eMATSDKInit()
 .text._Z18s3eMATSDKTerminatev
                0x000045f0        0xc debug\s3eMATSDK.os
                0x000045f0                s3eMATSDKTerminate()
 .text.MATStartMobileAppTracker
                0x000045fc       0x24 debug\s3eMATSDK.os
                0x000045fc                MATStartMobileAppTracker
 .text.MATMeasureSession
                0x00004620        0xc debug\s3eMATSDK.os
                0x00004620                MATMeasureSession
 .text.MATMeasureAction
                0x0000462c       0x1c debug\s3eMATSDK.os
                0x0000462c                MATMeasureAction
 .text.MATMeasureActionWithReferenceId
                0x00004648       0x24 debug\s3eMATSDK.os
                0x00004648                MATMeasureActionWithReferenceId
 .text.MATMeasureActionWithRevenue
                0x0000466c       0x34 debug\s3eMATSDK.os
                0x0000466c                MATMeasureActionWithRevenue
 .text.MATMeasureActionWithItems
                0x000046a0       0x54 debug\s3eMATSDK.os
                0x000046a0                MATMeasureActionWithItems
 .text.MATStartAppToAppTracking
                0x000046f4       0x3c debug\s3eMATSDK.os
                0x000046f4                MATStartAppToAppTracking
 .text.MATCheckForDeferredDeeplink
                0x00004730       0x24 debug\s3eMATSDK.os
                0x00004730                MATCheckForDeferredDeeplink
 .text.MATSetPackageName
                0x00004754       0x1c debug\s3eMATSDK.os
                0x00004754                MATSetPackageName
 .text.MATSetCurrencyCode
                0x00004770       0x1c debug\s3eMATSDK.os
                0x00004770                MATSetCurrencyCode
 .text.MATSetJailbroken
                0x0000478c       0x24 debug\s3eMATSDK.os
                0x0000478c                MATSetJailbroken
 .text.MATSetUserEmail
                0x000047b0       0x1c debug\s3eMATSDK.os
                0x000047b0                MATSetUserEmail
 .text.MATSetUserId
                0x000047cc       0x1c debug\s3eMATSDK.os
                0x000047cc                MATSetUserId
 .text.MATSetUserName
                0x000047e8       0x1c debug\s3eMATSDK.os
                0x000047e8                MATSetUserName
 .text.MATSetFacebookUserId
                0x00004804       0x1c debug\s3eMATSDK.os
                0x00004804                MATSetFacebookUserId
 .text.MATSetTwitterUserId
                0x00004820       0x1c debug\s3eMATSDK.os
                0x00004820                MATSetTwitterUserId
 .text.MATSetGoogleUserId
                0x0000483c       0x1c debug\s3eMATSDK.os
                0x0000483c                MATSetGoogleUserId
 .text.MATSetGoogleAdvertisingId
                0x00004858       0x2c debug\s3eMATSDK.os
                0x00004858                MATSetGoogleAdvertisingId
 .text.MATSetSiteId
                0x00004884       0x1c debug\s3eMATSDK.os
                0x00004884                MATSetSiteId
 .text.MATSetTRUSTeId
                0x000048a0       0x1c debug\s3eMATSDK.os
                0x000048a0                MATSetTRUSTeId
 .text.MATSetAppAdTracking
                0x000048bc       0x24 debug\s3eMATSDK.os
                0x000048bc                MATSetAppAdTracking
 .text.MATSetDelegate
                0x000048e0       0x24 debug\s3eMATSDK.os
                0x000048e0                MATSetDelegate
 .text.MATSetDebugMode
                0x00004904       0x24 debug\s3eMATSDK.os
                0x00004904                MATSetDebugMode
 .text.MATSetEventAttribute1
                0x00004928       0x1c debug\s3eMATSDK.os
                0x00004928                MATSetEventAttribute1
 .text.MATSetEventAttribute2
                0x00004944       0x1c debug\s3eMATSDK.os
                0x00004944                MATSetEventAttribute2
 .text.MATSetEventAttribute3
                0x00004960       0x1c debug\s3eMATSDK.os
                0x00004960                MATSetEventAttribute3
 .text.MATSetEventAttribute4
                0x0000497c       0x1c debug\s3eMATSDK.os
                0x0000497c                MATSetEventAttribute4
 .text.MATSetEventAttribute5
                0x00004998       0x1c debug\s3eMATSDK.os
                0x00004998                MATSetEventAttribute5
 .text.MATSetEventContentType
                0x000049b4       0x1c debug\s3eMATSDK.os
                0x000049b4                MATSetEventContentType
 .text.MATSetEventContentId
                0x000049d0       0x1c debug\s3eMATSDK.os
                0x000049d0                MATSetEventContentId
 .text.MATSetEventLevel
                0x000049ec       0x1c debug\s3eMATSDK.os
                0x000049ec                MATSetEventLevel
 .text.MATSetEventQuantity
                0x00004a08       0x1c debug\s3eMATSDK.os
                0x00004a08                MATSetEventQuantity
 .text.MATSetEventSearchString
                0x00004a24       0x1c debug\s3eMATSDK.os
                0x00004a24                MATSetEventSearchString
 .text.MATSetEventRating
                0x00004a40       0x1c debug\s3eMATSDK.os
                0x00004a40                MATSetEventRating
 .text.MATSetEventDate1
                0x00004a5c       0x1c debug\s3eMATSDK.os
                0x00004a5c                MATSetEventDate1
 .text.MATSetEventDate2
                0x00004a78       0x1c debug\s3eMATSDK.os
                0x00004a78                MATSetEventDate2
 .text.MATSetExistingUser
                0x00004a94       0x24 debug\s3eMATSDK.os
                0x00004a94                MATSetExistingUser
 .text.MATSetFacebookEventLogging
                0x00004ab8       0x34 debug\s3eMATSDK.os
                0x00004ab8                MATSetFacebookEventLogging
 .text.MATSetPayingUser
                0x00004aec       0x24 debug\s3eMATSDK.os
                0x00004aec                MATSetPayingUser
 .text.MATSetAllowDuplicates
                0x00004b10       0x24 debug\s3eMATSDK.os
                0x00004b10                MATSetAllowDuplicates
 .text.MATSetShouldAutoDetectJailbroken
                0x00004b34       0x24 debug\s3eMATSDK.os
                0x00004b34                MATSetShouldAutoDetectJailbroken
 .text.MATSetShouldAutoGenerateAppleVendorIdentifier
                0x00004b58       0x24 debug\s3eMATSDK.os
                0x00004b58                MATSetShouldAutoGenerateAppleVendorIdentifier
 .text.MATSetUseCookieTracking
                0x00004b7c       0x24 debug\s3eMATSDK.os
                0x00004b7c                MATSetUseCookieTracking
 .text.MATSetRedirectUrl
                0x00004ba0       0x1c debug\s3eMATSDK.os
                0x00004ba0                MATSetRedirectUrl
 .text.MATSetAppleAdvertisingIdentifier
                0x00004bbc       0x2c debug\s3eMATSDK.os
                0x00004bbc                MATSetAppleAdvertisingIdentifier
 .text.MATSetAppleVendorIdentifier
                0x00004be8       0x1c debug\s3eMATSDK.os
                0x00004be8                MATSetAppleVendorIdentifier
 .text.MATSetAge
                0x00004c04       0x1c debug\s3eMATSDK.os
                0x00004c04                MATSetAge
 .text.MATSetGender
                0x00004c20       0x1c debug\s3eMATSDK.os
                0x00004c20                MATSetGender
 .text.MATSetLocation
                0x00004c3c       0x24 debug\s3eMATSDK.os
                0x00004c3c                MATSetLocation
 .text.MATSetLocationWithAltitude
                0x00004c60       0x2c debug\s3eMATSDK.os
                0x00004c60                MATSetLocationWithAltitude
 .text.MATGetIsPayingUser
                0x00004c8c       0x14 debug\s3eMATSDK.os
                0x00004c8c                MATGetIsPayingUser
 .text.MATGetMatId
                0x00004ca0       0x14 debug\s3eMATSDK.os
                0x00004ca0                MATGetMatId
 .text.MATGetOpenLogId
                0x00004cb4       0x14 debug\s3eMATSDK.os
                0x00004cb4                MATGetOpenLogId
 .text._ZL29MATStartMobileAppTracker_wrapPKcS0_
                0x00004cc8       0xa0 debug\s3eMATSDK_register.os
 .text._ZL32MATCheckForDeferredDeeplink_wrapPKcPFiPvS1_E
                0x00004d68       0xa0 debug\s3eMATSDK_register.os
 .text._ZL22MATMeasureSession_wrapv
                0x00004e08       0x88 debug\s3eMATSDK_register.os
 .text._ZL21MATMeasureAction_wrapPKc
                0x00004e90       0x98 debug\s3eMATSDK_register.os
 .text._ZL36MATMeasureActionWithReferenceId_wrapPKcS0_
                0x00004f28       0xa0 debug\s3eMATSDK_register.os
 .text._ZL32MATMeasureActionWithRevenue_wrapPKcS0_S0_S0_
                0x00004fc8       0xb8 debug\s3eMATSDK_register.os
 .text._ZL30MATMeasureActionWithItems_wrapPKcPK8MATArrayS0_S0_S0_hS0_S0_
                0x00005080       0xd8 debug\s3eMATSDK_register.os
 .text._ZL22MATSetPackageName_wrapPKc
                0x00005158       0x98 debug\s3eMATSDK_register.os
 .text._ZL23MATSetCurrencyCode_wrapPKc
                0x000051f0       0x98 debug\s3eMATSDK_register.os
 .text._ZL20MATSetUserEmail_wrapPKc
                0x00005288       0x98 debug\s3eMATSDK_register.os
 .text._ZL17MATSetUserId_wrapPKc
                0x00005320       0x98 debug\s3eMATSDK_register.os
 .text._ZL19MATSetUserName_wrapPKc
                0x000053b8       0x98 debug\s3eMATSDK_register.os
 .text._ZL25MATSetFacebookUserId_wrapPKc
                0x00005450       0x98 debug\s3eMATSDK_register.os
 .text._ZL24MATSetTwitterUserId_wrapPKc
                0x000054e8       0x98 debug\s3eMATSDK_register.os
 .text._ZL23MATSetGoogleUserId_wrapPKc
                0x00005580       0x98 debug\s3eMATSDK_register.os
 .text._ZL30MATSetGoogleAdvertisingId_wrapPKcb
                0x00005618       0xa4 debug\s3eMATSDK_register.os
 .text._ZL17MATSetSiteId_wrapPKc
                0x000056bc       0x98 debug\s3eMATSDK_register.os
 .text._ZL19MATSetTRUSTeId_wrapPKc
                0x00005754       0x98 debug\s3eMATSDK_register.os
 .text._ZL24MATSetAppAdTracking_wrapb
                0x000057ec       0xa0 debug\s3eMATSDK_register.os
 .text._ZL19MATSetDelegate_wrapb
                0x0000588c       0xa0 debug\s3eMATSDK_register.os
 .text._ZL26MATSetEventAttribute1_wrapPKc
                0x0000592c       0x98 debug\s3eMATSDK_register.os
 .text._ZL26MATSetEventAttribute2_wrapPKc
                0x000059c4       0x98 debug\s3eMATSDK_register.os
 .text._ZL26MATSetEventAttribute3_wrapPKc
                0x00005a5c       0x98 debug\s3eMATSDK_register.os
 .text._ZL26MATSetEventAttribute4_wrapPKc
                0x00005af4       0x98 debug\s3eMATSDK_register.os
 .text._ZL26MATSetEventAttribute5_wrapPKc
                0x00005b8c       0x98 debug\s3eMATSDK_register.os
 .text._ZL27MATSetEventContentType_wrapPKc
                0x00005c24       0x98 debug\s3eMATSDK_register.os
 .text._ZL25MATSetEventContentId_wrapPKc
                0x00005cbc       0x98 debug\s3eMATSDK_register.os
 .text._ZL21MATSetEventLevel_wrapi
                0x00005d54       0x98 debug\s3eMATSDK_register.os
 .text._ZL24MATSetEventQuantity_wrapi
                0x00005dec       0x98 debug\s3eMATSDK_register.os
 .text._ZL28MATSetEventSearchString_wrapPKc
                0x00005e84       0x98 debug\s3eMATSDK_register.os
 .text._ZL22MATSetEventRating_wrapPKc
                0x00005f1c       0x98 debug\s3eMATSDK_register.os
 .text._ZL21MATSetEventDate1_wrapPKc
                0x00005fb4       0x98 debug\s3eMATSDK_register.os
 .text._ZL21MATSetEventDate2_wrapPKc
                0x0000604c       0x98 debug\s3eMATSDK_register.os
 .text._ZL23MATSetExistingUser_wrapb
                0x000060e4       0xa0 debug\s3eMATSDK_register.os
 .text._ZL31MATSetFacebookEventLogging_wrapbb
                0x00006184       0xa8 debug\s3eMATSDK_register.os
 .text._ZL21MATSetPayingUser_wrapb
                0x0000622c       0xa0 debug\s3eMATSDK_register.os
 .text._ZL21MATSetJailbroken_wrapb
                0x000062cc       0xa0 debug\s3eMATSDK_register.os
 .text._ZL37MATSetShouldAutoDetectJailbroken_wrapb
                0x0000636c       0xa0 debug\s3eMATSDK_register.os
 .text._ZL28MATSetUseCookieTracking_wrapb
                0x0000640c       0xa0 debug\s3eMATSDK_register.os
 .text._ZL14MATSetAge_wrapi
                0x000064ac       0x98 debug\s3eMATSDK_register.os
 .text._ZL17MATSetGender_wrapi
                0x00006544       0x98 debug\s3eMATSDK_register.os
 .text._ZL19MATSetLocation_wrapPKcS0_
                0x000065dc       0xa0 debug\s3eMATSDK_register.os
 .text._ZL31MATSetLocationWithAltitude_wrapPKcS0_S0_
                0x0000667c       0xac debug\s3eMATSDK_register.os
 .text._ZL23MATGetIsPayingUser_wrapv
                0x00006728       0xa0 debug\s3eMATSDK_register.os
 .text._ZL16MATGetMatId_wrapv
                0x000067c8       0x90 debug\s3eMATSDK_register.os
 .text._ZL20MATGetOpenLogId_wrapv
                0x00006858       0x90 debug\s3eMATSDK_register.os
 .text._ZL29MATStartAppToAppTracking_wrapPKcS0_S0_S0_b
                0x000068e8       0xc0 debug\s3eMATSDK_register.os
 .text._ZL22MATSetRedirectUrl_wrapPKc
                0x000069a8       0x98 debug\s3eMATSDK_register.os
 .text._ZL37MATSetAppleAdvertisingIdentifier_wrapPKcb
                0x00006a40       0xa4 debug\s3eMATSDK_register.os
 .text._ZL32MATSetAppleVendorIdentifier_wrapPKc
                0x00006ae4       0x98 debug\s3eMATSDK_register.os
 .text._ZL50MATSetShouldAutoGenerateAppleVendorIdentifier_wrapb
                0x00006b7c       0xa0 debug\s3eMATSDK_register.os
 .text._ZL20MATSetDebugMode_wrapb
                0x00006c1c       0xa0 debug\s3eMATSDK_register.os
 .text._ZL26MATSetAllowDuplicates_wrapb
                0x00006cbc       0xa0 debug\s3eMATSDK_register.os
 .text._Z20s3eMATSDKRegisterExtv
                0x00006d5c      0x3d0 debug\s3eMATSDK_register.os
                0x00006d5c                s3eMATSDKRegisterExt()
 .text.RegisterExt
                0x0000712c        0xc debug\s3eMATSDK_register.os
                0x0000712c                RegisterExt
 .text.IwDebugTraceIsChannelOn
                0x00007138      0x27c C:\marmalade\7.4\s3e\edk\lib\android/libedk.a(IwDebug.o)
                0x00007138                IwDebugTraceIsChannelOn
 .text.IwDebugTraceSetTraceChannel
                0x000073b4       0x1c C:\marmalade\7.4\s3e\edk\lib\android/libedk.a(IwDebug.o)
                0x000073b4                IwDebugTraceSetTraceChannel
 .text.IwDebugTraceLineVPrintf
                0x000073d0       0xfc C:\marmalade\7.4\s3e\edk\lib\android/libedk.a(IwDebug.o)
                0x000073d0                IwDebugTraceLineVPrintf
 .text.IwDebugTraceLinePrintf
                0x000074cc       0x30 C:\marmalade\7.4\s3e\edk\lib\android/libedk.a(IwDebug.o)
                0x000074cc                IwDebugTraceLinePrintf
 .text.s3eEdkThreadRunOnOS
                0x000074fc       0x30 C:\marmalade\7.4\s3e\edk\lib\android/libedk.a(edk_helpers.o)
                0x000074fc                s3eEdkThreadRunOnOS
 .text          0x0000752c      0x3b8 c:/android-ndk-r9d/toolchains/arm-linux-androideabi-4.8/prebuilt/windows-x86_64/bin/../lib/gcc/arm-linux-androideabi/4.8/libgcc.a(_arm_addsubdf3.o)
                0x0000752c                __aeabi_drsub
                0x00007534                __subdf3
                0x00007534                __aeabi_dsub
                0x00007538                __adddf3
                0x00007538                __aeabi_dadd
                0x000077e4                __floatunsidf
                0x000077e4                __aeabi_ui2d
                0x00007808                __floatsidf
                0x00007808                __aeabi_i2d
                0x00007830                __extendsfdf2
                0x00007830                __aeabi_f2d
                0x00007870                __floatundidf
                0x00007870                __aeabi_ul2d
                0x00007884                __floatdidf
                0x00007884                __aeabi_l2d
 .text          0x000078e4       0x5c c:/android-ndk-r9d/toolchains/arm-linux-androideabi-4.8/prebuilt/windows-x86_64/bin/../lib/gcc/arm-linux-androideabi/4.8/libgcc.a(_arm_fixdfsi.o)
                0x000078e4                __fixdfsi
                0x000078e4                __aeabi_d2iz
 .text          0x00007940       0xa0 c:/android-ndk-r9d/toolchains/arm-linux-androideabi-4.8/prebuilt/windows-x86_64/bin/../lib/gcc/arm-linux-androideabi/4.8/libgcc.a(_arm_truncdfsf2.o)
                0x00007940                __truncdfsf2
                0x00007940                __aeabi_d2f
 .text          0x000079e0       0x44 c:/android-ndk-r9d/toolchains/arm-linux-androideabi-4.8/prebuilt/windows-x86_64/bin/../lib/gcc/arm-linux-androideabi/4.8/libgcc.a(_aeabi_ldivmod.o)
                0x000079e0                __aeabi_ldivmod
 .text          0x00007a24       0x10 c:/android-ndk-r9d/toolchains/arm-linux-androideabi-4.8/prebuilt/windows-x86_64/bin/../lib/gcc/arm-linux-androideabi/4.8/libgcc.a(_dvmd_lnx.o)
                0x00007a24                __aeabi_idiv0
                0x00007a24                __aeabi_ldiv0
 .text          0x00007a34       0x78 c:/android-ndk-r9d/toolchains/arm-linux-androideabi-4.8/prebuilt/windows-x86_64/bin/../lib/gcc/arm-linux-androideabi/4.8/libgcc.a(bpabi.o)
                0x00007a34                __gnu_ldivmod_helper
                0x00007a70                __gnu_uldivmod_helper
 .text          0x00007aac      0xf20 c:/android-ndk-r9d/toolchains/arm-linux-androideabi-4.8/prebuilt/windows-x86_64/bin/../lib/gcc/arm-linux-androideabi/4.8/libgcc.a(unwind-arm.o)
                0x0000865c                __aeabi_unwind_cpp_pr0
                0x00008664                __aeabi_unwind_cpp_pr1
                0x0000866c                __aeabi_unwind_cpp_pr2
                0x00007ef0                _Unwind_GetCFA
                0x00007ef8                __gnu_Unwind_RaiseException
                0x00007f9c                __gnu_Unwind_ForcedUnwind
                0x00007fb8                __gnu_Unwind_Resume
                0x0000802c                __gnu_Unwind_Resume_or_Rethrow
                0x0000804c                _Unwind_Complete
                0x00008050                _Unwind_DeleteException
                0x00008070                _Unwind_VRS_Get
                0x000080f4                _Unwind_VRS_Set
                0x0000817c                __gnu_Unwind_Backtrace
                0x00008674                _Unwind_VRS_Pop
 .text          0x000089cc      0x1a8 c:/android-ndk-r9d/toolchains/arm-linux-androideabi-4.8/prebuilt/windows-x86_64/bin/../lib/gcc/arm-linux-androideabi/4.8/libgcc.a(libunwind.o)
                0x000089cc                __restore_core_regs
                0x000089cc                restore_core_regs
                0x000089e0                __gnu_Unwind_Restore_VFP
                0x000089e8                __gnu_Unwind_Save_VFP
                0x000089f0                __gnu_Unwind_Restore_VFP_D
                0x000089f8                __gnu_Unwind_Save_VFP_D
                0x00008a00                __gnu_Unwind_Restore_VFP_D_16_to_31
                0x00008a08                __gnu_Unwind_Save_VFP_D_16_to_31
                0x00008a10                __gnu_Unwind_Restore_WMMXD
                0x00008a54                __gnu_Unwind_Save_WMMXD
                0x00008a98                __gnu_Unwind_Restore_WMMXC
                0x00008aac                __gnu_Unwind_Save_WMMXC
                0x00008ac0                ___Unwind_RaiseException
                0x00008ac0                _Unwind_RaiseException
                0x00008ae4                ___Unwind_Resume
                0x00008ae4                _Unwind_Resume
                0x00008b08                ___Unwind_Resume_or_Rethrow
                0x00008b08                _Unwind_Resume_or_Rethrow
                0x00008b2c                ___Unwind_ForcedUnwind
                0x00008b2c                _Unwind_ForcedUnwind
                0x00008b50                ___Unwind_Backtrace
                0x00008b50                _Unwind_Backtrace
 .text          0x00008b74      0x484 c:/android-ndk-r9d/toolchains/arm-linux-androideabi-4.8/prebuilt/windows-x86_64/bin/../lib/gcc/arm-linux-androideabi/4.8/libgcc.a(pr-support.o)
                0x00008c00                __gnu_unwind_execute
                0x00008f7c                __gnu_unwind_frame
                0x00008fbc                _Unwind_GetRegionStart
                0x00008fcc                _Unwind_GetLanguageSpecificData
                0x00008fe8                _Unwind_GetDataRelBase
                0x00008ff0                _Unwind_GetTextRelBase
 .text          0x00008ff8      0x498 c:/android-ndk-r9d/toolchains/arm-linux-androideabi-4.8/prebuilt/windows-x86_64/bin/../lib/gcc/arm-linux-androideabi/4.8/libgcc.a(_divdi3.o)
                0x00008ff8                __divdi3
 .text          0x00009490      0x404 c:/android-ndk-r9d/toolchains/arm-linux-androideabi-4.8/prebuilt/windows-x86_64/bin/../lib/gcc/arm-linux-androideabi/4.8/libgcc.a(_udivdi3.o)
                0x00009490                __udivdi3
 .text          0xffffffffffffffff       0xc8 c:/android-ndk-r9d/toolchains/arm-linux-androideabi-4.8/prebuilt/windows-x86_64/bin/../lib/gcc/arm-linux-androideabi/4.8/libgcc.a(_udivsi3.o)
                0x00009894                __udivsi3
                0x00009894                __aeabi_uidiv
                0x0000993c                __aeabi_uidivmod

.rodata         0x0000995c     0x147a
 .rodata        0x0000995c      0x690 debug\s3eMATSDK_platform.os
 .rodata        0x00009fec      0xcd0 debug\s3eMATSDK_register.os
 ** merge strings
                0x0000acbc      0x11a

.ARM.extab      0x0000add8       0x48
 .ARM.extab     0x0000add8        0xc c:/android-ndk-r9d/toolchains/arm-linux-androideabi-4.8/prebuilt/windows-x86_64/bin/../lib/gcc/arm-linux-androideabi/4.8/libgcc.a(_dvmd_lnx.o)
 .ARM.extab     0x0000ade4        0xc c:/android-ndk-r9d/toolchains/arm-linux-androideabi-4.8/prebuilt/windows-x86_64/bin/../lib/gcc/arm-linux-androideabi/4.8/libgcc.a(unwind-arm.o)
 .ARM.extab     0x0000adf0       0x30 c:/android-ndk-r9d/toolchains/arm-linux-androideabi-4.8/prebuilt/windows-x86_64/bin/../lib/gcc/arm-linux-androideabi/4.8/libgcc.a(pr-support.o)

.ARM.exidx      0x0000ae20      0x128
 .ARM.exidx     0x0000ae20        0x8 c:/android-ndk-r9d/toolchains/arm-linux-androideabi-4.8/prebuilt/windows-x86_64/bin/../lib/gcc/arm-linux-androideabi/4.8/libgcc.a(_dvmd_lnx.o)
 .ARM.exidx     0xffffffffffffffff       0x10 c:/android-ndk-r9d/toolchains/arm-linux-androideabi-4.8/prebuilt/windows-x86_64/bin/../lib/gcc/arm-linux-androideabi/4.8/libgcc.a(bpabi.o)
 .ARM.exidx     0xffffffffffffffff       0xd8 c:/android-ndk-r9d/toolchains/arm-linux-androideabi-4.8/prebuilt/windows-x86_64/bin/../lib/gcc/arm-linux-androideabi/4.8/libgcc.a(unwind-arm.o)
 ** ARM cantunwind
                0x0000aee0        0x8
 .ARM.exidx     0x0000aee8       0x48 c:/android-ndk-r9d/toolchains/arm-linux-androideabi-4.8/prebuilt/windows-x86_64/bin/../lib/gcc/arm-linux-androideabi/4.8/libgcc.a(pr-support.o)
 .ARM.exidx     0x0000af30        0x8 c:/android-ndk-r9d/toolchains/arm-linux-androideabi-4.8/prebuilt/windows-x86_64/bin/../lib/gcc/arm-linux-androideabi/4.8/libgcc.a(_divdi3.o)
 .ARM.exidx     0x0000af38        0x8 c:/android-ndk-r9d/toolchains/arm-linux-androideabi-4.8/prebuilt/windows-x86_64/bin/../lib/gcc/arm-linux-androideabi/4.8/libgcc.a(_udivdi3.o)
 ** ARM cantunwind
                0x0000af40        0x8

.fini_array     0x0000cdb8        0x8
 .fini_array    0x0000cdb8        0x4 C:/android-ndk-r9d/platforms/android-14/arch-arm/usr/lib/crtbegin_so.o
 .fini_array    0x0000cdbc        0x4 C:/android-ndk-r9d/platforms/android-14/arch-arm/usr/lib/crtend_so.o

.init_array     0x0000cdc0        0x8
 .init_array    0x0000cdc0        0x4 C:\marmalade\7.4\s3e\edk\lib\android/libedk.a(IwDebug.o)
 .init_array    0x0000cdc4        0x4 C:/android-ndk-r9d/platforms/android-14/arch-arm/usr/lib/crtend_so.o

.dynamic        0x0000cdc8       0xe0
 ** dynamic     0x0000cdc8       0xe0

.got            0x0000cea8      0x158
 ** GOT         0x0000cea8       0xf8
 ** GOT PLT     0x0000cfa0       0x60

.data           0x0000d000        0x4
 .data          0x0000d000        0x4 C:/android-ndk-r9d/platforms/android-14/arch-arm/usr/lib/crtbegin_so.o
                0x0000d000                __dso_handle

.bss            0x0000d004     0x1ad8
 .bss           0x0000d004       0xb0 debug\s3eMATSDK_platform.os
 .bss           0x0000d0b4     0x1a28 C:\marmalade\7.4\s3e\edk\lib\android/libedk.a(IwDebug.o)
                0x0000d0b4                g_DebugGlobals
